
> 100px@0.1.0 build /Users/shamika/Documents/100px
> next build

 ⚠ Warning: Next.js inferred your workspace root, but it may not be correct.
 We detected multiple lockfiles and selected the directory of /Users/shamika/package-lock.json as the root directory.
 To silence this warning, set `turbopack.root` in your Next.js config, or consider removing one of the lockfiles if it's not needed.
   See https://nextjs.org/docs/app/api-reference/config/next-config-js/turbopack#root-directory for more information.
 Detected additional lockfiles: 
   * /Users/shamika/Documents/100px/pnpm-lock.yaml

   ▲ Next.js 16.0.1 (Turbopack)
   - Environments: .env.local

   Creating an optimized production build ...
 ✓ Compiled successfully in 2.2s
   Running TypeScript ...
   Collecting page data ...
Fetching WordPress additional services from: https://website.100px.lk//wp-json/wp/v2/additional-service?per_page=100
Fetching WordPress posts from: https://website.100px.lk//wp-json/wp/v2/posts?per_page=100&_embed=true
Fetching WordPress additional services from: https://website.100px.lk//wp-json/wp/v2/additional-service?per_page=100
Successfully fetched 2 additional services from WordPress
Successfully fetched 2 additional services from WordPress
Fetching WordPress services from: https://website.100px.lk//wp-json/wp/v2/service?per_page=100
Successfully fetched 8 services from WordPress
Successfully fetched 1 posts from WordPress
   Generating static pages (0/22) ...
Fetching WordPress header from: https://website.100px.lk//wp-json/wp/v2/header?slug=header
Fetching WordPress footer from: https://website.100px.lk//wp-json/wp/v2/footer?slug=footer
 ⚠ Unsupported metadata viewport is configured in metadata export in /_not-found. Please move it to viewport export instead.
Read more: https://nextjs.org/docs/app/api-reference/functions/generate-viewport
Fetching WordPress header from: https://website.100px.lk//wp-json/wp/v2/header?slug=header
Fetching WordPress footer from: https://website.100px.lk//wp-json/wp/v2/footer?slug=footer
Fetching WordPress gallery page from: https://website.100px.lk//wp-json/wp/v2/pages?slug=gallery
 ⚠ Unsupported metadata viewport is configured in metadata export in /gallery. Please move it to viewport export instead.
Read more: https://nextjs.org/docs/app/api-reference/functions/generate-viewport
Fetching WordPress header from: https://website.100px.lk//wp-json/wp/v2/header?slug=header
Fetching WordPress footer from: https://website.100px.lk//wp-json/wp/v2/footer?slug=footer
Fetching WordPress contact page from: https://website.100px.lk//wp-json/wp/v2/pages?slug=contact-us
 ⚠ Unsupported metadata viewport is configured in metadata export in /contact-us. Please move it to viewport export instead.
Read more: https://nextjs.org/docs/app/api-reference/functions/generate-viewport
Fetching WordPress header from: https://website.100px.lk//wp-json/wp/v2/header?slug=header
Fetching WordPress footer from: https://website.100px.lk//wp-json/wp/v2/footer?slug=footer
Fetching WordPress additional service from: https://website.100px.lk//wp-json/wp/v2/additional-service?slug=clothing-brand-shoots
Fetching WordPress additional service from: https://website.100px.lk//wp-json/wp/v2/additional-service?slug=clothing-brand-shoots
Fetching WordPress header from: https://website.100px.lk//wp-json/wp/v2/header?slug=header
Fetching WordPress footer from: https://website.100px.lk//wp-json/wp/v2/footer?slug=footer
Fetching WordPress additional service from: https://website.100px.lk//wp-json/wp/v2/additional-service?slug=corporate-business-shoots
Fetching WordPress additional service from: https://website.100px.lk//wp-json/wp/v2/additional-service?slug=corporate-business-shoots
Fetching WordPress header from: https://website.100px.lk//wp-json/wp/v2/header?slug=header
Fetching WordPress footer from: https://website.100px.lk//wp-json/wp/v2/footer?slug=footer
Fetching WordPress page from: https://website.100px.lk//wp-json/wp/v2/pages?slug=home
Fetching WordPress why-us from: https://website.100px.lk//wp-json/wp/v2/why-us?slug=why-choose
Fetching WordPress FAQ from: https://website.100px.lk//wp-json/wp/v2/faq?slug=faq
 ⚠ Unsupported metadata viewport is configured in metadata export in /. Please move it to viewport export instead.
Read more: https://nextjs.org/docs/app/api-reference/functions/generate-viewport
Header API Response: [
  {
    "id": 29,
    "date": "2025-11-05T19:39:00",
    "date_gmt": "2025-11-05T19:39:00",
    "guid": {
      "rendered": "https://website.100px.lk/?post_type=header&#038;p=29"
    },
    "modified": "2025-11-06T22:45:40",
    "modified_gmt": "2025-11-06T22:45:40",
    "slug": "header",
    "status": "publish",
    "type": "header",
    "link": "https://website.100px.lk/header/header/",
    "title": {
      "rendered": "header"
    },
    "content": {
      "rendered": "",
      "protected": false
    },
    "featured_media": 0,
    "template": "",
    "meta": {
      "_acf_changed": true
    },
    "class_list": [
      "post-29",
      "header",
      "type-header",
      "status-publish",
      "hentry"
    ],
    "acf": {
      "logo": {
        "ID": 30,
        "id": 30,
        "title": "Untitled design (1)",
        "filename": "Untitled-design-1-e1762371470578.png",
        "filesize": 218510,
        "url": "https://website.100px.lk/wp-content/uploads/2025/11/Untitled-design-1-e1762371470578.png",
        "link": "https://website.100px.lk/header/header/untitled-design-1/",
        "alt": "",
        "author": "1",
        "description": "",
        "caption": "",
        "name": "untitled-design-1",
        "status": "inherit",
        "uploaded_to": 29,
        "date": "2025-11-05 19:37:09",
        "modified": "2025-11-05 19:37:09",
        "menu_order": 0,
        "mime_type": "image/png",
        "type": "image",
        "subtype": "png",
        "icon": "https://website.100px.lk/wp-includes/images/media/default.png",
        "width": 1928,
        "height": 736,
        "sizes": {
          "thumbnail": "https://website.100px.lk/wp-content/uploads/2025/11/Untitled-design-1-e1762371470578-150x150.png",
          "thumbnail-width": 150,
          "thumbnail-height": 150,
          "medium": "https://website.100px.lk/wp-content/uploads/2025/11/Untitled-design-1-e1762371470578-300x115.png",
          "medium-width": 300,
          "medium-height": 115,
          "medium_large": "https://website.100px.lk/wp-content/uploads/2025/11/Untitled-design-1-e1762371470578-768x293.png",
          "medium_large-width": 768,
          "medium_large-height": 293,
          "large": "https://website.100px.lk/wp-content/uploads/2025/11/Untitled-design-1-e1762371470578-1024x391.png",
          "large-width": 1024,
          "large-height": 391,
          "1536x1536": "https://website.100px.lk/wp-content/uploads/2025/11/Untitled-design-1-e1762371470578-1536x586.png",
          "1536x1536-width": 1536,
          "1536x1536-height": 586,
          "2048x2048": "https://website.100px.lk/wp-content/uploads/2025/11/Untitled-design-1-2048x2048.png",
          "2048x2048-width": 2048,
          "2048x2048-height": 2048
        }
      },
      "menu_items": [
        {
          "acf_fc_layout": "menu_list",
          "menu_item_name": "Home",
          "menu_item_link": {
            "title": "home",
            "url": "https://website.100px.lk/home/",
            "target": ""
          }
        },
        {
          "acf_fc_layout": "menu_list",
          "menu_item_name": "Services",
          "menu_item_link": {
            "title": "Services",
            "url": "https://website.100px.lk/services/",
            "target": ""
          }
        },
        {
          "acf_fc_layout": "menu_list",
          "menu_item_name": "Gallery",
          "menu_item_link": {
            "title": "Gallery",
            "url": "https://website.100px.lk/gallery/",
            "target": ""
          }
        },
        {
          "acf_fc_layout": "menu_list",
          "menu_item_name": "Contact Us",
          "menu_item_link": {
            "title": "Contact Us",
            "url": "https://website.100px.lk/contact-us/",
            "target": ""
          }
        }
      ],
      "quick_button_text": "Book Your Session",
      "quick_button_link": {
        "title": "",
        "url": "https://calendyo.com/100px/",
        "target": "_blank"
      }
    },
    "_links": {
      "self": [
        {
          "href": "https://website.100px.lk/wp-json/wp/v2/header/29",
          "targetHints": {
            "allow": [
              "GET"
            ]
          }
        }
      ],
      "collection": [
        {
          "href": "https://website.100px.lk/wp-json/wp/v2/header"
        }
      ],
      "about": [
        {
          "href": "https://website.100px.lk/wp-json/wp/v2/types/header"
        }
      ],
      "wp:attachment": [
        {
          "href": "https://website.100px.lk/wp-json/wp/v2/media?parent=29"
        }
      ],
      "curies": [
        {
          "name": "wp",
          "href": "https://api.w.org/{rel}",
          "templated": true
        }
      ]
    }
  }
]
Parsed Header: {
  id: 29,
  hasACF: true,
  logoUrl: 'https://website.100px.lk/wp-content/uploads/2025/11/Untitled-design-1-e1762371470578.png',
  menuItemsCount: 4,
  buttonText: 'Book Your Session'
}
Header API Response: [
  {
    "id": 29,
    "date": "2025-11-05T19:39:00",
    "date_gmt": "2025-11-05T19:39:00",
    "guid": {
      "rendered": "https://website.100px.lk/?post_type=header&#038;p=29"
    },
    "modified": "2025-11-06T22:45:40",
    "modified_gmt": "2025-11-06T22:45:40",
    "slug": "header",
    "status": "publish",
    "type": "header",
    "link": "https://website.100px.lk/header/header/",
    "title": {
      "rendered": "header"
    },
    "content": {
      "rendered": "",
      "protected": false
    },
    "featured_media": 0,
    "template": "",
    "meta": {
      "_acf_changed": true
    },
    "class_list": [
      "post-29",
      "header",
      "type-header",
      "status-publish",
      "hentry"
    ],
    "acf": {
      "logo": {
        "ID": 30,
        "id": 30,
        "title": "Untitled design (1)",
        "filename": "Untitled-design-1-e1762371470578.png",
        "filesize": 218510,
        "url": "https://website.100px.lk/wp-content/uploads/2025/11/Untitled-design-1-e1762371470578.png",
        "link": "https://website.100px.lk/header/header/untitled-design-1/",
        "alt": "",
        "author": "1",
        "description": "",
        "caption": "",
        "name": "untitled-design-1",
        "status": "inherit",
        "uploaded_to": 29,
        "date": "2025-11-05 19:37:09",
        "modified": "2025-11-05 19:37:09",
        "menu_order": 0,
        "mime_type": "image/png",
        "type": "image",
        "subtype": "png",
        "icon": "https://website.100px.lk/wp-includes/images/media/default.png",
        "width": 1928,
        "height": 736,
        "sizes": {
          "thumbnail": "https://website.100px.lk/wp-content/uploads/2025/11/Untitled-design-1-e1762371470578-150x150.png",
          "thumbnail-width": 150,
          "thumbnail-height": 150,
          "medium": "https://website.100px.lk/wp-content/uploads/2025/11/Untitled-design-1-e1762371470578-300x115.png",
          "medium-width": 300,
          "medium-height": 115,
          "medium_large": "https://website.100px.lk/wp-content/uploads/2025/11/Untitled-design-1-e1762371470578-768x293.png",
          "medium_large-width": 768,
          "medium_large-height": 293,
          "large": "https://website.100px.lk/wp-content/uploads/2025/11/Untitled-design-1-e1762371470578-1024x391.png",
          "large-width": 1024,
          "large-height": 391,
          "1536x1536": "https://website.100px.lk/wp-content/uploads/2025/11/Untitled-design-1-e1762371470578-1536x586.png",
          "1536x1536-width": 1536,
          "1536x1536-height": 586,
          "2048x2048": "https://website.100px.lk/wp-content/uploads/2025/11/Untitled-design-1-2048x2048.png",
          "2048x2048-width": 2048,
          "2048x2048-height": 2048
        }
      },
      "menu_items": [
        {
          "acf_fc_layout": "menu_list",
          "menu_item_name": "Home",
          "menu_item_link": {
            "title": "home",
            "url": "https://website.100px.lk/home/",
            "target": ""
          }
        },
        {
          "acf_fc_layout": "menu_list",
          "menu_item_name": "Services",
          "menu_item_link": {
            "title": "Services",
            "url": "https://website.100px.lk/services/",
            "target": ""
          }
        },
        {
          "acf_fc_layout": "menu_list",
          "menu_item_name": "Gallery",
          "menu_item_link": {
            "title": "Gallery",
            "url": "https://website.100px.lk/gallery/",
            "target": ""
          }
        },
        {
          "acf_fc_layout": "menu_list",
          "menu_item_name": "Contact Us",
          "menu_item_link": {
            "title": "Contact Us",
            "url": "https://website.100px.lk/contact-us/",
            "target": ""
          }
        }
      ],
      "quick_button_text": "Book Your Session",
      "quick_button_link": {
        "title": "",
        "url": "https://calendyo.com/100px/",
        "target": "_blank"
      }
    },
    "_links": {
      "self": [
        {
          "href": "https://website.100px.lk/wp-json/wp/v2/header/29",
          "targetHints": {
            "allow": [
              "GET"
            ]
          }
        }
      ],
      "collection": [
        {
          "href": "https://website.100px.lk/wp-json/wp/v2/header"
        }
      ],
      "about": [
        {
          "href": "https://website.100px.lk/wp-json/wp/v2/types/header"
        }
      ],
      "wp:attachment": [
        {
          "href": "https://website.100px.lk/wp-json/wp/v2/media?parent=29"
        }
      ],
      "curies": [
        {
          "name": "wp",
          "href": "https://api.w.org/{rel}",
          "templated": true
        }
      ]
    }
  }
]
Parsed Header: {
  id: 29,
  hasACF: true,
  logoUrl: 'https://website.100px.lk/wp-content/uploads/2025/11/Untitled-design-1-e1762371470578.png',
  menuItemsCount: 4,
  buttonText: 'Book Your Session'
}
Header API Response: [
  {
    "id": 29,
    "date": "2025-11-05T19:39:00",
    "date_gmt": "2025-11-05T19:39:00",
    "guid": {
      "rendered": "https://website.100px.lk/?post_type=header&#038;p=29"
    },
    "modified": "2025-11-06T22:45:40",
    "modified_gmt": "2025-11-06T22:45:40",
    "slug": "header",
    "status": "publish",
    "type": "header",
    "link": "https://website.100px.lk/header/header/",
    "title": {
      "rendered": "header"
    },
    "content": {
      "rendered": "",
      "protected": false
    },
    "featured_media": 0,
    "template": "",
    "meta": {
      "_acf_changed": true
    },
    "class_list": [
      "post-29",
      "header",
      "type-header",
      "status-publish",
      "hentry"
    ],
    "acf": {
      "logo": {
        "ID": 30,
        "id": 30,
        "title": "Untitled design (1)",
        "filename": "Untitled-design-1-e1762371470578.png",
        "filesize": 218510,
        "url": "https://website.100px.lk/wp-content/uploads/2025/11/Untitled-design-1-e1762371470578.png",
        "link": "https://website.100px.lk/header/header/untitled-design-1/",
        "alt": "",
        "author": "1",
        "description": "",
        "caption": "",
        "name": "untitled-design-1",
        "status": "inherit",
        "uploaded_to": 29,
        "date": "2025-11-05 19:37:09",
        "modified": "2025-11-05 19:37:09",
        "menu_order": 0,
        "mime_type": "image/png",
        "type": "image",
        "subtype": "png",
        "icon": "https://website.100px.lk/wp-includes/images/media/default.png",
        "width": 1928,
        "height": 736,
        "sizes": {
          "thumbnail": "https://website.100px.lk/wp-content/uploads/2025/11/Untitled-design-1-e1762371470578-150x150.png",
          "thumbnail-width": 150,
          "thumbnail-height": 150,
          "medium": "https://website.100px.lk/wp-content/uploads/2025/11/Untitled-design-1-e1762371470578-300x115.png",
          "medium-width": 300,
          "medium-height": 115,
          "medium_large": "https://website.100px.lk/wp-content/uploads/2025/11/Untitled-design-1-e1762371470578-768x293.png",
          "medium_large-width": 768,
          "medium_large-height": 293,
          "large": "https://website.100px.lk/wp-content/uploads/2025/11/Untitled-design-1-e1762371470578-1024x391.png",
          "large-width": 1024,
          "large-height": 391,
          "1536x1536": "https://website.100px.lk/wp-content/uploads/2025/11/Untitled-design-1-e1762371470578-1536x586.png",
          "1536x1536-width": 1536,
          "1536x1536-height": 586,
          "2048x2048": "https://website.100px.lk/wp-content/uploads/2025/11/Untitled-design-1-2048x2048.png",
          "2048x2048-width": 2048,
          "2048x2048-height": 2048
        }
      },
      "menu_items": [
        {
          "acf_fc_layout": "menu_list",
          "menu_item_name": "Home",
          "menu_item_link": {
            "title": "home",
            "url": "https://website.100px.lk/home/",
            "target": ""
          }
        },
        {
          "acf_fc_layout": "menu_list",
          "menu_item_name": "Services",
          "menu_item_link": {
            "title": "Services",
            "url": "https://website.100px.lk/services/",
            "target": ""
          }
        },
        {
          "acf_fc_layout": "menu_list",
          "menu_item_name": "Gallery",
          "menu_item_link": {
            "title": "Gallery",
            "url": "https://website.100px.lk/gallery/",
            "target": ""
          }
        },
        {
          "acf_fc_layout": "menu_list",
          "menu_item_name": "Contact Us",
          "menu_item_link": {
            "title": "Contact Us",
            "url": "https://website.100px.lk/contact-us/",
            "target": ""
          }
        }
      ],
      "quick_button_text": "Book Your Session",
      "quick_button_link": {
        "title": "",
        "url": "https://calendyo.com/100px/",
        "target": "_blank"
      }
    },
    "_links": {
      "self": [
        {
          "href": "https://website.100px.lk/wp-json/wp/v2/header/29",
          "targetHints": {
            "allow": [
              "GET"
            ]
          }
        }
      ],
      "collection": [
        {
          "href": "https://website.100px.lk/wp-json/wp/v2/header"
        }
      ],
      "about": [
        {
          "href": "https://website.100px.lk/wp-json/wp/v2/types/header"
        }
      ],
      "wp:attachment": [
        {
          "href": "https://website.100px.lk/wp-json/wp/v2/media?parent=29"
        }
      ],
      "curies": [
        {
          "name": "wp",
          "href": "https://api.w.org/{rel}",
          "templated": true
        }
      ]
    }
  }
]
Parsed Header: {
  id: 29,
  hasACF: true,
  logoUrl: 'https://website.100px.lk/wp-content/uploads/2025/11/Untitled-design-1-e1762371470578.png',
  menuItemsCount: 4,
  buttonText: 'Book Your Session'
}
Header API Response: [
  {
    "id": 29,
    "date": "2025-11-05T19:39:00",
    "date_gmt": "2025-11-05T19:39:00",
    "guid": {
      "rendered": "https://website.100px.lk/?post_type=header&#038;p=29"
    },
    "modified": "2025-11-06T22:45:40",
    "modified_gmt": "2025-11-06T22:45:40",
    "slug": "header",
    "status": "publish",
    "type": "header",
    "link": "https://website.100px.lk/header/header/",
    "title": {
      "rendered": "header"
    },
    "content": {
      "rendered": "",
      "protected": false
    },
    "featured_media": 0,
    "template": "",
    "meta": {
      "_acf_changed": true
    },
    "class_list": [
      "post-29",
      "header",
      "type-header",
      "status-publish",
      "hentry"
    ],
    "acf": {
      "logo": {
        "ID": 30,
        "id": 30,
        "title": "Untitled design (1)",
        "filename": "Untitled-design-1-e1762371470578.png",
        "filesize": 218510,
        "url": "https://website.100px.lk/wp-content/uploads/2025/11/Untitled-design-1-e1762371470578.png",
        "link": "https://website.100px.lk/header/header/untitled-design-1/",
        "alt": "",
        "author": "1",
        "description": "",
        "caption": "",
        "name": "untitled-design-1",
        "status": "inherit",
        "uploaded_to": 29,
        "date": "2025-11-05 19:37:09",
        "modified": "2025-11-05 19:37:09",
        "menu_order": 0,
        "mime_type": "image/png",
        "type": "image",
        "subtype": "png",
        "icon": "https://website.100px.lk/wp-includes/images/media/default.png",
        "width": 1928,
        "height": 736,
        "sizes": {
          "thumbnail": "https://website.100px.lk/wp-content/uploads/2025/11/Untitled-design-1-e1762371470578-150x150.png",
          "thumbnail-width": 150,
          "thumbnail-height": 150,
          "medium": "https://website.100px.lk/wp-content/uploads/2025/11/Untitled-design-1-e1762371470578-300x115.png",
          "medium-width": 300,
          "medium-height": 115,
          "medium_large": "https://website.100px.lk/wp-content/uploads/2025/11/Untitled-design-1-e1762371470578-768x293.png",
          "medium_large-width": 768,
          "medium_large-height": 293,
          "large": "https://website.100px.lk/wp-content/uploads/2025/11/Untitled-design-1-e1762371470578-1024x391.png",
          "large-width": 1024,
          "large-height": 391,
          "1536x1536": "https://website.100px.lk/wp-content/uploads/2025/11/Untitled-design-1-e1762371470578-1536x586.png",
          "1536x1536-width": 1536,
          "1536x1536-height": 586,
          "2048x2048": "https://website.100px.lk/wp-content/uploads/2025/11/Untitled-design-1-2048x2048.png",
          "2048x2048-width": 2048,
          "2048x2048-height": 2048
        }
      },
      "menu_items": [
        {
          "acf_fc_layout": "menu_list",
          "menu_item_name": "Home",
          "menu_item_link": {
            "title": "home",
            "url": "https://website.100px.lk/home/",
            "target": ""
          }
        },
        {
          "acf_fc_layout": "menu_list",
          "menu_item_name": "Services",
          "menu_item_link": {
            "title": "Services",
            "url": "https://website.100px.lk/services/",
            "target": ""
          }
        },
        {
          "acf_fc_layout": "menu_list",
          "menu_item_name": "Gallery",
          "menu_item_link": {
            "title": "Gallery",
            "url": "https://website.100px.lk/gallery/",
            "target": ""
          }
        },
        {
          "acf_fc_layout": "menu_list",
          "menu_item_name": "Contact Us",
          "menu_item_link": {
            "title": "Contact Us",
            "url": "https://website.100px.lk/contact-us/",
            "target": ""
          }
        }
      ],
      "quick_button_text": "Book Your Session",
      "quick_button_link": {
        "title": "",
        "url": "https://calendyo.com/100px/",
        "target": "_blank"
      }
    },
    "_links": {
      "self": [
        {
          "href": "https://website.100px.lk/wp-json/wp/v2/header/29",
          "targetHints": {
            "allow": [
              "GET"
            ]
          }
        }
      ],
      "collection": [
        {
          "href": "https://website.100px.lk/wp-json/wp/v2/header"
        }
      ],
      "about": [
        {
          "href": "https://website.100px.lk/wp-json/wp/v2/types/header"
        }
      ],
      "wp:attachment": [
        {
          "href": "https://website.100px.lk/wp-json/wp/v2/media?parent=29"
        }
      ],
      "curies": [
        {
          "name": "wp",
          "href": "https://api.w.org/{rel}",
          "templated": true
        }
      ]
    }
  }
]
Parsed Header: {
  id: 29,
  hasACF: true,
  logoUrl: 'https://website.100px.lk/wp-content/uploads/2025/11/Untitled-design-1-e1762371470578.png',
  menuItemsCount: 4,
  buttonText: 'Book Your Session'
}
Header API Response: [
  {
    "id": 29,
    "date": "2025-11-05T19:39:00",
    "date_gmt": "2025-11-05T19:39:00",
    "guid": {
      "rendered": "https://website.100px.lk/?post_type=header&#038;p=29"
    },
    "modified": "2025-11-06T22:45:40",
    "modified_gmt": "2025-11-06T22:45:40",
    "slug": "header",
    "status": "publish",
    "type": "header",
    "link": "https://website.100px.lk/header/header/",
    "title": {
      "rendered": "header"
    },
    "content": {
      "rendered": "",
      "protected": false
    },
    "featured_media": 0,
    "template": "",
    "meta": {
      "_acf_changed": true
    },
    "class_list": [
      "post-29",
      "header",
      "type-header",
      "status-publish",
      "hentry"
    ],
    "acf": {
      "logo": {
        "ID": 30,
        "id": 30,
        "title": "Untitled design (1)",
        "filename": "Untitled-design-1-e1762371470578.png",
        "filesize": 218510,
        "url": "https://website.100px.lk/wp-content/uploads/2025/11/Untitled-design-1-e1762371470578.png",
        "link": "https://website.100px.lk/header/header/untitled-design-1/",
        "alt": "",
        "author": "1",
        "description": "",
        "caption": "",
        "name": "untitled-design-1",
        "status": "inherit",
        "uploaded_to": 29,
        "date": "2025-11-05 19:37:09",
        "modified": "2025-11-05 19:37:09",
        "menu_order": 0,
        "mime_type": "image/png",
        "type": "image",
        "subtype": "png",
        "icon": "https://website.100px.lk/wp-includes/images/media/default.png",
        "width": 1928,
        "height": 736,
        "sizes": {
          "thumbnail": "https://website.100px.lk/wp-content/uploads/2025/11/Untitled-design-1-e1762371470578-150x150.png",
          "thumbnail-width": 150,
          "thumbnail-height": 150,
          "medium": "https://website.100px.lk/wp-content/uploads/2025/11/Untitled-design-1-e1762371470578-300x115.png",
          "medium-width": 300,
          "medium-height": 115,
          "medium_large": "https://website.100px.lk/wp-content/uploads/2025/11/Untitled-design-1-e1762371470578-768x293.png",
          "medium_large-width": 768,
          "medium_large-height": 293,
          "large": "https://website.100px.lk/wp-content/uploads/2025/11/Untitled-design-1-e1762371470578-1024x391.png",
          "large-width": 1024,
          "large-height": 391,
          "1536x1536": "https://website.100px.lk/wp-content/uploads/2025/11/Untitled-design-1-e1762371470578-1536x586.png",
          "1536x1536-width": 1536,
          "1536x1536-height": 586,
          "2048x2048": "https://website.100px.lk/wp-content/uploads/2025/11/Untitled-design-1-2048x2048.png",
          "2048x2048-width": 2048,
          "2048x2048-height": 2048
        }
      },
      "menu_items": [
        {
          "acf_fc_layout": "menu_list",
          "menu_item_name": "Home",
          "menu_item_link": {
            "title": "home",
            "url": "https://website.100px.lk/home/",
            "target": ""
          }
        },
        {
          "acf_fc_layout": "menu_list",
          "menu_item_name": "Services",
          "menu_item_link": {
            "title": "Services",
            "url": "https://website.100px.lk/services/",
            "target": ""
          }
        },
        {
          "acf_fc_layout": "menu_list",
          "menu_item_name": "Gallery",
          "menu_item_link": {
            "title": "Gallery",
            "url": "https://website.100px.lk/gallery/",
            "target": ""
          }
        },
        {
          "acf_fc_layout": "menu_list",
          "menu_item_name": "Contact Us",
          "menu_item_link": {
            "title": "Contact Us",
            "url": "https://website.100px.lk/contact-us/",
            "target": ""
          }
        }
      ],
      "quick_button_text": "Book Your Session",
      "quick_button_link": {
        "title": "",
        "url": "https://calendyo.com/100px/",
        "target": "_blank"
      }
    },
    "_links": {
      "self": [
        {
          "href": "https://website.100px.lk/wp-json/wp/v2/header/29",
          "targetHints": {
            "allow": [
              "GET"
            ]
          }
        }
      ],
      "collection": [
        {
          "href": "https://website.100px.lk/wp-json/wp/v2/header"
        }
      ],
      "about": [
        {
          "href": "https://website.100px.lk/wp-json/wp/v2/types/header"
        }
      ],
      "wp:attachment": [
        {
          "href": "https://website.100px.lk/wp-json/wp/v2/media?parent=29"
        }
      ],
      "curies": [
        {
          "name": "wp",
          "href": "https://api.w.org/{rel}",
          "templated": true
        }
      ]
    }
  }
]
Parsed Header: {
  id: 29,
  hasACF: true,
  logoUrl: 'https://website.100px.lk/wp-content/uploads/2025/11/Untitled-design-1-e1762371470578.png',
  menuItemsCount: 4,
  buttonText: 'Book Your Session'
}
Header API Response: [
  {
    "id": 29,
    "date": "2025-11-05T19:39:00",
    "date_gmt": "2025-11-05T19:39:00",
    "guid": {
      "rendered": "https://website.100px.lk/?post_type=header&#038;p=29"
    },
    "modified": "2025-11-06T22:45:40",
    "modified_gmt": "2025-11-06T22:45:40",
    "slug": "header",
    "status": "publish",
    "type": "header",
    "link": "https://website.100px.lk/header/header/",
    "title": {
      "rendered": "header"
    },
    "content": {
      "rendered": "",
      "protected": false
    },
    "featured_media": 0,
    "template": "",
    "meta": {
      "_acf_changed": true
    },
    "class_list": [
      "post-29",
      "header",
      "type-header",
      "status-publish",
      "hentry"
    ],
    "acf": {
      "logo": {
        "ID": 30,
        "id": 30,
        "title": "Untitled design (1)",
        "filename": "Untitled-design-1-e1762371470578.png",
        "filesize": 218510,
        "url": "https://website.100px.lk/wp-content/uploads/2025/11/Untitled-design-1-e1762371470578.png",
        "link": "https://website.100px.lk/header/header/untitled-design-1/",
        "alt": "",
        "author": "1",
        "description": "",
        "caption": "",
        "name": "untitled-design-1",
        "status": "inherit",
        "uploaded_to": 29,
        "date": "2025-11-05 19:37:09",
        "modified": "2025-11-05 19:37:09",
        "menu_order": 0,
        "mime_type": "image/png",
        "type": "image",
        "subtype": "png",
        "icon": "https://website.100px.lk/wp-includes/images/media/default.png",
        "width": 1928,
        "height": 736,
        "sizes": {
          "thumbnail": "https://website.100px.lk/wp-content/uploads/2025/11/Untitled-design-1-e1762371470578-150x150.png",
          "thumbnail-width": 150,
          "thumbnail-height": 150,
          "medium": "https://website.100px.lk/wp-content/uploads/2025/11/Untitled-design-1-e1762371470578-300x115.png",
          "medium-width": 300,
          "medium-height": 115,
          "medium_large": "https://website.100px.lk/wp-content/uploads/2025/11/Untitled-design-1-e1762371470578-768x293.png",
          "medium_large-width": 768,
          "medium_large-height": 293,
          "large": "https://website.100px.lk/wp-content/uploads/2025/11/Untitled-design-1-e1762371470578-1024x391.png",
          "large-width": 1024,
          "large-height": 391,
          "1536x1536": "https://website.100px.lk/wp-content/uploads/2025/11/Untitled-design-1-e1762371470578-1536x586.png",
          "1536x1536-width": 1536,
          "1536x1536-height": 586,
          "2048x2048": "https://website.100px.lk/wp-content/uploads/2025/11/Untitled-design-1-2048x2048.png",
          "2048x2048-width": 2048,
          "2048x2048-height": 2048
        }
      },
      "menu_items": [
        {
          "acf_fc_layout": "menu_list",
          "menu_item_name": "Home",
          "menu_item_link": {
            "title": "home",
            "url": "https://website.100px.lk/home/",
            "target": ""
          }
        },
        {
          "acf_fc_layout": "menu_list",
          "menu_item_name": "Services",
          "menu_item_link": {
            "title": "Services",
            "url": "https://website.100px.lk/services/",
            "target": ""
          }
        },
        {
          "acf_fc_layout": "menu_list",
          "menu_item_name": "Gallery",
          "menu_item_link": {
            "title": "Gallery",
            "url": "https://website.100px.lk/gallery/",
            "target": ""
          }
        },
        {
          "acf_fc_layout": "menu_list",
          "menu_item_name": "Contact Us",
          "menu_item_link": {
            "title": "Contact Us",
            "url": "https://website.100px.lk/contact-us/",
            "target": ""
          }
        }
      ],
      "quick_button_text": "Book Your Session",
      "quick_button_link": {
        "title": "",
        "url": "https://calendyo.com/100px/",
        "target": "_blank"
      }
    },
    "_links": {
      "self": [
        {
          "href": "https://website.100px.lk/wp-json/wp/v2/header/29",
          "targetHints": {
            "allow": [
              "GET"
            ]
          }
        }
      ],
      "collection": [
        {
          "href": "https://website.100px.lk/wp-json/wp/v2/header"
        }
      ],
      "about": [
        {
          "href": "https://website.100px.lk/wp-json/wp/v2/types/header"
        }
      ],
      "wp:attachment": [
        {
          "href": "https://website.100px.lk/wp-json/wp/v2/media?parent=29"
        }
      ],
      "curies": [
        {
          "name": "wp",
          "href": "https://api.w.org/{rel}",
          "templated": true
        }
      ]
    }
  }
]
Parsed Header: {
  id: 29,
  hasACF: true,
  logoUrl: 'https://website.100px.lk/wp-content/uploads/2025/11/Untitled-design-1-e1762371470578.png',
  menuItemsCount: 4,
  buttonText: 'Book Your Session'
}
Footer API Response: [
  {
    "id": 299,
    "date": "2025-11-06T01:02:44",
    "date_gmt": "2025-11-06T01:02:44",
    "guid": {
      "rendered": "https://website.100px.lk/?post_type=footer&#038;p=299"
    },
    "modified": "2025-11-23T08:50:17",
    "modified_gmt": "2025-11-23T08:50:17",
    "slug": "footer",
    "status": "publish",
    "type": "footer",
    "link": "https://website.100px.lk/footer/footer/",
    "title": {
      "rendered": "Footer"
    },
    "content": {
      "rendered": "",
      "protected": false
    },
    "featured_media": 0,
    "template": "",
    "meta": {
      "_acf_changed": true
    },
    "class_list": [
      "post-299",
      "footer",
      "type-footer",
      "status-publish",
      "hentry"
    ],
    "acf": {
      "logo": {
        "ID": 30,
        "id": 30,
        "title": "Untitled design (1)",
        "filename": "Untitled-design-1-e1762371470578.png",
        "filesize": 218510,
        "url": "https://website.100px.lk/wp-content/uploads/2025/11/Untitled-design-1-e1762371470578.png",
        "link": "https://website.100px.lk/header/header/untitled-design-1/",
        "alt": "",
        "author": "1",
        "description": "",
        "caption": "",
        "name": "untitled-design-1",
        "status": "inherit",
        "uploaded_to": 29,
        "date": "2025-11-05 19:37:09",
        "modified": "2025-11-05 19:37:09",
        "menu_order": 0,
        "mime_type": "image/png",
        "type": "image",
        "subtype": "png",
        "icon": "https://website.100px.lk/wp-includes/images/media/default.png",
        "width": 1928,
        "height": 736,
        "sizes": {
          "thumbnail": "https://website.100px.lk/wp-content/uploads/2025/11/Untitled-design-1-e1762371470578-150x150.png",
          "thumbnail-width": 150,
          "thumbnail-height": 150,
          "medium": "https://website.100px.lk/wp-content/uploads/2025/11/Untitled-design-1-e1762371470578-300x115.png",
          "medium-width": 300,
          "medium-height": 115,
          "medium_large": "https://website.100px.lk/wp-content/uploads/2025/11/Untitled-design-1-e1762371470578-768x293.png",
          "medium_large-width": 768,
          "medium_large-height": 293,
          "large": "https://website.100px.lk/wp-content/uploads/2025/11/Untitled-design-1-e1762371470578-1024x391.png",
          "large-width": 1024,
          "large-height": 391,
          "1536x1536": "https://website.100px.lk/wp-content/uploads/2025/11/Untitled-design-1-e1762371470578-1536x586.png",
          "1536x1536-width": 1536,
          "1536x1536-height": 586,
          "2048x2048": "https://website.100px.lk/wp-content/uploads/2025/11/Untitled-design-1-2048x2048.png",
          "2048x2048-width": 2048,
          "2048x2048-height": 2048
        }
      },
      "menu": [
        {
          "acf_fc_layout": "menu_items",
          "menu_item_name": "Home",
          "menu_item_link": {
            "title": "home",
            "url": "https://website.100px.lk/home/",
            "target": ""
          }
        },
        {
          "acf_fc_layout": "menu_items",
          "menu_item_name": "Services",
          "menu_item_link": {
            "title": "Services",
            "url": "https://website.100px.lk/services/",
            "target": ""
          }
        },
        {
          "acf_fc_layout": "menu_items",
          "menu_item_name": "Gallery",
          "menu_item_link": {
            "title": "Gallery",
            "url": "https://website.100px.lk/gallery/",
            "target": ""
          }
        },
        {
          "acf_fc_layout": "menu_items",
          "menu_item_name": "Contact Us",
          "menu_item_link": {
            "title": "Contact Us",
            "url": "https://website.100px.lk/contact-us/",
            "target": ""
          }
        }
      ],
      "important_links": [
        {
          "acf_fc_layout": "important_links_list",
          "important_link_text": "Terms & Conditions",
          "important_links": {
            "title": "Terms & Conditions",
            "url": "https://website.100px.lk/terms-conditions/",
            "target": ""
          }
        },
        {
          "acf_fc_layout": "important_links_list",
          "important_link_text": "Privacy Policy ",
          "important_links": {
            "title": "Privacy Policy",
            "url": "https://website.100px.lk/privacy-policy/",
            "target": ""
          }
        },
        {
          "acf_fc_layout": "important_links_list",
          "important_link_text": "Refund Policy",
          "important_links": {
            "title": "Refund Policy",
            "url": "https://website.100px.lk/refund-policy/",
            "target": ""
          }
        }
      ],
      "icon_groups": [
        {
          "acf_fc_layout": "icon_list",
          "list_name": "Address",
          "list_content": "100px,\r\n09 Avissawella Rd,\r\nKaduwela."
        },
        {
          "acf_fc_layout": "icon_list",
          "list_name": "Phone",
          "list_content": "+94 76 400 5700"
        },
        {
          "acf_fc_layout": "icon_list",
          "list_name": "Whatsapp",
          "list_content": "+94 76 400 5700"
        },
        {
          "acf_fc_layout": "icon_list",
          "list_name": "Email",
          "list_content": "info@100px.lk"
        },
        {
          "acf_fc_layout": "icon_list",
          "list_name": "Open Hours",
          "list_content": "9.00AM - 6.00PM"
        }
      ],
      "social_media": [
        {
          "acf_fc_layout": "social_media_links",
          "social_media_name": "Linkedin",
          "social_media_links_items": {
            "title": "",
            "url": "#",
            "target": ""
          }
        },
        {
          "acf_fc_layout": "social_media_links",
          "social_media_name": "Facebook",
          "social_media_links_items": {
            "title": "",
            "url": "#",
            "target": ""
          }
        },
        {
          "acf_fc_layout": "social_media_links",
          "social_media_name": "Instagram",
          "social_media_links_items": {
            "title": "",
            "url": "#",
            "target": ""
          }
        },
        {
          "acf_fc_layout": "social_media_links",
          "social_media_name": "Pinterest",
          "social_media_links_items": {
            "title": "",
            "url": "#",
            "target": ""
          }
        }
      ]
    },
    "_links": {
      "self": [
        {
          "href": "https://website.100px.lk/wp-json/wp/v2/footer/299",
          "targetHints": {
            "allow": [
              "GET"
            ]
          }
        }
      ],
      "collection": [
        {
          "href": "https://website.100px.lk/wp-json/wp/v2/footer"
        }
      ],
      "about": [
        {
          "href": "https://website.100px.lk/wp-json/wp/v2/types/footer"
        }
      ],
      "wp:attachment": [
        {
          "href": "https://website.100px.lk/wp-json/wp/v2/media?parent=299"
        }
      ],
      "curies": [
        {
          "name": "wp",
          "href": "https://api.w.org/{rel}",
          "templated": true
        }
      ]
    }
  }
]
Parsed Footer: {
  id: 299,
  hasACF: true,
  logoUrl: 'https://website.100px.lk/wp-content/uploads/2025/11/Untitled-design-1-e1762371470578.png',
  menuItemsCount: 4,
  socialMediaCount: 4
}
Footer API Response: [
  {
    "id": 299,
    "date": "2025-11-06T01:02:44",
    "date_gmt": "2025-11-06T01:02:44",
    "guid": {
      "rendered": "https://website.100px.lk/?post_type=footer&#038;p=299"
    },
    "modified": "2025-11-23T08:50:17",
    "modified_gmt": "2025-11-23T08:50:17",
    "slug": "footer",
    "status": "publish",
    "type": "footer",
    "link": "https://website.100px.lk/footer/footer/",
    "title": {
      "rendered": "Footer"
    },
    "content": {
      "rendered": "",
      "protected": false
    },
    "featured_media": 0,
    "template": "",
    "meta": {
      "_acf_changed": true
    },
    "class_list": [
      "post-299",
      "footer",
      "type-footer",
      "status-publish",
      "hentry"
    ],
    "acf": {
      "logo": {
        "ID": 30,
        "id": 30,
        "title": "Untitled design (1)",
        "filename": "Untitled-design-1-e1762371470578.png",
        "filesize": 218510,
        "url": "https://website.100px.lk/wp-content/uploads/2025/11/Untitled-design-1-e1762371470578.png",
        "link": "https://website.100px.lk/header/header/untitled-design-1/",
        "alt": "",
        "author": "1",
        "description": "",
        "caption": "",
        "name": "untitled-design-1",
        "status": "inherit",
        "uploaded_to": 29,
        "date": "2025-11-05 19:37:09",
        "modified": "2025-11-05 19:37:09",
        "menu_order": 0,
        "mime_type": "image/png",
        "type": "image",
        "subtype": "png",
        "icon": "https://website.100px.lk/wp-includes/images/media/default.png",
        "width": 1928,
        "height": 736,
        "sizes": {
          "thumbnail": "https://website.100px.lk/wp-content/uploads/2025/11/Untitled-design-1-e1762371470578-150x150.png",
          "thumbnail-width": 150,
          "thumbnail-height": 150,
          "medium": "https://website.100px.lk/wp-content/uploads/2025/11/Untitled-design-1-e1762371470578-300x115.png",
          "medium-width": 300,
          "medium-height": 115,
          "medium_large": "https://website.100px.lk/wp-content/uploads/2025/11/Untitled-design-1-e1762371470578-768x293.png",
          "medium_large-width": 768,
          "medium_large-height": 293,
          "large": "https://website.100px.lk/wp-content/uploads/2025/11/Untitled-design-1-e1762371470578-1024x391.png",
          "large-width": 1024,
          "large-height": 391,
          "1536x1536": "https://website.100px.lk/wp-content/uploads/2025/11/Untitled-design-1-e1762371470578-1536x586.png",
          "1536x1536-width": 1536,
          "1536x1536-height": 586,
          "2048x2048": "https://website.100px.lk/wp-content/uploads/2025/11/Untitled-design-1-2048x2048.png",
          "2048x2048-width": 2048,
          "2048x2048-height": 2048
        }
      },
      "menu": [
        {
          "acf_fc_layout": "menu_items",
          "menu_item_name": "Home",
          "menu_item_link": {
            "title": "home",
            "url": "https://website.100px.lk/home/",
            "target": ""
          }
        },
        {
          "acf_fc_layout": "menu_items",
          "menu_item_name": "Services",
          "menu_item_link": {
            "title": "Services",
            "url": "https://website.100px.lk/services/",
            "target": ""
          }
        },
        {
          "acf_fc_layout": "menu_items",
          "menu_item_name": "Gallery",
          "menu_item_link": {
            "title": "Gallery",
            "url": "https://website.100px.lk/gallery/",
            "target": ""
          }
        },
        {
          "acf_fc_layout": "menu_items",
          "menu_item_name": "Contact Us",
          "menu_item_link": {
            "title": "Contact Us",
            "url": "https://website.100px.lk/contact-us/",
            "target": ""
          }
        }
      ],
      "important_links": [
        {
          "acf_fc_layout": "important_links_list",
          "important_link_text": "Terms & Conditions",
          "important_links": {
            "title": "Terms & Conditions",
            "url": "https://website.100px.lk/terms-conditions/",
            "target": ""
          }
        },
        {
          "acf_fc_layout": "important_links_list",
          "important_link_text": "Privacy Policy ",
          "important_links": {
            "title": "Privacy Policy",
            "url": "https://website.100px.lk/privacy-policy/",
            "target": ""
          }
        },
        {
          "acf_fc_layout": "important_links_list",
          "important_link_text": "Refund Policy",
          "important_links": {
            "title": "Refund Policy",
            "url": "https://website.100px.lk/refund-policy/",
            "target": ""
          }
        }
      ],
      "icon_groups": [
        {
          "acf_fc_layout": "icon_list",
          "list_name": "Address",
          "list_content": "100px,\r\n09 Avissawella Rd,\r\nKaduwela."
        },
        {
          "acf_fc_layout": "icon_list",
          "list_name": "Phone",
          "list_content": "+94 76 400 5700"
        },
        {
          "acf_fc_layout": "icon_list",
          "list_name": "Whatsapp",
          "list_content": "+94 76 400 5700"
        },
        {
          "acf_fc_layout": "icon_list",
          "list_name": "Email",
          "list_content": "info@100px.lk"
        },
        {
          "acf_fc_layout": "icon_list",
          "list_name": "Open Hours",
          "list_content": "9.00AM - 6.00PM"
        }
      ],
      "social_media": [
        {
          "acf_fc_layout": "social_media_links",
          "social_media_name": "Linkedin",
          "social_media_links_items": {
            "title": "",
            "url": "#",
            "target": ""
          }
        },
        {
          "acf_fc_layout": "social_media_links",
          "social_media_name": "Facebook",
          "social_media_links_items": {
            "title": "",
            "url": "#",
            "target": ""
          }
        },
        {
          "acf_fc_layout": "social_media_links",
          "social_media_name": "Instagram",
          "social_media_links_items": {
            "title": "",
            "url": "#",
            "target": ""
          }
        },
        {
          "acf_fc_layout": "social_media_links",
          "social_media_name": "Pinterest",
          "social_media_links_items": {
            "title": "",
            "url": "#",
            "target": ""
          }
        }
      ]
    },
    "_links": {
      "self": [
        {
          "href": "https://website.100px.lk/wp-json/wp/v2/footer/299",
          "targetHints": {
            "allow": [
              "GET"
            ]
          }
        }
      ],
      "collection": [
        {
          "href": "https://website.100px.lk/wp-json/wp/v2/footer"
        }
      ],
      "about": [
        {
          "href": "https://website.100px.lk/wp-json/wp/v2/types/footer"
        }
      ],
      "wp:attachment": [
        {
          "href": "https://website.100px.lk/wp-json/wp/v2/media?parent=299"
        }
      ],
      "curies": [
        {
          "name": "wp",
          "href": "https://api.w.org/{rel}",
          "templated": true
        }
      ]
    }
  }
]
Parsed Footer: {
  id: 299,
  hasACF: true,
  logoUrl: 'https://website.100px.lk/wp-content/uploads/2025/11/Untitled-design-1-e1762371470578.png',
  menuItemsCount: 4,
  socialMediaCount: 4
}
Footer API Response: [
  {
    "id": 299,
    "date": "2025-11-06T01:02:44",
    "date_gmt": "2025-11-06T01:02:44",
    "guid": {
      "rendered": "https://website.100px.lk/?post_type=footer&#038;p=299"
    },
    "modified": "2025-11-23T08:50:17",
    "modified_gmt": "2025-11-23T08:50:17",
    "slug": "footer",
    "status": "publish",
    "type": "footer",
    "link": "https://website.100px.lk/footer/footer/",
    "title": {
      "rendered": "Footer"
    },
    "content": {
      "rendered": "",
      "protected": false
    },
    "featured_media": 0,
    "template": "",
    "meta": {
      "_acf_changed": true
    },
    "class_list": [
      "post-299",
      "footer",
      "type-footer",
      "status-publish",
      "hentry"
    ],
    "acf": {
      "logo": {
        "ID": 30,
        "id": 30,
        "title": "Untitled design (1)",
        "filename": "Untitled-design-1-e1762371470578.png",
        "filesize": 218510,
        "url": "https://website.100px.lk/wp-content/uploads/2025/11/Untitled-design-1-e1762371470578.png",
        "link": "https://website.100px.lk/header/header/untitled-design-1/",
        "alt": "",
        "author": "1",
        "description": "",
        "caption": "",
        "name": "untitled-design-1",
        "status": "inherit",
        "uploaded_to": 29,
        "date": "2025-11-05 19:37:09",
        "modified": "2025-11-05 19:37:09",
        "menu_order": 0,
        "mime_type": "image/png",
        "type": "image",
        "subtype": "png",
        "icon": "https://website.100px.lk/wp-includes/images/media/default.png",
        "width": 1928,
        "height": 736,
        "sizes": {
          "thumbnail": "https://website.100px.lk/wp-content/uploads/2025/11/Untitled-design-1-e1762371470578-150x150.png",
          "thumbnail-width": 150,
          "thumbnail-height": 150,
          "medium": "https://website.100px.lk/wp-content/uploads/2025/11/Untitled-design-1-e1762371470578-300x115.png",
          "medium-width": 300,
          "medium-height": 115,
          "medium_large": "https://website.100px.lk/wp-content/uploads/2025/11/Untitled-design-1-e1762371470578-768x293.png",
          "medium_large-width": 768,
          "medium_large-height": 293,
          "large": "https://website.100px.lk/wp-content/uploads/2025/11/Untitled-design-1-e1762371470578-1024x391.png",
          "large-width": 1024,
          "large-height": 391,
          "1536x1536": "https://website.100px.lk/wp-content/uploads/2025/11/Untitled-design-1-e1762371470578-1536x586.png",
          "1536x1536-width": 1536,
          "1536x1536-height": 586,
          "2048x2048": "https://website.100px.lk/wp-content/uploads/2025/11/Untitled-design-1-2048x2048.png",
          "2048x2048-width": 2048,
          "2048x2048-height": 2048
        }
      },
      "menu": [
        {
          "acf_fc_layout": "menu_items",
          "menu_item_name": "Home",
          "menu_item_link": {
            "title": "home",
            "url": "https://website.100px.lk/home/",
            "target": ""
          }
        },
        {
          "acf_fc_layout": "menu_items",
          "menu_item_name": "Services",
          "menu_item_link": {
            "title": "Services",
            "url": "https://website.100px.lk/services/",
            "target": ""
          }
        },
        {
          "acf_fc_layout": "menu_items",
          "menu_item_name": "Gallery",
          "menu_item_link": {
            "title": "Gallery",
            "url": "https://website.100px.lk/gallery/",
            "target": ""
          }
        },
        {
          "acf_fc_layout": "menu_items",
          "menu_item_name": "Contact Us",
          "menu_item_link": {
            "title": "Contact Us",
            "url": "https://website.100px.lk/contact-us/",
            "target": ""
          }
        }
      ],
      "important_links": [
        {
          "acf_fc_layout": "important_links_list",
          "important_link_text": "Terms & Conditions",
          "important_links": {
            "title": "Terms & Conditions",
            "url": "https://website.100px.lk/terms-conditions/",
            "target": ""
          }
        },
        {
          "acf_fc_layout": "important_links_list",
          "important_link_text": "Privacy Policy ",
          "important_links": {
            "title": "Privacy Policy",
            "url": "https://website.100px.lk/privacy-policy/",
            "target": ""
          }
        },
        {
          "acf_fc_layout": "important_links_list",
          "important_link_text": "Refund Policy",
          "important_links": {
            "title": "Refund Policy",
            "url": "https://website.100px.lk/refund-policy/",
            "target": ""
          }
        }
      ],
      "icon_groups": [
        {
          "acf_fc_layout": "icon_list",
          "list_name": "Address",
          "list_content": "100px,\r\n09 Avissawella Rd,\r\nKaduwela."
        },
        {
          "acf_fc_layout": "icon_list",
          "list_name": "Phone",
          "list_content": "+94 76 400 5700"
        },
        {
          "acf_fc_layout": "icon_list",
          "list_name": "Whatsapp",
          "list_content": "+94 76 400 5700"
        },
        {
          "acf_fc_layout": "icon_list",
          "list_name": "Email",
          "list_content": "info@100px.lk"
        },
        {
          "acf_fc_layout": "icon_list",
          "list_name": "Open Hours",
          "list_content": "9.00AM - 6.00PM"
        }
      ],
      "social_media": [
        {
          "acf_fc_layout": "social_media_links",
          "social_media_name": "Linkedin",
          "social_media_links_items": {
            "title": "",
            "url": "#",
            "target": ""
          }
        },
        {
          "acf_fc_layout": "social_media_links",
          "social_media_name": "Facebook",
          "social_media_links_items": {
            "title": "",
            "url": "#",
            "target": ""
          }
        },
        {
          "acf_fc_layout": "social_media_links",
          "social_media_name": "Instagram",
          "social_media_links_items": {
            "title": "",
            "url": "#",
            "target": ""
          }
        },
        {
          "acf_fc_layout": "social_media_links",
          "social_media_name": "Pinterest",
          "social_media_links_items": {
            "title": "",
            "url": "#",
            "target": ""
          }
        }
      ]
    },
    "_links": {
      "self": [
        {
          "href": "https://website.100px.lk/wp-json/wp/v2/footer/299",
          "targetHints": {
            "allow": [
              "GET"
            ]
          }
        }
      ],
      "collection": [
        {
          "href": "https://website.100px.lk/wp-json/wp/v2/footer"
        }
      ],
      "about": [
        {
          "href": "https://website.100px.lk/wp-json/wp/v2/types/footer"
        }
      ],
      "wp:attachment": [
        {
          "href": "https://website.100px.lk/wp-json/wp/v2/media?parent=299"
        }
      ],
      "curies": [
        {
          "name": "wp",
          "href": "https://api.w.org/{rel}",
          "templated": true
        }
      ]
    }
  }
]
Parsed Footer: {
  id: 299,
  hasACF: true,
  logoUrl: 'https://website.100px.lk/wp-content/uploads/2025/11/Untitled-design-1-e1762371470578.png',
  menuItemsCount: 4,
  socialMediaCount: 4
}
Footer API Response: [
  {
    "id": 299,
    "date": "2025-11-06T01:02:44",
    "date_gmt": "2025-11-06T01:02:44",
    "guid": {
      "rendered": "https://website.100px.lk/?post_type=footer&#038;p=299"
    },
    "modified": "2025-11-23T08:50:17",
    "modified_gmt": "2025-11-23T08:50:17",
    "slug": "footer",
    "status": "publish",
    "type": "footer",
    "link": "https://website.100px.lk/footer/footer/",
    "title": {
      "rendered": "Footer"
    },
    "content": {
      "rendered": "",
      "protected": false
    },
    "featured_media": 0,
    "template": "",
    "meta": {
      "_acf_changed": true
    },
    "class_list": [
      "post-299",
      "footer",
      "type-footer",
      "status-publish",
      "hentry"
    ],
    "acf": {
      "logo": {
        "ID": 30,
        "id": 30,
        "title": "Untitled design (1)",
        "filename": "Untitled-design-1-e1762371470578.png",
        "filesize": 218510,
        "url": "https://website.100px.lk/wp-content/uploads/2025/11/Untitled-design-1-e1762371470578.png",
        "link": "https://website.100px.lk/header/header/untitled-design-1/",
        "alt": "",
        "author": "1",
        "description": "",
        "caption": "",
        "name": "untitled-design-1",
        "status": "inherit",
        "uploaded_to": 29,
        "date": "2025-11-05 19:37:09",
        "modified": "2025-11-05 19:37:09",
        "menu_order": 0,
        "mime_type": "image/png",
        "type": "image",
        "subtype": "png",
        "icon": "https://website.100px.lk/wp-includes/images/media/default.png",
        "width": 1928,
        "height": 736,
        "sizes": {
          "thumbnail": "https://website.100px.lk/wp-content/uploads/2025/11/Untitled-design-1-e1762371470578-150x150.png",
          "thumbnail-width": 150,
          "thumbnail-height": 150,
          "medium": "https://website.100px.lk/wp-content/uploads/2025/11/Untitled-design-1-e1762371470578-300x115.png",
          "medium-width": 300,
          "medium-height": 115,
          "medium_large": "https://website.100px.lk/wp-content/uploads/2025/11/Untitled-design-1-e1762371470578-768x293.png",
          "medium_large-width": 768,
          "medium_large-height": 293,
          "large": "https://website.100px.lk/wp-content/uploads/2025/11/Untitled-design-1-e1762371470578-1024x391.png",
          "large-width": 1024,
          "large-height": 391,
          "1536x1536": "https://website.100px.lk/wp-content/uploads/2025/11/Untitled-design-1-e1762371470578-1536x586.png",
          "1536x1536-width": 1536,
          "1536x1536-height": 586,
          "2048x2048": "https://website.100px.lk/wp-content/uploads/2025/11/Untitled-design-1-2048x2048.png",
          "2048x2048-width": 2048,
          "2048x2048-height": 2048
        }
      },
      "menu": [
        {
          "acf_fc_layout": "menu_items",
          "menu_item_name": "Home",
          "menu_item_link": {
            "title": "home",
            "url": "https://website.100px.lk/home/",
            "target": ""
          }
        },
        {
          "acf_fc_layout": "menu_items",
          "menu_item_name": "Services",
          "menu_item_link": {
            "title": "Services",
            "url": "https://website.100px.lk/services/",
            "target": ""
          }
        },
        {
          "acf_fc_layout": "menu_items",
          "menu_item_name": "Gallery",
          "menu_item_link": {
            "title": "Gallery",
            "url": "https://website.100px.lk/gallery/",
            "target": ""
          }
        },
        {
          "acf_fc_layout": "menu_items",
          "menu_item_name": "Contact Us",
          "menu_item_link": {
            "title": "Contact Us",
            "url": "https://website.100px.lk/contact-us/",
            "target": ""
          }
        }
      ],
      "important_links": [
        {
          "acf_fc_layout": "important_links_list",
          "important_link_text": "Terms & Conditions",
          "important_links": {
            "title": "Terms & Conditions",
            "url": "https://website.100px.lk/terms-conditions/",
            "target": ""
          }
        },
        {
          "acf_fc_layout": "important_links_list",
          "important_link_text": "Privacy Policy ",
          "important_links": {
            "title": "Privacy Policy",
            "url": "https://website.100px.lk/privacy-policy/",
            "target": ""
          }
        },
        {
          "acf_fc_layout": "important_links_list",
          "important_link_text": "Refund Policy",
          "important_links": {
            "title": "Refund Policy",
            "url": "https://website.100px.lk/refund-policy/",
            "target": ""
          }
        }
      ],
      "icon_groups": [
        {
          "acf_fc_layout": "icon_list",
          "list_name": "Address",
          "list_content": "100px,\r\n09 Avissawella Rd,\r\nKaduwela."
        },
        {
          "acf_fc_layout": "icon_list",
          "list_name": "Phone",
          "list_content": "+94 76 400 5700"
        },
        {
          "acf_fc_layout": "icon_list",
          "list_name": "Whatsapp",
          "list_content": "+94 76 400 5700"
        },
        {
          "acf_fc_layout": "icon_list",
          "list_name": "Email",
          "list_content": "info@100px.lk"
        },
        {
          "acf_fc_layout": "icon_list",
          "list_name": "Open Hours",
          "list_content": "9.00AM - 6.00PM"
        }
      ],
      "social_media": [
        {
          "acf_fc_layout": "social_media_links",
          "social_media_name": "Linkedin",
          "social_media_links_items": {
            "title": "",
            "url": "#",
            "target": ""
          }
        },
        {
          "acf_fc_layout": "social_media_links",
          "social_media_name": "Facebook",
          "social_media_links_items": {
            "title": "",
            "url": "#",
            "target": ""
          }
        },
        {
          "acf_fc_layout": "social_media_links",
          "social_media_name": "Instagram",
          "social_media_links_items": {
            "title": "",
            "url": "#",
            "target": ""
          }
        },
        {
          "acf_fc_layout": "social_media_links",
          "social_media_name": "Pinterest",
          "social_media_links_items": {
            "title": "",
            "url": "#",
            "target": ""
          }
        }
      ]
    },
    "_links": {
      "self": [
        {
          "href": "https://website.100px.lk/wp-json/wp/v2/footer/299",
          "targetHints": {
            "allow": [
              "GET"
            ]
          }
        }
      ],
      "collection": [
        {
          "href": "https://website.100px.lk/wp-json/wp/v2/footer"
        }
      ],
      "about": [
        {
          "href": "https://website.100px.lk/wp-json/wp/v2/types/footer"
        }
      ],
      "wp:attachment": [
        {
          "href": "https://website.100px.lk/wp-json/wp/v2/media?parent=299"
        }
      ],
      "curies": [
        {
          "name": "wp",
          "href": "https://api.w.org/{rel}",
          "templated": true
        }
      ]
    }
  }
]
Parsed Footer: {
  id: 299,
  hasACF: true,
  logoUrl: 'https://website.100px.lk/wp-content/uploads/2025/11/Untitled-design-1-e1762371470578.png',
  menuItemsCount: 4,
  socialMediaCount: 4
}
Footer API Response: [
  {
    "id": 299,
    "date": "2025-11-06T01:02:44",
    "date_gmt": "2025-11-06T01:02:44",
    "guid": {
      "rendered": "https://website.100px.lk/?post_type=footer&#038;p=299"
    },
    "modified": "2025-11-23T08:50:17",
    "modified_gmt": "2025-11-23T08:50:17",
    "slug": "footer",
    "status": "publish",
    "type": "footer",
    "link": "https://website.100px.lk/footer/footer/",
    "title": {
      "rendered": "Footer"
    },
    "content": {
      "rendered": "",
      "protected": false
    },
    "featured_media": 0,
    "template": "",
    "meta": {
      "_acf_changed": true
    },
    "class_list": [
      "post-299",
      "footer",
      "type-footer",
      "status-publish",
      "hentry"
    ],
    "acf": {
      "logo": {
        "ID": 30,
        "id": 30,
        "title": "Untitled design (1)",
        "filename": "Untitled-design-1-e1762371470578.png",
        "filesize": 218510,
        "url": "https://website.100px.lk/wp-content/uploads/2025/11/Untitled-design-1-e1762371470578.png",
        "link": "https://website.100px.lk/header/header/untitled-design-1/",
        "alt": "",
        "author": "1",
        "description": "",
        "caption": "",
        "name": "untitled-design-1",
        "status": "inherit",
        "uploaded_to": 29,
        "date": "2025-11-05 19:37:09",
        "modified": "2025-11-05 19:37:09",
        "menu_order": 0,
        "mime_type": "image/png",
        "type": "image",
        "subtype": "png",
        "icon": "https://website.100px.lk/wp-includes/images/media/default.png",
        "width": 1928,
        "height": 736,
        "sizes": {
          "thumbnail": "https://website.100px.lk/wp-content/uploads/2025/11/Untitled-design-1-e1762371470578-150x150.png",
          "thumbnail-width": 150,
          "thumbnail-height": 150,
          "medium": "https://website.100px.lk/wp-content/uploads/2025/11/Untitled-design-1-e1762371470578-300x115.png",
          "medium-width": 300,
          "medium-height": 115,
          "medium_large": "https://website.100px.lk/wp-content/uploads/2025/11/Untitled-design-1-e1762371470578-768x293.png",
          "medium_large-width": 768,
          "medium_large-height": 293,
          "large": "https://website.100px.lk/wp-content/uploads/2025/11/Untitled-design-1-e1762371470578-1024x391.png",
          "large-width": 1024,
          "large-height": 391,
          "1536x1536": "https://website.100px.lk/wp-content/uploads/2025/11/Untitled-design-1-e1762371470578-1536x586.png",
          "1536x1536-width": 1536,
          "1536x1536-height": 586,
          "2048x2048": "https://website.100px.lk/wp-content/uploads/2025/11/Untitled-design-1-2048x2048.png",
          "2048x2048-width": 2048,
          "2048x2048-height": 2048
        }
      },
      "menu": [
        {
          "acf_fc_layout": "menu_items",
          "menu_item_name": "Home",
          "menu_item_link": {
            "title": "home",
            "url": "https://website.100px.lk/home/",
            "target": ""
          }
        },
        {
          "acf_fc_layout": "menu_items",
          "menu_item_name": "Services",
          "menu_item_link": {
            "title": "Services",
            "url": "https://website.100px.lk/services/",
            "target": ""
          }
        },
        {
          "acf_fc_layout": "menu_items",
          "menu_item_name": "Gallery",
          "menu_item_link": {
            "title": "Gallery",
            "url": "https://website.100px.lk/gallery/",
            "target": ""
          }
        },
        {
          "acf_fc_layout": "menu_items",
          "menu_item_name": "Contact Us",
          "menu_item_link": {
            "title": "Contact Us",
            "url": "https://website.100px.lk/contact-us/",
            "target": ""
          }
        }
      ],
      "important_links": [
        {
          "acf_fc_layout": "important_links_list",
          "important_link_text": "Terms & Conditions",
          "important_links": {
            "title": "Terms & Conditions",
            "url": "https://website.100px.lk/terms-conditions/",
            "target": ""
          }
        },
        {
          "acf_fc_layout": "important_links_list",
          "important_link_text": "Privacy Policy ",
          "important_links": {
            "title": "Privacy Policy",
            "url": "https://website.100px.lk/privacy-policy/",
            "target": ""
          }
        },
        {
          "acf_fc_layout": "important_links_list",
          "important_link_text": "Refund Policy",
          "important_links": {
            "title": "Refund Policy",
            "url": "https://website.100px.lk/refund-policy/",
            "target": ""
          }
        }
      ],
      "icon_groups": [
        {
          "acf_fc_layout": "icon_list",
          "list_name": "Address",
          "list_content": "100px,\r\n09 Avissawella Rd,\r\nKaduwela."
        },
        {
          "acf_fc_layout": "icon_list",
          "list_name": "Phone",
          "list_content": "+94 76 400 5700"
        },
        {
          "acf_fc_layout": "icon_list",
          "list_name": "Whatsapp",
          "list_content": "+94 76 400 5700"
        },
        {
          "acf_fc_layout": "icon_list",
          "list_name": "Email",
          "list_content": "info@100px.lk"
        },
        {
          "acf_fc_layout": "icon_list",
          "list_name": "Open Hours",
          "list_content": "9.00AM - 6.00PM"
        }
      ],
      "social_media": [
        {
          "acf_fc_layout": "social_media_links",
          "social_media_name": "Linkedin",
          "social_media_links_items": {
            "title": "",
            "url": "#",
            "target": ""
          }
        },
        {
          "acf_fc_layout": "social_media_links",
          "social_media_name": "Facebook",
          "social_media_links_items": {
            "title": "",
            "url": "#",
            "target": ""
          }
        },
        {
          "acf_fc_layout": "social_media_links",
          "social_media_name": "Instagram",
          "social_media_links_items": {
            "title": "",
            "url": "#",
            "target": ""
          }
        },
        {
          "acf_fc_layout": "social_media_links",
          "social_media_name": "Pinterest",
          "social_media_links_items": {
            "title": "",
            "url": "#",
            "target": ""
          }
        }
      ]
    },
    "_links": {
      "self": [
        {
          "href": "https://website.100px.lk/wp-json/wp/v2/footer/299",
          "targetHints": {
            "allow": [
              "GET"
            ]
          }
        }
      ],
      "collection": [
        {
          "href": "https://website.100px.lk/wp-json/wp/v2/footer"
        }
      ],
      "about": [
        {
          "href": "https://website.100px.lk/wp-json/wp/v2/types/footer"
        }
      ],
      "wp:attachment": [
        {
          "href": "https://website.100px.lk/wp-json/wp/v2/media?parent=299"
        }
      ],
      "curies": [
        {
          "name": "wp",
          "href": "https://api.w.org/{rel}",
          "templated": true
        }
      ]
    }
  }
]
Parsed Footer: {
  id: 299,
  hasACF: true,
  logoUrl: 'https://website.100px.lk/wp-content/uploads/2025/11/Untitled-design-1-e1762371470578.png',
  menuItemsCount: 4,
  socialMediaCount: 4
}
Footer API Response: [
  {
    "id": 299,
    "date": "2025-11-06T01:02:44",
    "date_gmt": "2025-11-06T01:02:44",
    "guid": {
      "rendered": "https://website.100px.lk/?post_type=footer&#038;p=299"
    },
    "modified": "2025-11-23T08:50:17",
    "modified_gmt": "2025-11-23T08:50:17",
    "slug": "footer",
    "status": "publish",
    "type": "footer",
    "link": "https://website.100px.lk/footer/footer/",
    "title": {
      "rendered": "Footer"
    },
    "content": {
      "rendered": "",
      "protected": false
    },
    "featured_media": 0,
    "template": "",
    "meta": {
      "_acf_changed": true
    },
    "class_list": [
      "post-299",
      "footer",
      "type-footer",
      "status-publish",
      "hentry"
    ],
    "acf": {
      "logo": {
        "ID": 30,
        "id": 30,
        "title": "Untitled design (1)",
        "filename": "Untitled-design-1-e1762371470578.png",
        "filesize": 218510,
        "url": "https://website.100px.lk/wp-content/uploads/2025/11/Untitled-design-1-e1762371470578.png",
        "link": "https://website.100px.lk/header/header/untitled-design-1/",
        "alt": "",
        "author": "1",
        "description": "",
        "caption": "",
        "name": "untitled-design-1",
        "status": "inherit",
        "uploaded_to": 29,
        "date": "2025-11-05 19:37:09",
        "modified": "2025-11-05 19:37:09",
        "menu_order": 0,
        "mime_type": "image/png",
        "type": "image",
        "subtype": "png",
        "icon": "https://website.100px.lk/wp-includes/images/media/default.png",
        "width": 1928,
        "height": 736,
        "sizes": {
          "thumbnail": "https://website.100px.lk/wp-content/uploads/2025/11/Untitled-design-1-e1762371470578-150x150.png",
          "thumbnail-width": 150,
          "thumbnail-height": 150,
          "medium": "https://website.100px.lk/wp-content/uploads/2025/11/Untitled-design-1-e1762371470578-300x115.png",
          "medium-width": 300,
          "medium-height": 115,
          "medium_large": "https://website.100px.lk/wp-content/uploads/2025/11/Untitled-design-1-e1762371470578-768x293.png",
          "medium_large-width": 768,
          "medium_large-height": 293,
          "large": "https://website.100px.lk/wp-content/uploads/2025/11/Untitled-design-1-e1762371470578-1024x391.png",
          "large-width": 1024,
          "large-height": 391,
          "1536x1536": "https://website.100px.lk/wp-content/uploads/2025/11/Untitled-design-1-e1762371470578-1536x586.png",
          "1536x1536-width": 1536,
          "1536x1536-height": 586,
          "2048x2048": "https://website.100px.lk/wp-content/uploads/2025/11/Untitled-design-1-2048x2048.png",
          "2048x2048-width": 2048,
          "2048x2048-height": 2048
        }
      },
      "menu": [
        {
          "acf_fc_layout": "menu_items",
          "menu_item_name": "Home",
          "menu_item_link": {
            "title": "home",
            "url": "https://website.100px.lk/home/",
            "target": ""
          }
        },
        {
          "acf_fc_layout": "menu_items",
          "menu_item_name": "Services",
          "menu_item_link": {
            "title": "Services",
            "url": "https://website.100px.lk/services/",
            "target": ""
          }
        },
        {
          "acf_fc_layout": "menu_items",
          "menu_item_name": "Gallery",
          "menu_item_link": {
            "title": "Gallery",
            "url": "https://website.100px.lk/gallery/",
            "target": ""
          }
        },
        {
          "acf_fc_layout": "menu_items",
          "menu_item_name": "Contact Us",
          "menu_item_link": {
            "title": "Contact Us",
            "url": "https://website.100px.lk/contact-us/",
            "target": ""
          }
        }
      ],
      "important_links": [
        {
          "acf_fc_layout": "important_links_list",
          "important_link_text": "Terms & Conditions",
          "important_links": {
            "title": "Terms & Conditions",
            "url": "https://website.100px.lk/terms-conditions/",
            "target": ""
          }
        },
        {
          "acf_fc_layout": "important_links_list",
          "important_link_text": "Privacy Policy ",
          "important_links": {
            "title": "Privacy Policy",
            "url": "https://website.100px.lk/privacy-policy/",
            "target": ""
          }
        },
        {
          "acf_fc_layout": "important_links_list",
          "important_link_text": "Refund Policy",
          "important_links": {
            "title": "Refund Policy",
            "url": "https://website.100px.lk/refund-policy/",
            "target": ""
          }
        }
      ],
      "icon_groups": [
        {
          "acf_fc_layout": "icon_list",
          "list_name": "Address",
          "list_content": "100px,\r\n09 Avissawella Rd,\r\nKaduwela."
        },
        {
          "acf_fc_layout": "icon_list",
          "list_name": "Phone",
          "list_content": "+94 76 400 5700"
        },
        {
          "acf_fc_layout": "icon_list",
          "list_name": "Whatsapp",
          "list_content": "+94 76 400 5700"
        },
        {
          "acf_fc_layout": "icon_list",
          "list_name": "Email",
          "list_content": "info@100px.lk"
        },
        {
          "acf_fc_layout": "icon_list",
          "list_name": "Open Hours",
          "list_content": "9.00AM - 6.00PM"
        }
      ],
      "social_media": [
        {
          "acf_fc_layout": "social_media_links",
          "social_media_name": "Linkedin",
          "social_media_links_items": {
            "title": "",
            "url": "#",
            "target": ""
          }
        },
        {
          "acf_fc_layout": "social_media_links",
          "social_media_name": "Facebook",
          "social_media_links_items": {
            "title": "",
            "url": "#",
            "target": ""
          }
        },
        {
          "acf_fc_layout": "social_media_links",
          "social_media_name": "Instagram",
          "social_media_links_items": {
            "title": "",
            "url": "#",
            "target": ""
          }
        },
        {
          "acf_fc_layout": "social_media_links",
          "social_media_name": "Pinterest",
          "social_media_links_items": {
            "title": "",
            "url": "#",
            "target": ""
          }
        }
      ]
    },
    "_links": {
      "self": [
        {
          "href": "https://website.100px.lk/wp-json/wp/v2/footer/299",
          "targetHints": {
            "allow": [
              "GET"
            ]
          }
        }
      ],
      "collection": [
        {
          "href": "https://website.100px.lk/wp-json/wp/v2/footer"
        }
      ],
      "about": [
        {
          "href": "https://website.100px.lk/wp-json/wp/v2/types/footer"
        }
      ],
      "wp:attachment": [
        {
          "href": "https://website.100px.lk/wp-json/wp/v2/media?parent=299"
        }
      ],
      "curies": [
        {
          "name": "wp",
          "href": "https://api.w.org/{rel}",
          "templated": true
        }
      ]
    }
  }
]
Parsed Footer: {
  id: 299,
  hasACF: true,
  logoUrl: 'https://website.100px.lk/wp-content/uploads/2025/11/Untitled-design-1-e1762371470578.png',
  menuItemsCount: 4,
  socialMediaCount: 4
}
Parsed FAQ: {
  id: 375,
  hasACF: true,
  heading: 'Frequently Asked Questions (FAQs)',
  itemsCount: 14
}
Successfully fetched 8 services from WordPress (all pages)
Page fetched: {
  id: 14,
  slug: 'home',
  hasACF: true,
  acfKeys: [
    'background_image',
    'hero_subheading',
    'hero_heading',
    'hero_description',
    'hero_button_text',
    'hero_button_link',
    'service_name',
    'service_description',
    'service_image',
    'service_subheading',
    'service_heading',
    'service_button_text',
    'service_button_link'
  ]
}
✅ Hero content fetched successfully from ACF: {
  hasBackgroundImage: true,
  backgroundImageUrl: 'https://website.100px.lk/wp-content/uploads/2025/11/Cover-2-copy.jpg',
  hasHeading: true
}
   Generating static pages (5/22) 
Successfully fetched 2 testimonials from WordPress (all pages)
Error fetching WordPress additional service: TypeError: fetch failed
    at ignore-listed frames {
  [cause]: Error [ConnectTimeoutError]: Connect Timeout Error (attempted address: website.100px.lk:443, timeout: 10000ms)
      at ignore-listed frames {
    code: 'UND_ERR_CONNECT_TIMEOUT'
  }
}
Error message: fetch failed
Error fetching WordPress additional service: TypeError: fetch failed
    at ignore-listed frames {
  [cause]: Error [ConnectTimeoutError]: Connect Timeout Error (attempted address: website.100px.lk:443, timeout: 10000ms)
      at ignore-listed frames {
    code: 'UND_ERR_CONNECT_TIMEOUT'
  }
}
Error message: fetch failed
 ⚠ Unsupported metadata viewport is configured in metadata export in /additional-services/[slug]. Please move it to viewport export instead.
Read more: https://nextjs.org/docs/app/api-reference/functions/generate-viewport
Error fetching WordPress why-us: TypeError: fetch failed
    at ignore-listed frames {
  [cause]: Error [ConnectTimeoutError]: Connect Timeout Error (attempted address: website.100px.lk:443, timeout: 10000ms)
      at ignore-listed frames {
    code: 'UND_ERR_CONNECT_TIMEOUT'
  }
}
Error message: fetch failed
Error fetching WordPress additional services: TypeError: fetch failed
    at ignore-listed frames {
  [cause]: Error [ConnectTimeoutError]: Connect Timeout Error (attempted address: website.100px.lk:443, timeout: 10000ms)
      at ignore-listed frames {
    code: 'UND_ERR_CONNECT_TIMEOUT'
  }
}
Error message: fetch failed
Error fetching WordPress additional service: TypeError: fetch failed
    at ignore-listed frames {
  [cause]: Error [ConnectTimeoutError]: Connect Timeout Error (attempted address: website.100px.lk:443, timeout: 10000ms)
      at ignore-listed frames {
    code: 'UND_ERR_CONNECT_TIMEOUT'
  }
}
Error message: fetch failed
Error fetching WordPress additional service: TypeError: fetch failed
    at ignore-listed frames {
  [cause]: Error [ConnectTimeoutError]: Connect Timeout Error (attempted address: website.100px.lk:443, timeout: 10000ms)
      at ignore-listed frames {
    code: 'UND_ERR_CONNECT_TIMEOUT'
  }
}
Error message: fetch failed
 ⚠ Unsupported metadata viewport is configured in metadata export in /additional-services/[slug]. Please move it to viewport export instead.
Read more: https://nextjs.org/docs/app/api-reference/functions/generate-viewport
 ⚠ Unsupported metadata viewport is configured in metadata export in /additional-services/[slug]. Please move it to viewport export instead.
Read more: https://nextjs.org/docs/app/api-reference/functions/generate-viewport
 ⚠ Unsupported metadata viewport is configured in metadata export in /additional-services/[slug]. Please move it to viewport export instead.
Read more: https://nextjs.org/docs/app/api-reference/functions/generate-viewport
Fetching WordPress header from: https://website.100px.lk//wp-json/wp/v2/header?slug=header
Fetching WordPress footer from: https://website.100px.lk//wp-json/wp/v2/footer?slug=footer
Fetching WordPress posts from: https://website.100px.lk//wp-json/wp/v2/posts?per_page=12&_embed=true
Header API Response: [
  {
    "id": 29,
    "date": "2025-11-05T19:39:00",
    "date_gmt": "2025-11-05T19:39:00",
    "guid": {
      "rendered": "https://website.100px.lk/?post_type=header&#038;p=29"
    },
    "modified": "2025-11-06T22:45:40",
    "modified_gmt": "2025-11-06T22:45:40",
    "slug": "header",
    "status": "publish",
    "type": "header",
    "link": "https://website.100px.lk/header/header/",
    "title": {
      "rendered": "header"
    },
    "content": {
      "rendered": "",
      "protected": false
    },
    "featured_media": 0,
    "template": "",
    "meta": {
      "_acf_changed": true
    },
    "class_list": [
      "post-29",
      "header",
      "type-header",
      "status-publish",
      "hentry"
    ],
    "acf": {
      "logo": {
        "ID": 30,
        "id": 30,
        "title": "Untitled design (1)",
        "filename": "Untitled-design-1-e1762371470578.png",
        "filesize": 218510,
        "url": "https://website.100px.lk/wp-content/uploads/2025/11/Untitled-design-1-e1762371470578.png",
        "link": "https://website.100px.lk/header/header/untitled-design-1/",
        "alt": "",
        "author": "1",
        "description": "",
        "caption": "",
        "name": "untitled-design-1",
        "status": "inherit",
        "uploaded_to": 29,
        "date": "2025-11-05 19:37:09",
        "modified": "2025-11-05 19:37:09",
        "menu_order": 0,
        "mime_type": "image/png",
        "type": "image",
        "subtype": "png",
        "icon": "https://website.100px.lk/wp-includes/images/media/default.png",
        "width": 1928,
        "height": 736,
        "sizes": {
          "thumbnail": "https://website.100px.lk/wp-content/uploads/2025/11/Untitled-design-1-e1762371470578-150x150.png",
          "thumbnail-width": 150,
          "thumbnail-height": 150,
          "medium": "https://website.100px.lk/wp-content/uploads/2025/11/Untitled-design-1-e1762371470578-300x115.png",
          "medium-width": 300,
          "medium-height": 115,
          "medium_large": "https://website.100px.lk/wp-content/uploads/2025/11/Untitled-design-1-e1762371470578-768x293.png",
          "medium_large-width": 768,
          "medium_large-height": 293,
          "large": "https://website.100px.lk/wp-content/uploads/2025/11/Untitled-design-1-e1762371470578-1024x391.png",
          "large-width": 1024,
          "large-height": 391,
          "1536x1536": "https://website.100px.lk/wp-content/uploads/2025/11/Untitled-design-1-e1762371470578-1536x586.png",
          "1536x1536-width": 1536,
          "1536x1536-height": 586,
          "2048x2048": "https://website.100px.lk/wp-content/uploads/2025/11/Untitled-design-1-2048x2048.png",
          "2048x2048-width": 2048,
          "2048x2048-height": 2048
        }
      },
      "menu_items": [
        {
          "acf_fc_layout": "menu_list",
          "menu_item_name": "Home",
          "menu_item_link": {
            "title": "home",
            "url": "https://website.100px.lk/home/",
            "target": ""
          }
        },
        {
          "acf_fc_layout": "menu_list",
          "menu_item_name": "Services",
          "menu_item_link": {
            "title": "Services",
            "url": "https://website.100px.lk/services/",
            "target": ""
          }
        },
        {
          "acf_fc_layout": "menu_list",
          "menu_item_name": "Gallery",
          "menu_item_link": {
            "title": "Gallery",
            "url": "https://website.100px.lk/gallery/",
            "target": ""
          }
        },
        {
          "acf_fc_layout": "menu_list",
          "menu_item_name": "Contact Us",
          "menu_item_link": {
            "title": "Contact Us",
            "url": "https://website.100px.lk/contact-us/",
            "target": ""
          }
        }
      ],
      "quick_button_text": "Book Your Session",
      "quick_button_link": {
        "title": "",
        "url": "https://calendyo.com/100px/",
        "target": "_blank"
      }
    },
    "_links": {
      "self": [
        {
          "href": "https://website.100px.lk/wp-json/wp/v2/header/29",
          "targetHints": {
            "allow": [
              "GET"
            ]
          }
        }
      ],
      "collection": [
        {
          "href": "https://website.100px.lk/wp-json/wp/v2/header"
        }
      ],
      "about": [
        {
          "href": "https://website.100px.lk/wp-json/wp/v2/types/header"
        }
      ],
      "wp:attachment": [
        {
          "href": "https://website.100px.lk/wp-json/wp/v2/media?parent=29"
        }
      ],
      "curies": [
        {
          "name": "wp",
          "href": "https://api.w.org/{rel}",
          "templated": true
        }
      ]
    }
  }
]
Parsed Header: {
  id: 29,
  hasACF: true,
  logoUrl: 'https://website.100px.lk/wp-content/uploads/2025/11/Untitled-design-1-e1762371470578.png',
  menuItemsCount: 4,
  buttonText: 'Book Your Session'
}
Footer API Response: [
  {
    "id": 299,
    "date": "2025-11-06T01:02:44",
    "date_gmt": "2025-11-06T01:02:44",
    "guid": {
      "rendered": "https://website.100px.lk/?post_type=footer&#038;p=299"
    },
    "modified": "2025-11-23T08:50:17",
    "modified_gmt": "2025-11-23T08:50:17",
    "slug": "footer",
    "status": "publish",
    "type": "footer",
    "link": "https://website.100px.lk/footer/footer/",
    "title": {
      "rendered": "Footer"
    },
    "content": {
      "rendered": "",
      "protected": false
    },
    "featured_media": 0,
    "template": "",
    "meta": {
      "_acf_changed": true
    },
    "class_list": [
      "post-299",
      "footer",
      "type-footer",
      "status-publish",
      "hentry"
    ],
    "acf": {
      "logo": {
        "ID": 30,
        "id": 30,
        "title": "Untitled design (1)",
        "filename": "Untitled-design-1-e1762371470578.png",
        "filesize": 218510,
        "url": "https://website.100px.lk/wp-content/uploads/2025/11/Untitled-design-1-e1762371470578.png",
        "link": "https://website.100px.lk/header/header/untitled-design-1/",
        "alt": "",
        "author": "1",
        "description": "",
        "caption": "",
        "name": "untitled-design-1",
        "status": "inherit",
        "uploaded_to": 29,
        "date": "2025-11-05 19:37:09",
        "modified": "2025-11-05 19:37:09",
        "menu_order": 0,
        "mime_type": "image/png",
        "type": "image",
        "subtype": "png",
        "icon": "https://website.100px.lk/wp-includes/images/media/default.png",
        "width": 1928,
        "height": 736,
        "sizes": {
          "thumbnail": "https://website.100px.lk/wp-content/uploads/2025/11/Untitled-design-1-e1762371470578-150x150.png",
          "thumbnail-width": 150,
          "thumbnail-height": 150,
          "medium": "https://website.100px.lk/wp-content/uploads/2025/11/Untitled-design-1-e1762371470578-300x115.png",
          "medium-width": 300,
          "medium-height": 115,
          "medium_large": "https://website.100px.lk/wp-content/uploads/2025/11/Untitled-design-1-e1762371470578-768x293.png",
          "medium_large-width": 768,
          "medium_large-height": 293,
          "large": "https://website.100px.lk/wp-content/uploads/2025/11/Untitled-design-1-e1762371470578-1024x391.png",
          "large-width": 1024,
          "large-height": 391,
          "1536x1536": "https://website.100px.lk/wp-content/uploads/2025/11/Untitled-design-1-e1762371470578-1536x586.png",
          "1536x1536-width": 1536,
          "1536x1536-height": 586,
          "2048x2048": "https://website.100px.lk/wp-content/uploads/2025/11/Untitled-design-1-2048x2048.png",
          "2048x2048-width": 2048,
          "2048x2048-height": 2048
        }
      },
      "menu": [
        {
          "acf_fc_layout": "menu_items",
          "menu_item_name": "Home",
          "menu_item_link": {
            "title": "home",
            "url": "https://website.100px.lk/home/",
            "target": ""
          }
        },
        {
          "acf_fc_layout": "menu_items",
          "menu_item_name": "Services",
          "menu_item_link": {
            "title": "Services",
            "url": "https://website.100px.lk/services/",
            "target": ""
          }
        },
        {
          "acf_fc_layout": "menu_items",
          "menu_item_name": "Gallery",
          "menu_item_link": {
            "title": "Gallery",
            "url": "https://website.100px.lk/gallery/",
            "target": ""
          }
        },
        {
          "acf_fc_layout": "menu_items",
          "menu_item_name": "Contact Us",
          "menu_item_link": {
            "title": "Contact Us",
            "url": "https://website.100px.lk/contact-us/",
            "target": ""
          }
        }
      ],
      "important_links": [
        {
          "acf_fc_layout": "important_links_list",
          "important_link_text": "Terms & Conditions",
          "important_links": {
            "title": "Terms & Conditions",
            "url": "https://website.100px.lk/terms-conditions/",
            "target": ""
          }
        },
        {
          "acf_fc_layout": "important_links_list",
          "important_link_text": "Privacy Policy ",
          "important_links": {
            "title": "Privacy Policy",
            "url": "https://website.100px.lk/privacy-policy/",
            "target": ""
          }
        },
        {
          "acf_fc_layout": "important_links_list",
          "important_link_text": "Refund Policy",
          "important_links": {
            "title": "Refund Policy",
            "url": "https://website.100px.lk/refund-policy/",
            "target": ""
          }
        }
      ],
      "icon_groups": [
        {
          "acf_fc_layout": "icon_list",
          "list_name": "Address",
          "list_content": "100px,\r\n09 Avissawella Rd,\r\nKaduwela."
        },
        {
          "acf_fc_layout": "icon_list",
          "list_name": "Phone",
          "list_content": "+94 76 400 5700"
        },
        {
          "acf_fc_layout": "icon_list",
          "list_name": "Whatsapp",
          "list_content": "+94 76 400 5700"
        },
        {
          "acf_fc_layout": "icon_list",
          "list_name": "Email",
          "list_content": "info@100px.lk"
        },
        {
          "acf_fc_layout": "icon_list",
          "list_name": "Open Hours",
          "list_content": "9.00AM - 6.00PM"
        }
      ],
      "social_media": [
        {
          "acf_fc_layout": "social_media_links",
          "social_media_name": "Linkedin",
          "social_media_links_items": {
            "title": "",
            "url": "#",
            "target": ""
          }
        },
        {
          "acf_fc_layout": "social_media_links",
          "social_media_name": "Facebook",
          "social_media_links_items": {
            "title": "",
            "url": "#",
            "target": ""
          }
        },
        {
          "acf_fc_layout": "social_media_links",
          "social_media_name": "Instagram",
          "social_media_links_items": {
            "title": "",
            "url": "#",
            "target": ""
          }
        },
        {
          "acf_fc_layout": "social_media_links",
          "social_media_name": "Pinterest",
          "social_media_links_items": {
            "title": "",
            "url": "#",
            "target": ""
          }
        }
      ]
    },
    "_links": {
      "self": [
        {
          "href": "https://website.100px.lk/wp-json/wp/v2/footer/299",
          "targetHints": {
            "allow": [
              "GET"
            ]
          }
        }
      ],
      "collection": [
        {
          "href": "https://website.100px.lk/wp-json/wp/v2/footer"
        }
      ],
      "about": [
        {
          "href": "https://website.100px.lk/wp-json/wp/v2/types/footer"
        }
      ],
      "wp:attachment": [
        {
          "href": "https://website.100px.lk/wp-json/wp/v2/media?parent=299"
        }
      ],
      "curies": [
        {
          "name": "wp",
          "href": "https://api.w.org/{rel}",
          "templated": true
        }
      ]
    }
  }
]
Parsed Footer: {
  id: 299,
  hasACF: true,
  logoUrl: 'https://website.100px.lk/wp-content/uploads/2025/11/Untitled-design-1-e1762371470578.png',
  menuItemsCount: 4,
  socialMediaCount: 4
}
 ⚠ Unsupported metadata viewport is configured in metadata export in /posts. Please move it to viewport export instead.
Read more: https://nextjs.org/docs/app/api-reference/functions/generate-viewport
Fetching WordPress header from: https://website.100px.lk//wp-json/wp/v2/header?slug=header
Fetching WordPress footer from: https://website.100px.lk//wp-json/wp/v2/footer?slug=footer
Header API Response: [
  {
    "id": 29,
    "date": "2025-11-05T19:39:00",
    "date_gmt": "2025-11-05T19:39:00",
    "guid": {
      "rendered": "https://website.100px.lk/?post_type=header&#038;p=29"
    },
    "modified": "2025-11-06T22:45:40",
    "modified_gmt": "2025-11-06T22:45:40",
    "slug": "header",
    "status": "publish",
    "type": "header",
    "link": "https://website.100px.lk/header/header/",
    "title": {
      "rendered": "header"
    },
    "content": {
      "rendered": "",
      "protected": false
    },
    "featured_media": 0,
    "template": "",
    "meta": {
      "_acf_changed": true
    },
    "class_list": [
      "post-29",
      "header",
      "type-header",
      "status-publish",
      "hentry"
    ],
    "acf": {
      "logo": {
        "ID": 30,
        "id": 30,
        "title": "Untitled design (1)",
        "filename": "Untitled-design-1-e1762371470578.png",
        "filesize": 218510,
        "url": "https://website.100px.lk/wp-content/uploads/2025/11/Untitled-design-1-e1762371470578.png",
        "link": "https://website.100px.lk/header/header/untitled-design-1/",
        "alt": "",
        "author": "1",
        "description": "",
        "caption": "",
        "name": "untitled-design-1",
        "status": "inherit",
        "uploaded_to": 29,
        "date": "2025-11-05 19:37:09",
        "modified": "2025-11-05 19:37:09",
        "menu_order": 0,
        "mime_type": "image/png",
        "type": "image",
        "subtype": "png",
        "icon": "https://website.100px.lk/wp-includes/images/media/default.png",
        "width": 1928,
        "height": 736,
        "sizes": {
          "thumbnail": "https://website.100px.lk/wp-content/uploads/2025/11/Untitled-design-1-e1762371470578-150x150.png",
          "thumbnail-width": 150,
          "thumbnail-height": 150,
          "medium": "https://website.100px.lk/wp-content/uploads/2025/11/Untitled-design-1-e1762371470578-300x115.png",
          "medium-width": 300,
          "medium-height": 115,
          "medium_large": "https://website.100px.lk/wp-content/uploads/2025/11/Untitled-design-1-e1762371470578-768x293.png",
          "medium_large-width": 768,
          "medium_large-height": 293,
          "large": "https://website.100px.lk/wp-content/uploads/2025/11/Untitled-design-1-e1762371470578-1024x391.png",
          "large-width": 1024,
          "large-height": 391,
          "1536x1536": "https://website.100px.lk/wp-content/uploads/2025/11/Untitled-design-1-e1762371470578-1536x586.png",
          "1536x1536-width": 1536,
          "1536x1536-height": 586,
          "2048x2048": "https://website.100px.lk/wp-content/uploads/2025/11/Untitled-design-1-2048x2048.png",
          "2048x2048-width": 2048,
          "2048x2048-height": 2048
        }
      },
      "menu_items": [
        {
          "acf_fc_layout": "menu_list",
          "menu_item_name": "Home",
          "menu_item_link": {
            "title": "home",
            "url": "https://website.100px.lk/home/",
            "target": ""
          }
        },
        {
          "acf_fc_layout": "menu_list",
          "menu_item_name": "Services",
          "menu_item_link": {
            "title": "Services",
            "url": "https://website.100px.lk/services/",
            "target": ""
          }
        },
        {
          "acf_fc_layout": "menu_list",
          "menu_item_name": "Gallery",
          "menu_item_link": {
            "title": "Gallery",
            "url": "https://website.100px.lk/gallery/",
            "target": ""
          }
        },
        {
          "acf_fc_layout": "menu_list",
          "menu_item_name": "Contact Us",
          "menu_item_link": {
            "title": "Contact Us",
            "url": "https://website.100px.lk/contact-us/",
            "target": ""
          }
        }
      ],
      "quick_button_text": "Book Your Session",
      "quick_button_link": {
        "title": "",
        "url": "https://calendyo.com/100px/",
        "target": "_blank"
      }
    },
    "_links": {
      "self": [
        {
          "href": "https://website.100px.lk/wp-json/wp/v2/header/29",
          "targetHints": {
            "allow": [
              "GET"
            ]
          }
        }
      ],
      "collection": [
        {
          "href": "https://website.100px.lk/wp-json/wp/v2/header"
        }
      ],
      "about": [
        {
          "href": "https://website.100px.lk/wp-json/wp/v2/types/header"
        }
      ],
      "wp:attachment": [
        {
          "href": "https://website.100px.lk/wp-json/wp/v2/media?parent=29"
        }
      ],
      "curies": [
        {
          "name": "wp",
          "href": "https://api.w.org/{rel}",
          "templated": true
        }
      ]
    }
  }
]
Parsed Header: {
  id: 29,
  hasACF: true,
  logoUrl: 'https://website.100px.lk/wp-content/uploads/2025/11/Untitled-design-1-e1762371470578.png',
  menuItemsCount: 4,
  buttonText: 'Book Your Session'
}
Footer API Response: [
  {
    "id": 299,
    "date": "2025-11-06T01:02:44",
    "date_gmt": "2025-11-06T01:02:44",
    "guid": {
      "rendered": "https://website.100px.lk/?post_type=footer&#038;p=299"
    },
    "modified": "2025-11-23T08:50:17",
    "modified_gmt": "2025-11-23T08:50:17",
    "slug": "footer",
    "status": "publish",
    "type": "footer",
    "link": "https://website.100px.lk/footer/footer/",
    "title": {
      "rendered": "Footer"
    },
    "content": {
      "rendered": "",
      "protected": false
    },
    "featured_media": 0,
    "template": "",
    "meta": {
      "_acf_changed": true
    },
    "class_list": [
      "post-299",
      "footer",
      "type-footer",
      "status-publish",
      "hentry"
    ],
    "acf": {
      "logo": {
        "ID": 30,
        "id": 30,
        "title": "Untitled design (1)",
        "filename": "Untitled-design-1-e1762371470578.png",
        "filesize": 218510,
        "url": "https://website.100px.lk/wp-content/uploads/2025/11/Untitled-design-1-e1762371470578.png",
        "link": "https://website.100px.lk/header/header/untitled-design-1/",
        "alt": "",
        "author": "1",
        "description": "",
        "caption": "",
        "name": "untitled-design-1",
        "status": "inherit",
        "uploaded_to": 29,
        "date": "2025-11-05 19:37:09",
        "modified": "2025-11-05 19:37:09",
        "menu_order": 0,
        "mime_type": "image/png",
        "type": "image",
        "subtype": "png",
        "icon": "https://website.100px.lk/wp-includes/images/media/default.png",
        "width": 1928,
        "height": 736,
        "sizes": {
          "thumbnail": "https://website.100px.lk/wp-content/uploads/2025/11/Untitled-design-1-e1762371470578-150x150.png",
          "thumbnail-width": 150,
          "thumbnail-height": 150,
          "medium": "https://website.100px.lk/wp-content/uploads/2025/11/Untitled-design-1-e1762371470578-300x115.png",
          "medium-width": 300,
          "medium-height": 115,
          "medium_large": "https://website.100px.lk/wp-content/uploads/2025/11/Untitled-design-1-e1762371470578-768x293.png",
          "medium_large-width": 768,
          "medium_large-height": 293,
          "large": "https://website.100px.lk/wp-content/uploads/2025/11/Untitled-design-1-e1762371470578-1024x391.png",
          "large-width": 1024,
          "large-height": 391,
          "1536x1536": "https://website.100px.lk/wp-content/uploads/2025/11/Untitled-design-1-e1762371470578-1536x586.png",
          "1536x1536-width": 1536,
          "1536x1536-height": 586,
          "2048x2048": "https://website.100px.lk/wp-content/uploads/2025/11/Untitled-design-1-2048x2048.png",
          "2048x2048-width": 2048,
          "2048x2048-height": 2048
        }
      },
      "menu": [
        {
          "acf_fc_layout": "menu_items",
          "menu_item_name": "Home",
          "menu_item_link": {
            "title": "home",
            "url": "https://website.100px.lk/home/",
            "target": ""
          }
        },
        {
          "acf_fc_layout": "menu_items",
          "menu_item_name": "Services",
          "menu_item_link": {
            "title": "Services",
            "url": "https://website.100px.lk/services/",
            "target": ""
          }
        },
        {
          "acf_fc_layout": "menu_items",
          "menu_item_name": "Gallery",
          "menu_item_link": {
            "title": "Gallery",
            "url": "https://website.100px.lk/gallery/",
            "target": ""
          }
        },
        {
          "acf_fc_layout": "menu_items",
          "menu_item_name": "Contact Us",
          "menu_item_link": {
            "title": "Contact Us",
            "url": "https://website.100px.lk/contact-us/",
            "target": ""
          }
        }
      ],
      "important_links": [
        {
          "acf_fc_layout": "important_links_list",
          "important_link_text": "Terms & Conditions",
          "important_links": {
            "title": "Terms & Conditions",
            "url": "https://website.100px.lk/terms-conditions/",
            "target": ""
          }
        },
        {
          "acf_fc_layout": "important_links_list",
          "important_link_text": "Privacy Policy ",
          "important_links": {
            "title": "Privacy Policy",
            "url": "https://website.100px.lk/privacy-policy/",
            "target": ""
          }
        },
        {
          "acf_fc_layout": "important_links_list",
          "important_link_text": "Refund Policy",
          "important_links": {
            "title": "Refund Policy",
            "url": "https://website.100px.lk/refund-policy/",
            "target": ""
          }
        }
      ],
      "icon_groups": [
        {
          "acf_fc_layout": "icon_list",
          "list_name": "Address",
          "list_content": "100px,\r\n09 Avissawella Rd,\r\nKaduwela."
        },
        {
          "acf_fc_layout": "icon_list",
          "list_name": "Phone",
          "list_content": "+94 76 400 5700"
        },
        {
          "acf_fc_layout": "icon_list",
          "list_name": "Whatsapp",
          "list_content": "+94 76 400 5700"
        },
        {
          "acf_fc_layout": "icon_list",
          "list_name": "Email",
          "list_content": "info@100px.lk"
        },
        {
          "acf_fc_layout": "icon_list",
          "list_name": "Open Hours",
          "list_content": "9.00AM - 6.00PM"
        }
      ],
      "social_media": [
        {
          "acf_fc_layout": "social_media_links",
          "social_media_name": "Linkedin",
          "social_media_links_items": {
            "title": "",
            "url": "#",
            "target": ""
          }
        },
        {
          "acf_fc_layout": "social_media_links",
          "social_media_name": "Facebook",
          "social_media_links_items": {
            "title": "",
            "url": "#",
            "target": ""
          }
        },
        {
          "acf_fc_layout": "social_media_links",
          "social_media_name": "Instagram",
          "social_media_links_items": {
            "title": "",
            "url": "#",
            "target": ""
          }
        },
        {
          "acf_fc_layout": "social_media_links",
          "social_media_name": "Pinterest",
          "social_media_links_items": {
            "title": "",
            "url": "#",
            "target": ""
          }
        }
      ]
    },
    "_links": {
      "self": [
        {
          "href": "https://website.100px.lk/wp-json/wp/v2/footer/299",
          "targetHints": {
            "allow": [
              "GET"
            ]
          }
        }
      ],
      "collection": [
        {
          "href": "https://website.100px.lk/wp-json/wp/v2/footer"
        }
      ],
      "about": [
        {
          "href": "https://website.100px.lk/wp-json/wp/v2/types/footer"
        }
      ],
      "wp:attachment": [
        {
          "href": "https://website.100px.lk/wp-json/wp/v2/media?parent=299"
        }
      ],
      "curies": [
        {
          "name": "wp",
          "href": "https://api.w.org/{rel}",
          "templated": true
        }
      ]
    }
  }
]
Parsed Footer: {
  id: 299,
  hasACF: true,
  logoUrl: 'https://website.100px.lk/wp-content/uploads/2025/11/Untitled-design-1-e1762371470578.png',
  menuItemsCount: 4,
  socialMediaCount: 4
}
Fetching WordPress header from: https://website.100px.lk//wp-json/wp/v2/header?slug=header
Fetching WordPress footer from: https://website.100px.lk//wp-json/wp/v2/footer?slug=footer
Fetching WordPress page from: https://website.100px.lk//wp-json/wp/v2/pages?slug=privacy-policy
Header API Response: [
  {
    "id": 29,
    "date": "2025-11-05T19:39:00",
    "date_gmt": "2025-11-05T19:39:00",
    "guid": {
      "rendered": "https://website.100px.lk/?post_type=header&#038;p=29"
    },
    "modified": "2025-11-06T22:45:40",
    "modified_gmt": "2025-11-06T22:45:40",
    "slug": "header",
    "status": "publish",
    "type": "header",
    "link": "https://website.100px.lk/header/header/",
    "title": {
      "rendered": "header"
    },
    "content": {
      "rendered": "",
      "protected": false
    },
    "featured_media": 0,
    "template": "",
    "meta": {
      "_acf_changed": true
    },
    "class_list": [
      "post-29",
      "header",
      "type-header",
      "status-publish",
      "hentry"
    ],
    "acf": {
      "logo": {
        "ID": 30,
        "id": 30,
        "title": "Untitled design (1)",
        "filename": "Untitled-design-1-e1762371470578.png",
        "filesize": 218510,
        "url": "https://website.100px.lk/wp-content/uploads/2025/11/Untitled-design-1-e1762371470578.png",
        "link": "https://website.100px.lk/header/header/untitled-design-1/",
        "alt": "",
        "author": "1",
        "description": "",
        "caption": "",
        "name": "untitled-design-1",
        "status": "inherit",
        "uploaded_to": 29,
        "date": "2025-11-05 19:37:09",
        "modified": "2025-11-05 19:37:09",
        "menu_order": 0,
        "mime_type": "image/png",
        "type": "image",
        "subtype": "png",
        "icon": "https://website.100px.lk/wp-includes/images/media/default.png",
        "width": 1928,
        "height": 736,
        "sizes": {
          "thumbnail": "https://website.100px.lk/wp-content/uploads/2025/11/Untitled-design-1-e1762371470578-150x150.png",
          "thumbnail-width": 150,
          "thumbnail-height": 150,
          "medium": "https://website.100px.lk/wp-content/uploads/2025/11/Untitled-design-1-e1762371470578-300x115.png",
          "medium-width": 300,
          "medium-height": 115,
          "medium_large": "https://website.100px.lk/wp-content/uploads/2025/11/Untitled-design-1-e1762371470578-768x293.png",
          "medium_large-width": 768,
          "medium_large-height": 293,
          "large": "https://website.100px.lk/wp-content/uploads/2025/11/Untitled-design-1-e1762371470578-1024x391.png",
          "large-width": 1024,
          "large-height": 391,
          "1536x1536": "https://website.100px.lk/wp-content/uploads/2025/11/Untitled-design-1-e1762371470578-1536x586.png",
          "1536x1536-width": 1536,
          "1536x1536-height": 586,
          "2048x2048": "https://website.100px.lk/wp-content/uploads/2025/11/Untitled-design-1-2048x2048.png",
          "2048x2048-width": 2048,
          "2048x2048-height": 2048
        }
      },
      "menu_items": [
        {
          "acf_fc_layout": "menu_list",
          "menu_item_name": "Home",
          "menu_item_link": {
            "title": "home",
            "url": "https://website.100px.lk/home/",
            "target": ""
          }
        },
        {
          "acf_fc_layout": "menu_list",
          "menu_item_name": "Services",
          "menu_item_link": {
            "title": "Services",
            "url": "https://website.100px.lk/services/",
            "target": ""
          }
        },
        {
          "acf_fc_layout": "menu_list",
          "menu_item_name": "Gallery",
          "menu_item_link": {
            "title": "Gallery",
            "url": "https://website.100px.lk/gallery/",
            "target": ""
          }
        },
        {
          "acf_fc_layout": "menu_list",
          "menu_item_name": "Contact Us",
          "menu_item_link": {
            "title": "Contact Us",
            "url": "https://website.100px.lk/contact-us/",
            "target": ""
          }
        }
      ],
      "quick_button_text": "Book Your Session",
      "quick_button_link": {
        "title": "",
        "url": "https://calendyo.com/100px/",
        "target": "_blank"
      }
    },
    "_links": {
      "self": [
        {
          "href": "https://website.100px.lk/wp-json/wp/v2/header/29",
          "targetHints": {
            "allow": [
              "GET"
            ]
          }
        }
      ],
      "collection": [
        {
          "href": "https://website.100px.lk/wp-json/wp/v2/header"
        }
      ],
      "about": [
        {
          "href": "https://website.100px.lk/wp-json/wp/v2/types/header"
        }
      ],
      "wp:attachment": [
        {
          "href": "https://website.100px.lk/wp-json/wp/v2/media?parent=29"
        }
      ],
      "curies": [
        {
          "name": "wp",
          "href": "https://api.w.org/{rel}",
          "templated": true
        }
      ]
    }
  }
]
Parsed Header: {
  id: 29,
  hasACF: true,
  logoUrl: 'https://website.100px.lk/wp-content/uploads/2025/11/Untitled-design-1-e1762371470578.png',
  menuItemsCount: 4,
  buttonText: 'Book Your Session'
}
Footer API Response: [
  {
    "id": 299,
    "date": "2025-11-06T01:02:44",
    "date_gmt": "2025-11-06T01:02:44",
    "guid": {
      "rendered": "https://website.100px.lk/?post_type=footer&#038;p=299"
    },
    "modified": "2025-11-23T08:50:17",
    "modified_gmt": "2025-11-23T08:50:17",
    "slug": "footer",
    "status": "publish",
    "type": "footer",
    "link": "https://website.100px.lk/footer/footer/",
    "title": {
      "rendered": "Footer"
    },
    "content": {
      "rendered": "",
      "protected": false
    },
    "featured_media": 0,
    "template": "",
    "meta": {
      "_acf_changed": true
    },
    "class_list": [
      "post-299",
      "footer",
      "type-footer",
      "status-publish",
      "hentry"
    ],
    "acf": {
      "logo": {
        "ID": 30,
        "id": 30,
        "title": "Untitled design (1)",
        "filename": "Untitled-design-1-e1762371470578.png",
        "filesize": 218510,
        "url": "https://website.100px.lk/wp-content/uploads/2025/11/Untitled-design-1-e1762371470578.png",
        "link": "https://website.100px.lk/header/header/untitled-design-1/",
        "alt": "",
        "author": "1",
        "description": "",
        "caption": "",
        "name": "untitled-design-1",
        "status": "inherit",
        "uploaded_to": 29,
        "date": "2025-11-05 19:37:09",
        "modified": "2025-11-05 19:37:09",
        "menu_order": 0,
        "mime_type": "image/png",
        "type": "image",
        "subtype": "png",
        "icon": "https://website.100px.lk/wp-includes/images/media/default.png",
        "width": 1928,
        "height": 736,
        "sizes": {
          "thumbnail": "https://website.100px.lk/wp-content/uploads/2025/11/Untitled-design-1-e1762371470578-150x150.png",
          "thumbnail-width": 150,
          "thumbnail-height": 150,
          "medium": "https://website.100px.lk/wp-content/uploads/2025/11/Untitled-design-1-e1762371470578-300x115.png",
          "medium-width": 300,
          "medium-height": 115,
          "medium_large": "https://website.100px.lk/wp-content/uploads/2025/11/Untitled-design-1-e1762371470578-768x293.png",
          "medium_large-width": 768,
          "medium_large-height": 293,
          "large": "https://website.100px.lk/wp-content/uploads/2025/11/Untitled-design-1-e1762371470578-1024x391.png",
          "large-width": 1024,
          "large-height": 391,
          "1536x1536": "https://website.100px.lk/wp-content/uploads/2025/11/Untitled-design-1-e1762371470578-1536x586.png",
          "1536x1536-width": 1536,
          "1536x1536-height": 586,
          "2048x2048": "https://website.100px.lk/wp-content/uploads/2025/11/Untitled-design-1-2048x2048.png",
          "2048x2048-width": 2048,
          "2048x2048-height": 2048
        }
      },
      "menu": [
        {
          "acf_fc_layout": "menu_items",
          "menu_item_name": "Home",
          "menu_item_link": {
            "title": "home",
            "url": "https://website.100px.lk/home/",
            "target": ""
          }
        },
        {
          "acf_fc_layout": "menu_items",
          "menu_item_name": "Services",
          "menu_item_link": {
            "title": "Services",
            "url": "https://website.100px.lk/services/",
            "target": ""
          }
        },
        {
          "acf_fc_layout": "menu_items",
          "menu_item_name": "Gallery",
          "menu_item_link": {
            "title": "Gallery",
            "url": "https://website.100px.lk/gallery/",
            "target": ""
          }
        },
        {
          "acf_fc_layout": "menu_items",
          "menu_item_name": "Contact Us",
          "menu_item_link": {
            "title": "Contact Us",
            "url": "https://website.100px.lk/contact-us/",
            "target": ""
          }
        }
      ],
      "important_links": [
        {
          "acf_fc_layout": "important_links_list",
          "important_link_text": "Terms & Conditions",
          "important_links": {
            "title": "Terms & Conditions",
            "url": "https://website.100px.lk/terms-conditions/",
            "target": ""
          }
        },
        {
          "acf_fc_layout": "important_links_list",
          "important_link_text": "Privacy Policy ",
          "important_links": {
            "title": "Privacy Policy",
            "url": "https://website.100px.lk/privacy-policy/",
            "target": ""
          }
        },
        {
          "acf_fc_layout": "important_links_list",
          "important_link_text": "Refund Policy",
          "important_links": {
            "title": "Refund Policy",
            "url": "https://website.100px.lk/refund-policy/",
            "target": ""
          }
        }
      ],
      "icon_groups": [
        {
          "acf_fc_layout": "icon_list",
          "list_name": "Address",
          "list_content": "100px,\r\n09 Avissawella Rd,\r\nKaduwela."
        },
        {
          "acf_fc_layout": "icon_list",
          "list_name": "Phone",
          "list_content": "+94 76 400 5700"
        },
        {
          "acf_fc_layout": "icon_list",
          "list_name": "Whatsapp",
          "list_content": "+94 76 400 5700"
        },
        {
          "acf_fc_layout": "icon_list",
          "list_name": "Email",
          "list_content": "info@100px.lk"
        },
        {
          "acf_fc_layout": "icon_list",
          "list_name": "Open Hours",
          "list_content": "9.00AM - 6.00PM"
        }
      ],
      "social_media": [
        {
          "acf_fc_layout": "social_media_links",
          "social_media_name": "Linkedin",
          "social_media_links_items": {
            "title": "",
            "url": "#",
            "target": ""
          }
        },
        {
          "acf_fc_layout": "social_media_links",
          "social_media_name": "Facebook",
          "social_media_links_items": {
            "title": "",
            "url": "#",
            "target": ""
          }
        },
        {
          "acf_fc_layout": "social_media_links",
          "social_media_name": "Instagram",
          "social_media_links_items": {
            "title": "",
            "url": "#",
            "target": ""
          }
        },
        {
          "acf_fc_layout": "social_media_links",
          "social_media_name": "Pinterest",
          "social_media_links_items": {
            "title": "",
            "url": "#",
            "target": ""
          }
        }
      ]
    },
    "_links": {
      "self": [
        {
          "href": "https://website.100px.lk/wp-json/wp/v2/footer/299",
          "targetHints": {
            "allow": [
              "GET"
            ]
          }
        }
      ],
      "collection": [
        {
          "href": "https://website.100px.lk/wp-json/wp/v2/footer"
        }
      ],
      "about": [
        {
          "href": "https://website.100px.lk/wp-json/wp/v2/types/footer"
        }
      ],
      "wp:attachment": [
        {
          "href": "https://website.100px.lk/wp-json/wp/v2/media?parent=299"
        }
      ],
      "curies": [
        {
          "name": "wp",
          "href": "https://api.w.org/{rel}",
          "templated": true
        }
      ]
    }
  }
]
Parsed Footer: {
  id: 299,
  hasACF: true,
  logoUrl: 'https://website.100px.lk/wp-content/uploads/2025/11/Untitled-design-1-e1762371470578.png',
  menuItemsCount: 4,
  socialMediaCount: 4
}
 ⚠ Unsupported metadata viewport is configured in metadata export in /privacy-policy. Please move it to viewport export instead.
Read more: https://nextjs.org/docs/app/api-reference/functions/generate-viewport
Fetching WordPress header from: https://website.100px.lk//wp-json/wp/v2/header?slug=header
Fetching WordPress footer from: https://website.100px.lk//wp-json/wp/v2/footer?slug=footer
Fetching WordPress page from: https://website.100px.lk//wp-json/wp/v2/pages?slug=refund-policy
Header API Response: [
  {
    "id": 29,
    "date": "2025-11-05T19:39:00",
    "date_gmt": "2025-11-05T19:39:00",
    "guid": {
      "rendered": "https://website.100px.lk/?post_type=header&#038;p=29"
    },
    "modified": "2025-11-06T22:45:40",
    "modified_gmt": "2025-11-06T22:45:40",
    "slug": "header",
    "status": "publish",
    "type": "header",
    "link": "https://website.100px.lk/header/header/",
    "title": {
      "rendered": "header"
    },
    "content": {
      "rendered": "",
      "protected": false
    },
    "featured_media": 0,
    "template": "",
    "meta": {
      "_acf_changed": true
    },
    "class_list": [
      "post-29",
      "header",
      "type-header",
      "status-publish",
      "hentry"
    ],
    "acf": {
      "logo": {
        "ID": 30,
        "id": 30,
        "title": "Untitled design (1)",
        "filename": "Untitled-design-1-e1762371470578.png",
        "filesize": 218510,
        "url": "https://website.100px.lk/wp-content/uploads/2025/11/Untitled-design-1-e1762371470578.png",
        "link": "https://website.100px.lk/header/header/untitled-design-1/",
        "alt": "",
        "author": "1",
        "description": "",
        "caption": "",
        "name": "untitled-design-1",
        "status": "inherit",
        "uploaded_to": 29,
        "date": "2025-11-05 19:37:09",
        "modified": "2025-11-05 19:37:09",
        "menu_order": 0,
        "mime_type": "image/png",
        "type": "image",
        "subtype": "png",
        "icon": "https://website.100px.lk/wp-includes/images/media/default.png",
        "width": 1928,
        "height": 736,
        "sizes": {
          "thumbnail": "https://website.100px.lk/wp-content/uploads/2025/11/Untitled-design-1-e1762371470578-150x150.png",
          "thumbnail-width": 150,
          "thumbnail-height": 150,
          "medium": "https://website.100px.lk/wp-content/uploads/2025/11/Untitled-design-1-e1762371470578-300x115.png",
          "medium-width": 300,
          "medium-height": 115,
          "medium_large": "https://website.100px.lk/wp-content/uploads/2025/11/Untitled-design-1-e1762371470578-768x293.png",
          "medium_large-width": 768,
          "medium_large-height": 293,
          "large": "https://website.100px.lk/wp-content/uploads/2025/11/Untitled-design-1-e1762371470578-1024x391.png",
          "large-width": 1024,
          "large-height": 391,
          "1536x1536": "https://website.100px.lk/wp-content/uploads/2025/11/Untitled-design-1-e1762371470578-1536x586.png",
          "1536x1536-width": 1536,
          "1536x1536-height": 586,
          "2048x2048": "https://website.100px.lk/wp-content/uploads/2025/11/Untitled-design-1-2048x2048.png",
          "2048x2048-width": 2048,
          "2048x2048-height": 2048
        }
      },
      "menu_items": [
        {
          "acf_fc_layout": "menu_list",
          "menu_item_name": "Home",
          "menu_item_link": {
            "title": "home",
            "url": "https://website.100px.lk/home/",
            "target": ""
          }
        },
        {
          "acf_fc_layout": "menu_list",
          "menu_item_name": "Services",
          "menu_item_link": {
            "title": "Services",
            "url": "https://website.100px.lk/services/",
            "target": ""
          }
        },
        {
          "acf_fc_layout": "menu_list",
          "menu_item_name": "Gallery",
          "menu_item_link": {
            "title": "Gallery",
            "url": "https://website.100px.lk/gallery/",
            "target": ""
          }
        },
        {
          "acf_fc_layout": "menu_list",
          "menu_item_name": "Contact Us",
          "menu_item_link": {
            "title": "Contact Us",
            "url": "https://website.100px.lk/contact-us/",
            "target": ""
          }
        }
      ],
      "quick_button_text": "Book Your Session",
      "quick_button_link": {
        "title": "",
        "url": "https://calendyo.com/100px/",
        "target": "_blank"
      }
    },
    "_links": {
      "self": [
        {
          "href": "https://website.100px.lk/wp-json/wp/v2/header/29",
          "targetHints": {
            "allow": [
              "GET"
            ]
          }
        }
      ],
      "collection": [
        {
          "href": "https://website.100px.lk/wp-json/wp/v2/header"
        }
      ],
      "about": [
        {
          "href": "https://website.100px.lk/wp-json/wp/v2/types/header"
        }
      ],
      "wp:attachment": [
        {
          "href": "https://website.100px.lk/wp-json/wp/v2/media?parent=29"
        }
      ],
      "curies": [
        {
          "name": "wp",
          "href": "https://api.w.org/{rel}",
          "templated": true
        }
      ]
    }
  }
]
Parsed Header: {
  id: 29,
  hasACF: true,
  logoUrl: 'https://website.100px.lk/wp-content/uploads/2025/11/Untitled-design-1-e1762371470578.png',
  menuItemsCount: 4,
  buttonText: 'Book Your Session'
}
Footer API Response: [
  {
    "id": 299,
    "date": "2025-11-06T01:02:44",
    "date_gmt": "2025-11-06T01:02:44",
    "guid": {
      "rendered": "https://website.100px.lk/?post_type=footer&#038;p=299"
    },
    "modified": "2025-11-23T08:50:17",
    "modified_gmt": "2025-11-23T08:50:17",
    "slug": "footer",
    "status": "publish",
    "type": "footer",
    "link": "https://website.100px.lk/footer/footer/",
    "title": {
      "rendered": "Footer"
    },
    "content": {
      "rendered": "",
      "protected": false
    },
    "featured_media": 0,
    "template": "",
    "meta": {
      "_acf_changed": true
    },
    "class_list": [
      "post-299",
      "footer",
      "type-footer",
      "status-publish",
      "hentry"
    ],
    "acf": {
      "logo": {
        "ID": 30,
        "id": 30,
        "title": "Untitled design (1)",
        "filename": "Untitled-design-1-e1762371470578.png",
        "filesize": 218510,
        "url": "https://website.100px.lk/wp-content/uploads/2025/11/Untitled-design-1-e1762371470578.png",
        "link": "https://website.100px.lk/header/header/untitled-design-1/",
        "alt": "",
        "author": "1",
        "description": "",
        "caption": "",
        "name": "untitled-design-1",
        "status": "inherit",
        "uploaded_to": 29,
        "date": "2025-11-05 19:37:09",
        "modified": "2025-11-05 19:37:09",
        "menu_order": 0,
        "mime_type": "image/png",
        "type": "image",
        "subtype": "png",
        "icon": "https://website.100px.lk/wp-includes/images/media/default.png",
        "width": 1928,
        "height": 736,
        "sizes": {
          "thumbnail": "https://website.100px.lk/wp-content/uploads/2025/11/Untitled-design-1-e1762371470578-150x150.png",
          "thumbnail-width": 150,
          "thumbnail-height": 150,
          "medium": "https://website.100px.lk/wp-content/uploads/2025/11/Untitled-design-1-e1762371470578-300x115.png",
          "medium-width": 300,
          "medium-height": 115,
          "medium_large": "https://website.100px.lk/wp-content/uploads/2025/11/Untitled-design-1-e1762371470578-768x293.png",
          "medium_large-width": 768,
          "medium_large-height": 293,
          "large": "https://website.100px.lk/wp-content/uploads/2025/11/Untitled-design-1-e1762371470578-1024x391.png",
          "large-width": 1024,
          "large-height": 391,
          "1536x1536": "https://website.100px.lk/wp-content/uploads/2025/11/Untitled-design-1-e1762371470578-1536x586.png",
          "1536x1536-width": 1536,
          "1536x1536-height": 586,
          "2048x2048": "https://website.100px.lk/wp-content/uploads/2025/11/Untitled-design-1-2048x2048.png",
          "2048x2048-width": 2048,
          "2048x2048-height": 2048
        }
      },
      "menu": [
        {
          "acf_fc_layout": "menu_items",
          "menu_item_name": "Home",
          "menu_item_link": {
            "title": "home",
            "url": "https://website.100px.lk/home/",
            "target": ""
          }
        },
        {
          "acf_fc_layout": "menu_items",
          "menu_item_name": "Services",
          "menu_item_link": {
            "title": "Services",
            "url": "https://website.100px.lk/services/",
            "target": ""
          }
        },
        {
          "acf_fc_layout": "menu_items",
          "menu_item_name": "Gallery",
          "menu_item_link": {
            "title": "Gallery",
            "url": "https://website.100px.lk/gallery/",
            "target": ""
          }
        },
        {
          "acf_fc_layout": "menu_items",
          "menu_item_name": "Contact Us",
          "menu_item_link": {
            "title": "Contact Us",
            "url": "https://website.100px.lk/contact-us/",
            "target": ""
          }
        }
      ],
      "important_links": [
        {
          "acf_fc_layout": "important_links_list",
          "important_link_text": "Terms & Conditions",
          "important_links": {
            "title": "Terms & Conditions",
            "url": "https://website.100px.lk/terms-conditions/",
            "target": ""
          }
        },
        {
          "acf_fc_layout": "important_links_list",
          "important_link_text": "Privacy Policy ",
          "important_links": {
            "title": "Privacy Policy",
            "url": "https://website.100px.lk/privacy-policy/",
            "target": ""
          }
        },
        {
          "acf_fc_layout": "important_links_list",
          "important_link_text": "Refund Policy",
          "important_links": {
            "title": "Refund Policy",
            "url": "https://website.100px.lk/refund-policy/",
            "target": ""
          }
        }
      ],
      "icon_groups": [
        {
          "acf_fc_layout": "icon_list",
          "list_name": "Address",
          "list_content": "100px,\r\n09 Avissawella Rd,\r\nKaduwela."
        },
        {
          "acf_fc_layout": "icon_list",
          "list_name": "Phone",
          "list_content": "+94 76 400 5700"
        },
        {
          "acf_fc_layout": "icon_list",
          "list_name": "Whatsapp",
          "list_content": "+94 76 400 5700"
        },
        {
          "acf_fc_layout": "icon_list",
          "list_name": "Email",
          "list_content": "info@100px.lk"
        },
        {
          "acf_fc_layout": "icon_list",
          "list_name": "Open Hours",
          "list_content": "9.00AM - 6.00PM"
        }
      ],
      "social_media": [
        {
          "acf_fc_layout": "social_media_links",
          "social_media_name": "Linkedin",
          "social_media_links_items": {
            "title": "",
            "url": "#",
            "target": ""
          }
        },
        {
          "acf_fc_layout": "social_media_links",
          "social_media_name": "Facebook",
          "social_media_links_items": {
            "title": "",
            "url": "#",
            "target": ""
          }
        },
        {
          "acf_fc_layout": "social_media_links",
          "social_media_name": "Instagram",
          "social_media_links_items": {
            "title": "",
            "url": "#",
            "target": ""
          }
        },
        {
          "acf_fc_layout": "social_media_links",
          "social_media_name": "Pinterest",
          "social_media_links_items": {
            "title": "",
            "url": "#",
            "target": ""
          }
        }
      ]
    },
    "_links": {
      "self": [
        {
          "href": "https://website.100px.lk/wp-json/wp/v2/footer/299",
          "targetHints": {
            "allow": [
              "GET"
            ]
          }
        }
      ],
      "collection": [
        {
          "href": "https://website.100px.lk/wp-json/wp/v2/footer"
        }
      ],
      "about": [
        {
          "href": "https://website.100px.lk/wp-json/wp/v2/types/footer"
        }
      ],
      "wp:attachment": [
        {
          "href": "https://website.100px.lk/wp-json/wp/v2/media?parent=299"
        }
      ],
      "curies": [
        {
          "name": "wp",
          "href": "https://api.w.org/{rel}",
          "templated": true
        }
      ]
    }
  }
]
Parsed Footer: {
  id: 299,
  hasACF: true,
  logoUrl: 'https://website.100px.lk/wp-content/uploads/2025/11/Untitled-design-1-e1762371470578.png',
  menuItemsCount: 4,
  socialMediaCount: 4
}
 ⚠ Unsupported metadata viewport is configured in metadata export in /refund-policy. Please move it to viewport export instead.
Read more: https://nextjs.org/docs/app/api-reference/functions/generate-viewport
Fetching WordPress header from: https://website.100px.lk//wp-json/wp/v2/header?slug=header
Fetching WordPress footer from: https://website.100px.lk//wp-json/wp/v2/footer?slug=footer
Fetching WordPress service from: https://website.100px.lk//wp-json/wp/v2/service?slug=fashion-creative-portraits
Header API Response: [
  {
    "id": 29,
    "date": "2025-11-05T19:39:00",
    "date_gmt": "2025-11-05T19:39:00",
    "guid": {
      "rendered": "https://website.100px.lk/?post_type=header&#038;p=29"
    },
    "modified": "2025-11-06T22:45:40",
    "modified_gmt": "2025-11-06T22:45:40",
    "slug": "header",
    "status": "publish",
    "type": "header",
    "link": "https://website.100px.lk/header/header/",
    "title": {
      "rendered": "header"
    },
    "content": {
      "rendered": "",
      "protected": false
    },
    "featured_media": 0,
    "template": "",
    "meta": {
      "_acf_changed": true
    },
    "class_list": [
      "post-29",
      "header",
      "type-header",
      "status-publish",
      "hentry"
    ],
    "acf": {
      "logo": {
        "ID": 30,
        "id": 30,
        "title": "Untitled design (1)",
        "filename": "Untitled-design-1-e1762371470578.png",
        "filesize": 218510,
        "url": "https://website.100px.lk/wp-content/uploads/2025/11/Untitled-design-1-e1762371470578.png",
        "link": "https://website.100px.lk/header/header/untitled-design-1/",
        "alt": "",
        "author": "1",
        "description": "",
        "caption": "",
        "name": "untitled-design-1",
        "status": "inherit",
        "uploaded_to": 29,
        "date": "2025-11-05 19:37:09",
        "modified": "2025-11-05 19:37:09",
        "menu_order": 0,
        "mime_type": "image/png",
        "type": "image",
        "subtype": "png",
        "icon": "https://website.100px.lk/wp-includes/images/media/default.png",
        "width": 1928,
        "height": 736,
        "sizes": {
          "thumbnail": "https://website.100px.lk/wp-content/uploads/2025/11/Untitled-design-1-e1762371470578-150x150.png",
          "thumbnail-width": 150,
          "thumbnail-height": 150,
          "medium": "https://website.100px.lk/wp-content/uploads/2025/11/Untitled-design-1-e1762371470578-300x115.png",
          "medium-width": 300,
          "medium-height": 115,
          "medium_large": "https://website.100px.lk/wp-content/uploads/2025/11/Untitled-design-1-e1762371470578-768x293.png",
          "medium_large-width": 768,
          "medium_large-height": 293,
          "large": "https://website.100px.lk/wp-content/uploads/2025/11/Untitled-design-1-e1762371470578-1024x391.png",
          "large-width": 1024,
          "large-height": 391,
          "1536x1536": "https://website.100px.lk/wp-content/uploads/2025/11/Untitled-design-1-e1762371470578-1536x586.png",
          "1536x1536-width": 1536,
          "1536x1536-height": 586,
          "2048x2048": "https://website.100px.lk/wp-content/uploads/2025/11/Untitled-design-1-2048x2048.png",
          "2048x2048-width": 2048,
          "2048x2048-height": 2048
        }
      },
      "menu_items": [
        {
          "acf_fc_layout": "menu_list",
          "menu_item_name": "Home",
          "menu_item_link": {
            "title": "home",
            "url": "https://website.100px.lk/home/",
            "target": ""
          }
        },
        {
          "acf_fc_layout": "menu_list",
          "menu_item_name": "Services",
          "menu_item_link": {
            "title": "Services",
            "url": "https://website.100px.lk/services/",
            "target": ""
          }
        },
        {
          "acf_fc_layout": "menu_list",
          "menu_item_name": "Gallery",
          "menu_item_link": {
            "title": "Gallery",
            "url": "https://website.100px.lk/gallery/",
            "target": ""
          }
        },
        {
          "acf_fc_layout": "menu_list",
          "menu_item_name": "Contact Us",
          "menu_item_link": {
            "title": "Contact Us",
            "url": "https://website.100px.lk/contact-us/",
            "target": ""
          }
        }
      ],
      "quick_button_text": "Book Your Session",
      "quick_button_link": {
        "title": "",
        "url": "https://calendyo.com/100px/",
        "target": "_blank"
      }
    },
    "_links": {
      "self": [
        {
          "href": "https://website.100px.lk/wp-json/wp/v2/header/29",
          "targetHints": {
            "allow": [
              "GET"
            ]
          }
        }
      ],
      "collection": [
        {
          "href": "https://website.100px.lk/wp-json/wp/v2/header"
        }
      ],
      "about": [
        {
          "href": "https://website.100px.lk/wp-json/wp/v2/types/header"
        }
      ],
      "wp:attachment": [
        {
          "href": "https://website.100px.lk/wp-json/wp/v2/media?parent=29"
        }
      ],
      "curies": [
        {
          "name": "wp",
          "href": "https://api.w.org/{rel}",
          "templated": true
        }
      ]
    }
  }
]
Parsed Header: {
  id: 29,
  hasACF: true,
  logoUrl: 'https://website.100px.lk/wp-content/uploads/2025/11/Untitled-design-1-e1762371470578.png',
  menuItemsCount: 4,
  buttonText: 'Book Your Session'
}
Footer API Response: [
  {
    "id": 299,
    "date": "2025-11-06T01:02:44",
    "date_gmt": "2025-11-06T01:02:44",
    "guid": {
      "rendered": "https://website.100px.lk/?post_type=footer&#038;p=299"
    },
    "modified": "2025-11-23T08:50:17",
    "modified_gmt": "2025-11-23T08:50:17",
    "slug": "footer",
    "status": "publish",
    "type": "footer",
    "link": "https://website.100px.lk/footer/footer/",
    "title": {
      "rendered": "Footer"
    },
    "content": {
      "rendered": "",
      "protected": false
    },
    "featured_media": 0,
    "template": "",
    "meta": {
      "_acf_changed": true
    },
    "class_list": [
      "post-299",
      "footer",
      "type-footer",
      "status-publish",
      "hentry"
    ],
    "acf": {
      "logo": {
        "ID": 30,
        "id": 30,
        "title": "Untitled design (1)",
        "filename": "Untitled-design-1-e1762371470578.png",
        "filesize": 218510,
        "url": "https://website.100px.lk/wp-content/uploads/2025/11/Untitled-design-1-e1762371470578.png",
        "link": "https://website.100px.lk/header/header/untitled-design-1/",
        "alt": "",
        "author": "1",
        "description": "",
        "caption": "",
        "name": "untitled-design-1",
        "status": "inherit",
        "uploaded_to": 29,
        "date": "2025-11-05 19:37:09",
        "modified": "2025-11-05 19:37:09",
        "menu_order": 0,
        "mime_type": "image/png",
        "type": "image",
        "subtype": "png",
        "icon": "https://website.100px.lk/wp-includes/images/media/default.png",
        "width": 1928,
        "height": 736,
        "sizes": {
          "thumbnail": "https://website.100px.lk/wp-content/uploads/2025/11/Untitled-design-1-e1762371470578-150x150.png",
          "thumbnail-width": 150,
          "thumbnail-height": 150,
          "medium": "https://website.100px.lk/wp-content/uploads/2025/11/Untitled-design-1-e1762371470578-300x115.png",
          "medium-width": 300,
          "medium-height": 115,
          "medium_large": "https://website.100px.lk/wp-content/uploads/2025/11/Untitled-design-1-e1762371470578-768x293.png",
          "medium_large-width": 768,
          "medium_large-height": 293,
          "large": "https://website.100px.lk/wp-content/uploads/2025/11/Untitled-design-1-e1762371470578-1024x391.png",
          "large-width": 1024,
          "large-height": 391,
          "1536x1536": "https://website.100px.lk/wp-content/uploads/2025/11/Untitled-design-1-e1762371470578-1536x586.png",
          "1536x1536-width": 1536,
          "1536x1536-height": 586,
          "2048x2048": "https://website.100px.lk/wp-content/uploads/2025/11/Untitled-design-1-2048x2048.png",
          "2048x2048-width": 2048,
          "2048x2048-height": 2048
        }
      },
      "menu": [
        {
          "acf_fc_layout": "menu_items",
          "menu_item_name": "Home",
          "menu_item_link": {
            "title": "home",
            "url": "https://website.100px.lk/home/",
            "target": ""
          }
        },
        {
          "acf_fc_layout": "menu_items",
          "menu_item_name": "Services",
          "menu_item_link": {
            "title": "Services",
            "url": "https://website.100px.lk/services/",
            "target": ""
          }
        },
        {
          "acf_fc_layout": "menu_items",
          "menu_item_name": "Gallery",
          "menu_item_link": {
            "title": "Gallery",
            "url": "https://website.100px.lk/gallery/",
            "target": ""
          }
        },
        {
          "acf_fc_layout": "menu_items",
          "menu_item_name": "Contact Us",
          "menu_item_link": {
            "title": "Contact Us",
            "url": "https://website.100px.lk/contact-us/",
            "target": ""
          }
        }
      ],
      "important_links": [
        {
          "acf_fc_layout": "important_links_list",
          "important_link_text": "Terms & Conditions",
          "important_links": {
            "title": "Terms & Conditions",
            "url": "https://website.100px.lk/terms-conditions/",
            "target": ""
          }
        },
        {
          "acf_fc_layout": "important_links_list",
          "important_link_text": "Privacy Policy ",
          "important_links": {
            "title": "Privacy Policy",
            "url": "https://website.100px.lk/privacy-policy/",
            "target": ""
          }
        },
        {
          "acf_fc_layout": "important_links_list",
          "important_link_text": "Refund Policy",
          "important_links": {
            "title": "Refund Policy",
            "url": "https://website.100px.lk/refund-policy/",
            "target": ""
          }
        }
      ],
      "icon_groups": [
        {
          "acf_fc_layout": "icon_list",
          "list_name": "Address",
          "list_content": "100px,\r\n09 Avissawella Rd,\r\nKaduwela."
        },
        {
          "acf_fc_layout": "icon_list",
          "list_name": "Phone",
          "list_content": "+94 76 400 5700"
        },
        {
          "acf_fc_layout": "icon_list",
          "list_name": "Whatsapp",
          "list_content": "+94 76 400 5700"
        },
        {
          "acf_fc_layout": "icon_list",
          "list_name": "Email",
          "list_content": "info@100px.lk"
        },
        {
          "acf_fc_layout": "icon_list",
          "list_name": "Open Hours",
          "list_content": "9.00AM - 6.00PM"
        }
      ],
      "social_media": [
        {
          "acf_fc_layout": "social_media_links",
          "social_media_name": "Linkedin",
          "social_media_links_items": {
            "title": "",
            "url": "#",
            "target": ""
          }
        },
        {
          "acf_fc_layout": "social_media_links",
          "social_media_name": "Facebook",
          "social_media_links_items": {
            "title": "",
            "url": "#",
            "target": ""
          }
        },
        {
          "acf_fc_layout": "social_media_links",
          "social_media_name": "Instagram",
          "social_media_links_items": {
            "title": "",
            "url": "#",
            "target": ""
          }
        },
        {
          "acf_fc_layout": "social_media_links",
          "social_media_name": "Pinterest",
          "social_media_links_items": {
            "title": "",
            "url": "#",
            "target": ""
          }
        }
      ]
    },
    "_links": {
      "self": [
        {
          "href": "https://website.100px.lk/wp-json/wp/v2/footer/299",
          "targetHints": {
            "allow": [
              "GET"
            ]
          }
        }
      ],
      "collection": [
        {
          "href": "https://website.100px.lk/wp-json/wp/v2/footer"
        }
      ],
      "about": [
        {
          "href": "https://website.100px.lk/wp-json/wp/v2/types/footer"
        }
      ],
      "wp:attachment": [
        {
          "href": "https://website.100px.lk/wp-json/wp/v2/media?parent=299"
        }
      ],
      "curies": [
        {
          "name": "wp",
          "href": "https://api.w.org/{rel}",
          "templated": true
        }
      ]
    }
  }
]
Parsed Footer: {
  id: 299,
  hasACF: true,
  logoUrl: 'https://website.100px.lk/wp-content/uploads/2025/11/Untitled-design-1-e1762371470578.png',
  menuItemsCount: 4,
  socialMediaCount: 4
}
Fetching WordPress service from: https://website.100px.lk//wp-json/wp/v2/service?slug=fashion-creative-portraits
Fetching WordPress header from: https://website.100px.lk//wp-json/wp/v2/header?slug=header
Fetching WordPress footer from: https://website.100px.lk//wp-json/wp/v2/footer?slug=footer
Fetching WordPress service from: https://website.100px.lk//wp-json/wp/v2/service?slug=special-graduation-couple-package
Header API Response: [
  {
    "id": 29,
    "date": "2025-11-05T19:39:00",
    "date_gmt": "2025-11-05T19:39:00",
    "guid": {
      "rendered": "https://website.100px.lk/?post_type=header&#038;p=29"
    },
    "modified": "2025-11-06T22:45:40",
    "modified_gmt": "2025-11-06T22:45:40",
    "slug": "header",
    "status": "publish",
    "type": "header",
    "link": "https://website.100px.lk/header/header/",
    "title": {
      "rendered": "header"
    },
    "content": {
      "rendered": "",
      "protected": false
    },
    "featured_media": 0,
    "template": "",
    "meta": {
      "_acf_changed": true
    },
    "class_list": [
      "post-29",
      "header",
      "type-header",
      "status-publish",
      "hentry"
    ],
    "acf": {
      "logo": {
        "ID": 30,
        "id": 30,
        "title": "Untitled design (1)",
        "filename": "Untitled-design-1-e1762371470578.png",
        "filesize": 218510,
        "url": "https://website.100px.lk/wp-content/uploads/2025/11/Untitled-design-1-e1762371470578.png",
        "link": "https://website.100px.lk/header/header/untitled-design-1/",
        "alt": "",
        "author": "1",
        "description": "",
        "caption": "",
        "name": "untitled-design-1",
        "status": "inherit",
        "uploaded_to": 29,
        "date": "2025-11-05 19:37:09",
        "modified": "2025-11-05 19:37:09",
        "menu_order": 0,
        "mime_type": "image/png",
        "type": "image",
        "subtype": "png",
        "icon": "https://website.100px.lk/wp-includes/images/media/default.png",
        "width": 1928,
        "height": 736,
        "sizes": {
          "thumbnail": "https://website.100px.lk/wp-content/uploads/2025/11/Untitled-design-1-e1762371470578-150x150.png",
          "thumbnail-width": 150,
          "thumbnail-height": 150,
          "medium": "https://website.100px.lk/wp-content/uploads/2025/11/Untitled-design-1-e1762371470578-300x115.png",
          "medium-width": 300,
          "medium-height": 115,
          "medium_large": "https://website.100px.lk/wp-content/uploads/2025/11/Untitled-design-1-e1762371470578-768x293.png",
          "medium_large-width": 768,
          "medium_large-height": 293,
          "large": "https://website.100px.lk/wp-content/uploads/2025/11/Untitled-design-1-e1762371470578-1024x391.png",
          "large-width": 1024,
          "large-height": 391,
          "1536x1536": "https://website.100px.lk/wp-content/uploads/2025/11/Untitled-design-1-e1762371470578-1536x586.png",
          "1536x1536-width": 1536,
          "1536x1536-height": 586,
          "2048x2048": "https://website.100px.lk/wp-content/uploads/2025/11/Untitled-design-1-2048x2048.png",
          "2048x2048-width": 2048,
          "2048x2048-height": 2048
        }
      },
      "menu_items": [
        {
          "acf_fc_layout": "menu_list",
          "menu_item_name": "Home",
          "menu_item_link": {
            "title": "home",
            "url": "https://website.100px.lk/home/",
            "target": ""
          }
        },
        {
          "acf_fc_layout": "menu_list",
          "menu_item_name": "Services",
          "menu_item_link": {
            "title": "Services",
            "url": "https://website.100px.lk/services/",
            "target": ""
          }
        },
        {
          "acf_fc_layout": "menu_list",
          "menu_item_name": "Gallery",
          "menu_item_link": {
            "title": "Gallery",
            "url": "https://website.100px.lk/gallery/",
            "target": ""
          }
        },
        {
          "acf_fc_layout": "menu_list",
          "menu_item_name": "Contact Us",
          "menu_item_link": {
            "title": "Contact Us",
            "url": "https://website.100px.lk/contact-us/",
            "target": ""
          }
        }
      ],
      "quick_button_text": "Book Your Session",
      "quick_button_link": {
        "title": "",
        "url": "https://calendyo.com/100px/",
        "target": "_blank"
      }
    },
    "_links": {
      "self": [
        {
          "href": "https://website.100px.lk/wp-json/wp/v2/header/29",
          "targetHints": {
            "allow": [
              "GET"
            ]
          }
        }
      ],
      "collection": [
        {
          "href": "https://website.100px.lk/wp-json/wp/v2/header"
        }
      ],
      "about": [
        {
          "href": "https://website.100px.lk/wp-json/wp/v2/types/header"
        }
      ],
      "wp:attachment": [
        {
          "href": "https://website.100px.lk/wp-json/wp/v2/media?parent=29"
        }
      ],
      "curies": [
        {
          "name": "wp",
          "href": "https://api.w.org/{rel}",
          "templated": true
        }
      ]
    }
  }
]
Parsed Header: {
  id: 29,
  hasACF: true,
  logoUrl: 'https://website.100px.lk/wp-content/uploads/2025/11/Untitled-design-1-e1762371470578.png',
  menuItemsCount: 4,
  buttonText: 'Book Your Session'
}
Footer API Response: [
  {
    "id": 299,
    "date": "2025-11-06T01:02:44",
    "date_gmt": "2025-11-06T01:02:44",
    "guid": {
      "rendered": "https://website.100px.lk/?post_type=footer&#038;p=299"
    },
    "modified": "2025-11-23T08:50:17",
    "modified_gmt": "2025-11-23T08:50:17",
    "slug": "footer",
    "status": "publish",
    "type": "footer",
    "link": "https://website.100px.lk/footer/footer/",
    "title": {
      "rendered": "Footer"
    },
    "content": {
      "rendered": "",
      "protected": false
    },
    "featured_media": 0,
    "template": "",
    "meta": {
      "_acf_changed": true
    },
    "class_list": [
      "post-299",
      "footer",
      "type-footer",
      "status-publish",
      "hentry"
    ],
    "acf": {
      "logo": {
        "ID": 30,
        "id": 30,
        "title": "Untitled design (1)",
        "filename": "Untitled-design-1-e1762371470578.png",
        "filesize": 218510,
        "url": "https://website.100px.lk/wp-content/uploads/2025/11/Untitled-design-1-e1762371470578.png",
        "link": "https://website.100px.lk/header/header/untitled-design-1/",
        "alt": "",
        "author": "1",
        "description": "",
        "caption": "",
        "name": "untitled-design-1",
        "status": "inherit",
        "uploaded_to": 29,
        "date": "2025-11-05 19:37:09",
        "modified": "2025-11-05 19:37:09",
        "menu_order": 0,
        "mime_type": "image/png",
        "type": "image",
        "subtype": "png",
        "icon": "https://website.100px.lk/wp-includes/images/media/default.png",
        "width": 1928,
        "height": 736,
        "sizes": {
          "thumbnail": "https://website.100px.lk/wp-content/uploads/2025/11/Untitled-design-1-e1762371470578-150x150.png",
          "thumbnail-width": 150,
          "thumbnail-height": 150,
          "medium": "https://website.100px.lk/wp-content/uploads/2025/11/Untitled-design-1-e1762371470578-300x115.png",
          "medium-width": 300,
          "medium-height": 115,
          "medium_large": "https://website.100px.lk/wp-content/uploads/2025/11/Untitled-design-1-e1762371470578-768x293.png",
          "medium_large-width": 768,
          "medium_large-height": 293,
          "large": "https://website.100px.lk/wp-content/uploads/2025/11/Untitled-design-1-e1762371470578-1024x391.png",
          "large-width": 1024,
          "large-height": 391,
          "1536x1536": "https://website.100px.lk/wp-content/uploads/2025/11/Untitled-design-1-e1762371470578-1536x586.png",
          "1536x1536-width": 1536,
          "1536x1536-height": 586,
          "2048x2048": "https://website.100px.lk/wp-content/uploads/2025/11/Untitled-design-1-2048x2048.png",
          "2048x2048-width": 2048,
          "2048x2048-height": 2048
        }
      },
      "menu": [
        {
          "acf_fc_layout": "menu_items",
          "menu_item_name": "Home",
          "menu_item_link": {
            "title": "home",
            "url": "https://website.100px.lk/home/",
            "target": ""
          }
        },
        {
          "acf_fc_layout": "menu_items",
          "menu_item_name": "Services",
          "menu_item_link": {
            "title": "Services",
            "url": "https://website.100px.lk/services/",
            "target": ""
          }
        },
        {
          "acf_fc_layout": "menu_items",
          "menu_item_name": "Gallery",
          "menu_item_link": {
            "title": "Gallery",
            "url": "https://website.100px.lk/gallery/",
            "target": ""
          }
        },
        {
          "acf_fc_layout": "menu_items",
          "menu_item_name": "Contact Us",
          "menu_item_link": {
            "title": "Contact Us",
            "url": "https://website.100px.lk/contact-us/",
            "target": ""
          }
        }
      ],
      "important_links": [
        {
          "acf_fc_layout": "important_links_list",
          "important_link_text": "Terms & Conditions",
          "important_links": {
            "title": "Terms & Conditions",
            "url": "https://website.100px.lk/terms-conditions/",
            "target": ""
          }
        },
        {
          "acf_fc_layout": "important_links_list",
          "important_link_text": "Privacy Policy ",
          "important_links": {
            "title": "Privacy Policy",
            "url": "https://website.100px.lk/privacy-policy/",
            "target": ""
          }
        },
        {
          "acf_fc_layout": "important_links_list",
          "important_link_text": "Refund Policy",
          "important_links": {
            "title": "Refund Policy",
            "url": "https://website.100px.lk/refund-policy/",
            "target": ""
          }
        }
      ],
      "icon_groups": [
        {
          "acf_fc_layout": "icon_list",
          "list_name": "Address",
          "list_content": "100px,\r\n09 Avissawella Rd,\r\nKaduwela."
        },
        {
          "acf_fc_layout": "icon_list",
          "list_name": "Phone",
          "list_content": "+94 76 400 5700"
        },
        {
          "acf_fc_layout": "icon_list",
          "list_name": "Whatsapp",
          "list_content": "+94 76 400 5700"
        },
        {
          "acf_fc_layout": "icon_list",
          "list_name": "Email",
          "list_content": "info@100px.lk"
        },
        {
          "acf_fc_layout": "icon_list",
          "list_name": "Open Hours",
          "list_content": "9.00AM - 6.00PM"
        }
      ],
      "social_media": [
        {
          "acf_fc_layout": "social_media_links",
          "social_media_name": "Linkedin",
          "social_media_links_items": {
            "title": "",
            "url": "#",
            "target": ""
          }
        },
        {
          "acf_fc_layout": "social_media_links",
          "social_media_name": "Facebook",
          "social_media_links_items": {
            "title": "",
            "url": "#",
            "target": ""
          }
        },
        {
          "acf_fc_layout": "social_media_links",
          "social_media_name": "Instagram",
          "social_media_links_items": {
            "title": "",
            "url": "#",
            "target": ""
          }
        },
        {
          "acf_fc_layout": "social_media_links",
          "social_media_name": "Pinterest",
          "social_media_links_items": {
            "title": "",
            "url": "#",
            "target": ""
          }
        }
      ]
    },
    "_links": {
      "self": [
        {
          "href": "https://website.100px.lk/wp-json/wp/v2/footer/299",
          "targetHints": {
            "allow": [
              "GET"
            ]
          }
        }
      ],
      "collection": [
        {
          "href": "https://website.100px.lk/wp-json/wp/v2/footer"
        }
      ],
      "about": [
        {
          "href": "https://website.100px.lk/wp-json/wp/v2/types/footer"
        }
      ],
      "wp:attachment": [
        {
          "href": "https://website.100px.lk/wp-json/wp/v2/media?parent=299"
        }
      ],
      "curies": [
        {
          "name": "wp",
          "href": "https://api.w.org/{rel}",
          "templated": true
        }
      ]
    }
  }
]
Parsed Footer: {
  id: 299,
  hasACF: true,
  logoUrl: 'https://website.100px.lk/wp-content/uploads/2025/11/Untitled-design-1-e1762371470578.png',
  menuItemsCount: 4,
  socialMediaCount: 4
}
Fetching WordPress service from: https://website.100px.lk//wp-json/wp/v2/service?slug=special-graduation-couple-package
Fetching WordPress header from: https://website.100px.lk//wp-json/wp/v2/header?slug=header
Fetching WordPress footer from: https://website.100px.lk//wp-json/wp/v2/footer?slug=footer
Fetching WordPress service from: https://website.100px.lk//wp-json/wp/v2/service?slug=special-celebration-portraits
Header API Response: [
  {
    "id": 29,
    "date": "2025-11-05T19:39:00",
    "date_gmt": "2025-11-05T19:39:00",
    "guid": {
      "rendered": "https://website.100px.lk/?post_type=header&#038;p=29"
    },
    "modified": "2025-11-06T22:45:40",
    "modified_gmt": "2025-11-06T22:45:40",
    "slug": "header",
    "status": "publish",
    "type": "header",
    "link": "https://website.100px.lk/header/header/",
    "title": {
      "rendered": "header"
    },
    "content": {
      "rendered": "",
      "protected": false
    },
    "featured_media": 0,
    "template": "",
    "meta": {
      "_acf_changed": true
    },
    "class_list": [
      "post-29",
      "header",
      "type-header",
      "status-publish",
      "hentry"
    ],
    "acf": {
      "logo": {
        "ID": 30,
        "id": 30,
        "title": "Untitled design (1)",
        "filename": "Untitled-design-1-e1762371470578.png",
        "filesize": 218510,
        "url": "https://website.100px.lk/wp-content/uploads/2025/11/Untitled-design-1-e1762371470578.png",
        "link": "https://website.100px.lk/header/header/untitled-design-1/",
        "alt": "",
        "author": "1",
        "description": "",
        "caption": "",
        "name": "untitled-design-1",
        "status": "inherit",
        "uploaded_to": 29,
        "date": "2025-11-05 19:37:09",
        "modified": "2025-11-05 19:37:09",
        "menu_order": 0,
        "mime_type": "image/png",
        "type": "image",
        "subtype": "png",
        "icon": "https://website.100px.lk/wp-includes/images/media/default.png",
        "width": 1928,
        "height": 736,
        "sizes": {
          "thumbnail": "https://website.100px.lk/wp-content/uploads/2025/11/Untitled-design-1-e1762371470578-150x150.png",
          "thumbnail-width": 150,
          "thumbnail-height": 150,
          "medium": "https://website.100px.lk/wp-content/uploads/2025/11/Untitled-design-1-e1762371470578-300x115.png",
          "medium-width": 300,
          "medium-height": 115,
          "medium_large": "https://website.100px.lk/wp-content/uploads/2025/11/Untitled-design-1-e1762371470578-768x293.png",
          "medium_large-width": 768,
          "medium_large-height": 293,
          "large": "https://website.100px.lk/wp-content/uploads/2025/11/Untitled-design-1-e1762371470578-1024x391.png",
          "large-width": 1024,
          "large-height": 391,
          "1536x1536": "https://website.100px.lk/wp-content/uploads/2025/11/Untitled-design-1-e1762371470578-1536x586.png",
          "1536x1536-width": 1536,
          "1536x1536-height": 586,
          "2048x2048": "https://website.100px.lk/wp-content/uploads/2025/11/Untitled-design-1-2048x2048.png",
          "2048x2048-width": 2048,
          "2048x2048-height": 2048
        }
      },
      "menu_items": [
        {
          "acf_fc_layout": "menu_list",
          "menu_item_name": "Home",
          "menu_item_link": {
            "title": "home",
            "url": "https://website.100px.lk/home/",
            "target": ""
          }
        },
        {
          "acf_fc_layout": "menu_list",
          "menu_item_name": "Services",
          "menu_item_link": {
            "title": "Services",
            "url": "https://website.100px.lk/services/",
            "target": ""
          }
        },
        {
          "acf_fc_layout": "menu_list",
          "menu_item_name": "Gallery",
          "menu_item_link": {
            "title": "Gallery",
            "url": "https://website.100px.lk/gallery/",
            "target": ""
          }
        },
        {
          "acf_fc_layout": "menu_list",
          "menu_item_name": "Contact Us",
          "menu_item_link": {
            "title": "Contact Us",
            "url": "https://website.100px.lk/contact-us/",
            "target": ""
          }
        }
      ],
      "quick_button_text": "Book Your Session",
      "quick_button_link": {
        "title": "",
        "url": "https://calendyo.com/100px/",
        "target": "_blank"
      }
    },
    "_links": {
      "self": [
        {
          "href": "https://website.100px.lk/wp-json/wp/v2/header/29",
          "targetHints": {
            "allow": [
              "GET"
            ]
          }
        }
      ],
      "collection": [
        {
          "href": "https://website.100px.lk/wp-json/wp/v2/header"
        }
      ],
      "about": [
        {
          "href": "https://website.100px.lk/wp-json/wp/v2/types/header"
        }
      ],
      "wp:attachment": [
        {
          "href": "https://website.100px.lk/wp-json/wp/v2/media?parent=29"
        }
      ],
      "curies": [
        {
          "name": "wp",
          "href": "https://api.w.org/{rel}",
          "templated": true
        }
      ]
    }
  }
]
Parsed Header: {
  id: 29,
  hasACF: true,
  logoUrl: 'https://website.100px.lk/wp-content/uploads/2025/11/Untitled-design-1-e1762371470578.png',
  menuItemsCount: 4,
  buttonText: 'Book Your Session'
}
Footer API Response: [
  {
    "id": 299,
    "date": "2025-11-06T01:02:44",
    "date_gmt": "2025-11-06T01:02:44",
    "guid": {
      "rendered": "https://website.100px.lk/?post_type=footer&#038;p=299"
    },
    "modified": "2025-11-23T08:50:17",
    "modified_gmt": "2025-11-23T08:50:17",
    "slug": "footer",
    "status": "publish",
    "type": "footer",
    "link": "https://website.100px.lk/footer/footer/",
    "title": {
      "rendered": "Footer"
    },
    "content": {
      "rendered": "",
      "protected": false
    },
    "featured_media": 0,
    "template": "",
    "meta": {
      "_acf_changed": true
    },
    "class_list": [
      "post-299",
      "footer",
      "type-footer",
      "status-publish",
      "hentry"
    ],
    "acf": {
      "logo": {
        "ID": 30,
        "id": 30,
        "title": "Untitled design (1)",
        "filename": "Untitled-design-1-e1762371470578.png",
        "filesize": 218510,
        "url": "https://website.100px.lk/wp-content/uploads/2025/11/Untitled-design-1-e1762371470578.png",
        "link": "https://website.100px.lk/header/header/untitled-design-1/",
        "alt": "",
        "author": "1",
        "description": "",
        "caption": "",
        "name": "untitled-design-1",
        "status": "inherit",
        "uploaded_to": 29,
        "date": "2025-11-05 19:37:09",
        "modified": "2025-11-05 19:37:09",
        "menu_order": 0,
        "mime_type": "image/png",
        "type": "image",
        "subtype": "png",
        "icon": "https://website.100px.lk/wp-includes/images/media/default.png",
        "width": 1928,
        "height": 736,
        "sizes": {
          "thumbnail": "https://website.100px.lk/wp-content/uploads/2025/11/Untitled-design-1-e1762371470578-150x150.png",
          "thumbnail-width": 150,
          "thumbnail-height": 150,
          "medium": "https://website.100px.lk/wp-content/uploads/2025/11/Untitled-design-1-e1762371470578-300x115.png",
          "medium-width": 300,
          "medium-height": 115,
          "medium_large": "https://website.100px.lk/wp-content/uploads/2025/11/Untitled-design-1-e1762371470578-768x293.png",
          "medium_large-width": 768,
          "medium_large-height": 293,
          "large": "https://website.100px.lk/wp-content/uploads/2025/11/Untitled-design-1-e1762371470578-1024x391.png",
          "large-width": 1024,
          "large-height": 391,
          "1536x1536": "https://website.100px.lk/wp-content/uploads/2025/11/Untitled-design-1-e1762371470578-1536x586.png",
          "1536x1536-width": 1536,
          "1536x1536-height": 586,
          "2048x2048": "https://website.100px.lk/wp-content/uploads/2025/11/Untitled-design-1-2048x2048.png",
          "2048x2048-width": 2048,
          "2048x2048-height": 2048
        }
      },
      "menu": [
        {
          "acf_fc_layout": "menu_items",
          "menu_item_name": "Home",
          "menu_item_link": {
            "title": "home",
            "url": "https://website.100px.lk/home/",
            "target": ""
          }
        },
        {
          "acf_fc_layout": "menu_items",
          "menu_item_name": "Services",
          "menu_item_link": {
            "title": "Services",
            "url": "https://website.100px.lk/services/",
            "target": ""
          }
        },
        {
          "acf_fc_layout": "menu_items",
          "menu_item_name": "Gallery",
          "menu_item_link": {
            "title": "Gallery",
            "url": "https://website.100px.lk/gallery/",
            "target": ""
          }
        },
        {
          "acf_fc_layout": "menu_items",
          "menu_item_name": "Contact Us",
          "menu_item_link": {
            "title": "Contact Us",
            "url": "https://website.100px.lk/contact-us/",
            "target": ""
          }
        }
      ],
      "important_links": [
        {
          "acf_fc_layout": "important_links_list",
          "important_link_text": "Terms & Conditions",
          "important_links": {
            "title": "Terms & Conditions",
            "url": "https://website.100px.lk/terms-conditions/",
            "target": ""
          }
        },
        {
          "acf_fc_layout": "important_links_list",
          "important_link_text": "Privacy Policy ",
          "important_links": {
            "title": "Privacy Policy",
            "url": "https://website.100px.lk/privacy-policy/",
            "target": ""
          }
        },
        {
          "acf_fc_layout": "important_links_list",
          "important_link_text": "Refund Policy",
          "important_links": {
            "title": "Refund Policy",
            "url": "https://website.100px.lk/refund-policy/",
            "target": ""
          }
        }
      ],
      "icon_groups": [
        {
          "acf_fc_layout": "icon_list",
          "list_name": "Address",
          "list_content": "100px,\r\n09 Avissawella Rd,\r\nKaduwela."
        },
        {
          "acf_fc_layout": "icon_list",
          "list_name": "Phone",
          "list_content": "+94 76 400 5700"
        },
        {
          "acf_fc_layout": "icon_list",
          "list_name": "Whatsapp",
          "list_content": "+94 76 400 5700"
        },
        {
          "acf_fc_layout": "icon_list",
          "list_name": "Email",
          "list_content": "info@100px.lk"
        },
        {
          "acf_fc_layout": "icon_list",
          "list_name": "Open Hours",
          "list_content": "9.00AM - 6.00PM"
        }
      ],
      "social_media": [
        {
          "acf_fc_layout": "social_media_links",
          "social_media_name": "Linkedin",
          "social_media_links_items": {
            "title": "",
            "url": "#",
            "target": ""
          }
        },
        {
          "acf_fc_layout": "social_media_links",
          "social_media_name": "Facebook",
          "social_media_links_items": {
            "title": "",
            "url": "#",
            "target": ""
          }
        },
        {
          "acf_fc_layout": "social_media_links",
          "social_media_name": "Instagram",
          "social_media_links_items": {
            "title": "",
            "url": "#",
            "target": ""
          }
        },
        {
          "acf_fc_layout": "social_media_links",
          "social_media_name": "Pinterest",
          "social_media_links_items": {
            "title": "",
            "url": "#",
            "target": ""
          }
        }
      ]
    },
    "_links": {
      "self": [
        {
          "href": "https://website.100px.lk/wp-json/wp/v2/footer/299",
          "targetHints": {
            "allow": [
              "GET"
            ]
          }
        }
      ],
      "collection": [
        {
          "href": "https://website.100px.lk/wp-json/wp/v2/footer"
        }
      ],
      "about": [
        {
          "href": "https://website.100px.lk/wp-json/wp/v2/types/footer"
        }
      ],
      "wp:attachment": [
        {
          "href": "https://website.100px.lk/wp-json/wp/v2/media?parent=299"
        }
      ],
      "curies": [
        {
          "name": "wp",
          "href": "https://api.w.org/{rel}",
          "templated": true
        }
      ]
    }
  }
]
Parsed Footer: {
  id: 299,
  hasACF: true,
  logoUrl: 'https://website.100px.lk/wp-content/uploads/2025/11/Untitled-design-1-e1762371470578.png',
  menuItemsCount: 4,
  socialMediaCount: 4
}
Fetching WordPress service from: https://website.100px.lk//wp-json/wp/v2/service?slug=special-celebration-portraits
Fetching WordPress header from: https://website.100px.lk//wp-json/wp/v2/header?slug=header
Fetching WordPress footer from: https://website.100px.lk//wp-json/wp/v2/footer?slug=footer
Fetching WordPress service from: https://website.100px.lk//wp-json/wp/v2/service?slug=graduation-individual-portraits
Header API Response: [
  {
    "id": 29,
    "date": "2025-11-05T19:39:00",
    "date_gmt": "2025-11-05T19:39:00",
    "guid": {
      "rendered": "https://website.100px.lk/?post_type=header&#038;p=29"
    },
    "modified": "2025-11-06T22:45:40",
    "modified_gmt": "2025-11-06T22:45:40",
    "slug": "header",
    "status": "publish",
    "type": "header",
    "link": "https://website.100px.lk/header/header/",
    "title": {
      "rendered": "header"
    },
    "content": {
      "rendered": "",
      "protected": false
    },
    "featured_media": 0,
    "template": "",
    "meta": {
      "_acf_changed": true
    },
    "class_list": [
      "post-29",
      "header",
      "type-header",
      "status-publish",
      "hentry"
    ],
    "acf": {
      "logo": {
        "ID": 30,
        "id": 30,
        "title": "Untitled design (1)",
        "filename": "Untitled-design-1-e1762371470578.png",
        "filesize": 218510,
        "url": "https://website.100px.lk/wp-content/uploads/2025/11/Untitled-design-1-e1762371470578.png",
        "link": "https://website.100px.lk/header/header/untitled-design-1/",
        "alt": "",
        "author": "1",
        "description": "",
        "caption": "",
        "name": "untitled-design-1",
        "status": "inherit",
        "uploaded_to": 29,
        "date": "2025-11-05 19:37:09",
        "modified": "2025-11-05 19:37:09",
        "menu_order": 0,
        "mime_type": "image/png",
        "type": "image",
        "subtype": "png",
        "icon": "https://website.100px.lk/wp-includes/images/media/default.png",
        "width": 1928,
        "height": 736,
        "sizes": {
          "thumbnail": "https://website.100px.lk/wp-content/uploads/2025/11/Untitled-design-1-e1762371470578-150x150.png",
          "thumbnail-width": 150,
          "thumbnail-height": 150,
          "medium": "https://website.100px.lk/wp-content/uploads/2025/11/Untitled-design-1-e1762371470578-300x115.png",
          "medium-width": 300,
          "medium-height": 115,
          "medium_large": "https://website.100px.lk/wp-content/uploads/2025/11/Untitled-design-1-e1762371470578-768x293.png",
          "medium_large-width": 768,
          "medium_large-height": 293,
          "large": "https://website.100px.lk/wp-content/uploads/2025/11/Untitled-design-1-e1762371470578-1024x391.png",
          "large-width": 1024,
          "large-height": 391,
          "1536x1536": "https://website.100px.lk/wp-content/uploads/2025/11/Untitled-design-1-e1762371470578-1536x586.png",
          "1536x1536-width": 1536,
          "1536x1536-height": 586,
          "2048x2048": "https://website.100px.lk/wp-content/uploads/2025/11/Untitled-design-1-2048x2048.png",
          "2048x2048-width": 2048,
          "2048x2048-height": 2048
        }
      },
      "menu_items": [
        {
          "acf_fc_layout": "menu_list",
          "menu_item_name": "Home",
          "menu_item_link": {
            "title": "home",
            "url": "https://website.100px.lk/home/",
            "target": ""
          }
        },
        {
          "acf_fc_layout": "menu_list",
          "menu_item_name": "Services",
          "menu_item_link": {
            "title": "Services",
            "url": "https://website.100px.lk/services/",
            "target": ""
          }
        },
        {
          "acf_fc_layout": "menu_list",
          "menu_item_name": "Gallery",
          "menu_item_link": {
            "title": "Gallery",
            "url": "https://website.100px.lk/gallery/",
            "target": ""
          }
        },
        {
          "acf_fc_layout": "menu_list",
          "menu_item_name": "Contact Us",
          "menu_item_link": {
            "title": "Contact Us",
            "url": "https://website.100px.lk/contact-us/",
            "target": ""
          }
        }
      ],
      "quick_button_text": "Book Your Session",
      "quick_button_link": {
        "title": "",
        "url": "https://calendyo.com/100px/",
        "target": "_blank"
      }
    },
    "_links": {
      "self": [
        {
          "href": "https://website.100px.lk/wp-json/wp/v2/header/29",
          "targetHints": {
            "allow": [
              "GET"
            ]
          }
        }
      ],
      "collection": [
        {
          "href": "https://website.100px.lk/wp-json/wp/v2/header"
        }
      ],
      "about": [
        {
          "href": "https://website.100px.lk/wp-json/wp/v2/types/header"
        }
      ],
      "wp:attachment": [
        {
          "href": "https://website.100px.lk/wp-json/wp/v2/media?parent=29"
        }
      ],
      "curies": [
        {
          "name": "wp",
          "href": "https://api.w.org/{rel}",
          "templated": true
        }
      ]
    }
  }
]
Parsed Header: {
  id: 29,
  hasACF: true,
  logoUrl: 'https://website.100px.lk/wp-content/uploads/2025/11/Untitled-design-1-e1762371470578.png',
  menuItemsCount: 4,
  buttonText: 'Book Your Session'
}
Footer API Response: [
  {
    "id": 299,
    "date": "2025-11-06T01:02:44",
    "date_gmt": "2025-11-06T01:02:44",
    "guid": {
      "rendered": "https://website.100px.lk/?post_type=footer&#038;p=299"
    },
    "modified": "2025-11-23T08:50:17",
    "modified_gmt": "2025-11-23T08:50:17",
    "slug": "footer",
    "status": "publish",
    "type": "footer",
    "link": "https://website.100px.lk/footer/footer/",
    "title": {
      "rendered": "Footer"
    },
    "content": {
      "rendered": "",
      "protected": false
    },
    "featured_media": 0,
    "template": "",
    "meta": {
      "_acf_changed": true
    },
    "class_list": [
      "post-299",
      "footer",
      "type-footer",
      "status-publish",
      "hentry"
    ],
    "acf": {
      "logo": {
        "ID": 30,
        "id": 30,
        "title": "Untitled design (1)",
        "filename": "Untitled-design-1-e1762371470578.png",
        "filesize": 218510,
        "url": "https://website.100px.lk/wp-content/uploads/2025/11/Untitled-design-1-e1762371470578.png",
        "link": "https://website.100px.lk/header/header/untitled-design-1/",
        "alt": "",
        "author": "1",
        "description": "",
        "caption": "",
        "name": "untitled-design-1",
        "status": "inherit",
        "uploaded_to": 29,
        "date": "2025-11-05 19:37:09",
        "modified": "2025-11-05 19:37:09",
        "menu_order": 0,
        "mime_type": "image/png",
        "type": "image",
        "subtype": "png",
        "icon": "https://website.100px.lk/wp-includes/images/media/default.png",
        "width": 1928,
        "height": 736,
        "sizes": {
          "thumbnail": "https://website.100px.lk/wp-content/uploads/2025/11/Untitled-design-1-e1762371470578-150x150.png",
          "thumbnail-width": 150,
          "thumbnail-height": 150,
          "medium": "https://website.100px.lk/wp-content/uploads/2025/11/Untitled-design-1-e1762371470578-300x115.png",
          "medium-width": 300,
          "medium-height": 115,
          "medium_large": "https://website.100px.lk/wp-content/uploads/2025/11/Untitled-design-1-e1762371470578-768x293.png",
          "medium_large-width": 768,
          "medium_large-height": 293,
          "large": "https://website.100px.lk/wp-content/uploads/2025/11/Untitled-design-1-e1762371470578-1024x391.png",
          "large-width": 1024,
          "large-height": 391,
          "1536x1536": "https://website.100px.lk/wp-content/uploads/2025/11/Untitled-design-1-e1762371470578-1536x586.png",
          "1536x1536-width": 1536,
          "1536x1536-height": 586,
          "2048x2048": "https://website.100px.lk/wp-content/uploads/2025/11/Untitled-design-1-2048x2048.png",
          "2048x2048-width": 2048,
          "2048x2048-height": 2048
        }
      },
      "menu": [
        {
          "acf_fc_layout": "menu_items",
          "menu_item_name": "Home",
          "menu_item_link": {
            "title": "home",
            "url": "https://website.100px.lk/home/",
            "target": ""
          }
        },
        {
          "acf_fc_layout": "menu_items",
          "menu_item_name": "Services",
          "menu_item_link": {
            "title": "Services",
            "url": "https://website.100px.lk/services/",
            "target": ""
          }
        },
        {
          "acf_fc_layout": "menu_items",
          "menu_item_name": "Gallery",
          "menu_item_link": {
            "title": "Gallery",
            "url": "https://website.100px.lk/gallery/",
            "target": ""
          }
        },
        {
          "acf_fc_layout": "menu_items",
          "menu_item_name": "Contact Us",
          "menu_item_link": {
            "title": "Contact Us",
            "url": "https://website.100px.lk/contact-us/",
            "target": ""
          }
        }
      ],
      "important_links": [
        {
          "acf_fc_layout": "important_links_list",
          "important_link_text": "Terms & Conditions",
          "important_links": {
            "title": "Terms & Conditions",
            "url": "https://website.100px.lk/terms-conditions/",
            "target": ""
          }
        },
        {
          "acf_fc_layout": "important_links_list",
          "important_link_text": "Privacy Policy ",
          "important_links": {
            "title": "Privacy Policy",
            "url": "https://website.100px.lk/privacy-policy/",
            "target": ""
          }
        },
        {
          "acf_fc_layout": "important_links_list",
          "important_link_text": "Refund Policy",
          "important_links": {
            "title": "Refund Policy",
            "url": "https://website.100px.lk/refund-policy/",
            "target": ""
          }
        }
      ],
      "icon_groups": [
        {
          "acf_fc_layout": "icon_list",
          "list_name": "Address",
          "list_content": "100px,\r\n09 Avissawella Rd,\r\nKaduwela."
        },
        {
          "acf_fc_layout": "icon_list",
          "list_name": "Phone",
          "list_content": "+94 76 400 5700"
        },
        {
          "acf_fc_layout": "icon_list",
          "list_name": "Whatsapp",
          "list_content": "+94 76 400 5700"
        },
        {
          "acf_fc_layout": "icon_list",
          "list_name": "Email",
          "list_content": "info@100px.lk"
        },
        {
          "acf_fc_layout": "icon_list",
          "list_name": "Open Hours",
          "list_content": "9.00AM - 6.00PM"
        }
      ],
      "social_media": [
        {
          "acf_fc_layout": "social_media_links",
          "social_media_name": "Linkedin",
          "social_media_links_items": {
            "title": "",
            "url": "#",
            "target": ""
          }
        },
        {
          "acf_fc_layout": "social_media_links",
          "social_media_name": "Facebook",
          "social_media_links_items": {
            "title": "",
            "url": "#",
            "target": ""
          }
        },
        {
          "acf_fc_layout": "social_media_links",
          "social_media_name": "Instagram",
          "social_media_links_items": {
            "title": "",
            "url": "#",
            "target": ""
          }
        },
        {
          "acf_fc_layout": "social_media_links",
          "social_media_name": "Pinterest",
          "social_media_links_items": {
            "title": "",
            "url": "#",
            "target": ""
          }
        }
      ]
    },
    "_links": {
      "self": [
        {
          "href": "https://website.100px.lk/wp-json/wp/v2/footer/299",
          "targetHints": {
            "allow": [
              "GET"
            ]
          }
        }
      ],
      "collection": [
        {
          "href": "https://website.100px.lk/wp-json/wp/v2/footer"
        }
      ],
      "about": [
        {
          "href": "https://website.100px.lk/wp-json/wp/v2/types/footer"
        }
      ],
      "wp:attachment": [
        {
          "href": "https://website.100px.lk/wp-json/wp/v2/media?parent=299"
        }
      ],
      "curies": [
        {
          "name": "wp",
          "href": "https://api.w.org/{rel}",
          "templated": true
        }
      ]
    }
  }
]
Parsed Footer: {
  id: 299,
  hasACF: true,
  logoUrl: 'https://website.100px.lk/wp-content/uploads/2025/11/Untitled-design-1-e1762371470578.png',
  menuItemsCount: 4,
  socialMediaCount: 4
}
Fetching WordPress service from: https://website.100px.lk//wp-json/wp/v2/service?slug=graduation-individual-portraits
   Generating static pages (10/22) 
Successfully fetched 1 posts from WordPress
 ⚠ Unsupported metadata viewport is configured in metadata export in /posts/[slug]. Please move it to viewport export instead.
Read more: https://nextjs.org/docs/app/api-reference/functions/generate-viewport
 ⚠ Unsupported metadata viewport is configured in metadata export in /services/[slug]. Please move it to viewport export instead.
Read more: https://nextjs.org/docs/app/api-reference/functions/generate-viewport
 ⚠ Unsupported metadata viewport is configured in metadata export in /services/[slug]. Please move it to viewport export instead.
Read more: https://nextjs.org/docs/app/api-reference/functions/generate-viewport
 ⚠ Unsupported metadata viewport is configured in metadata export in /services/[slug]. Please move it to viewport export instead.
Read more: https://nextjs.org/docs/app/api-reference/functions/generate-viewport
Error fetching WordPress service: TypeError: fetch failed
    at ignore-listed frames {
  [cause]: Error [ConnectTimeoutError]: Connect Timeout Error (attempted address: website.100px.lk:443, timeout: 10000ms)
      at ignore-listed frames {
    code: 'UND_ERR_CONNECT_TIMEOUT'
  }
}
Error message: fetch failed
Error fetching WordPress service: TypeError: fetch failed
    at ignore-listed frames {
  [cause]: Error [ConnectTimeoutError]: Connect Timeout Error (attempted address: website.100px.lk:443, timeout: 10000ms)
      at ignore-listed frames {
    code: 'UND_ERR_CONNECT_TIMEOUT'
  }
}
Error message: fetch failed
 ⚠ Unsupported metadata viewport is configured in metadata export in /services/[slug]. Please move it to viewport export instead.
Read more: https://nextjs.org/docs/app/api-reference/functions/generate-viewport
 ⚠ Unsupported metadata viewport is configured in metadata export in /services/[slug]. Please move it to viewport export instead.
Read more: https://nextjs.org/docs/app/api-reference/functions/generate-viewport
   Generating static pages (16/22) 
Fetching WordPress header from: https://website.100px.lk//wp-json/wp/v2/header?slug=header
Fetching WordPress footer from: https://website.100px.lk//wp-json/wp/v2/footer?slug=footer
Fetching WordPress service from: https://website.100px.lk//wp-json/wp/v2/service?slug=individual-portraits
Header API Response: [
  {
    "id": 29,
    "date": "2025-11-05T19:39:00",
    "date_gmt": "2025-11-05T19:39:00",
    "guid": {
      "rendered": "https://website.100px.lk/?post_type=header&#038;p=29"
    },
    "modified": "2025-11-06T22:45:40",
    "modified_gmt": "2025-11-06T22:45:40",
    "slug": "header",
    "status": "publish",
    "type": "header",
    "link": "https://website.100px.lk/header/header/",
    "title": {
      "rendered": "header"
    },
    "content": {
      "rendered": "",
      "protected": false
    },
    "featured_media": 0,
    "template": "",
    "meta": {
      "_acf_changed": true
    },
    "class_list": [
      "post-29",
      "header",
      "type-header",
      "status-publish",
      "hentry"
    ],
    "acf": {
      "logo": {
        "ID": 30,
        "id": 30,
        "title": "Untitled design (1)",
        "filename": "Untitled-design-1-e1762371470578.png",
        "filesize": 218510,
        "url": "https://website.100px.lk/wp-content/uploads/2025/11/Untitled-design-1-e1762371470578.png",
        "link": "https://website.100px.lk/header/header/untitled-design-1/",
        "alt": "",
        "author": "1",
        "description": "",
        "caption": "",
        "name": "untitled-design-1",
        "status": "inherit",
        "uploaded_to": 29,
        "date": "2025-11-05 19:37:09",
        "modified": "2025-11-05 19:37:09",
        "menu_order": 0,
        "mime_type": "image/png",
        "type": "image",
        "subtype": "png",
        "icon": "https://website.100px.lk/wp-includes/images/media/default.png",
        "width": 1928,
        "height": 736,
        "sizes": {
          "thumbnail": "https://website.100px.lk/wp-content/uploads/2025/11/Untitled-design-1-e1762371470578-150x150.png",
          "thumbnail-width": 150,
          "thumbnail-height": 150,
          "medium": "https://website.100px.lk/wp-content/uploads/2025/11/Untitled-design-1-e1762371470578-300x115.png",
          "medium-width": 300,
          "medium-height": 115,
          "medium_large": "https://website.100px.lk/wp-content/uploads/2025/11/Untitled-design-1-e1762371470578-768x293.png",
          "medium_large-width": 768,
          "medium_large-height": 293,
          "large": "https://website.100px.lk/wp-content/uploads/2025/11/Untitled-design-1-e1762371470578-1024x391.png",
          "large-width": 1024,
          "large-height": 391,
          "1536x1536": "https://website.100px.lk/wp-content/uploads/2025/11/Untitled-design-1-e1762371470578-1536x586.png",
          "1536x1536-width": 1536,
          "1536x1536-height": 586,
          "2048x2048": "https://website.100px.lk/wp-content/uploads/2025/11/Untitled-design-1-2048x2048.png",
          "2048x2048-width": 2048,
          "2048x2048-height": 2048
        }
      },
      "menu_items": [
        {
          "acf_fc_layout": "menu_list",
          "menu_item_name": "Home",
          "menu_item_link": {
            "title": "home",
            "url": "https://website.100px.lk/home/",
            "target": ""
          }
        },
        {
          "acf_fc_layout": "menu_list",
          "menu_item_name": "Services",
          "menu_item_link": {
            "title": "Services",
            "url": "https://website.100px.lk/services/",
            "target": ""
          }
        },
        {
          "acf_fc_layout": "menu_list",
          "menu_item_name": "Gallery",
          "menu_item_link": {
            "title": "Gallery",
            "url": "https://website.100px.lk/gallery/",
            "target": ""
          }
        },
        {
          "acf_fc_layout": "menu_list",
          "menu_item_name": "Contact Us",
          "menu_item_link": {
            "title": "Contact Us",
            "url": "https://website.100px.lk/contact-us/",
            "target": ""
          }
        }
      ],
      "quick_button_text": "Book Your Session",
      "quick_button_link": {
        "title": "",
        "url": "https://calendyo.com/100px/",
        "target": "_blank"
      }
    },
    "_links": {
      "self": [
        {
          "href": "https://website.100px.lk/wp-json/wp/v2/header/29",
          "targetHints": {
            "allow": [
              "GET"
            ]
          }
        }
      ],
      "collection": [
        {
          "href": "https://website.100px.lk/wp-json/wp/v2/header"
        }
      ],
      "about": [
        {
          "href": "https://website.100px.lk/wp-json/wp/v2/types/header"
        }
      ],
      "wp:attachment": [
        {
          "href": "https://website.100px.lk/wp-json/wp/v2/media?parent=29"
        }
      ],
      "curies": [
        {
          "name": "wp",
          "href": "https://api.w.org/{rel}",
          "templated": true
        }
      ]
    }
  }
]
Parsed Header: {
  id: 29,
  hasACF: true,
  logoUrl: 'https://website.100px.lk/wp-content/uploads/2025/11/Untitled-design-1-e1762371470578.png',
  menuItemsCount: 4,
  buttonText: 'Book Your Session'
}
Footer API Response: [
  {
    "id": 299,
    "date": "2025-11-06T01:02:44",
    "date_gmt": "2025-11-06T01:02:44",
    "guid": {
      "rendered": "https://website.100px.lk/?post_type=footer&#038;p=299"
    },
    "modified": "2025-11-23T08:50:17",
    "modified_gmt": "2025-11-23T08:50:17",
    "slug": "footer",
    "status": "publish",
    "type": "footer",
    "link": "https://website.100px.lk/footer/footer/",
    "title": {
      "rendered": "Footer"
    },
    "content": {
      "rendered": "",
      "protected": false
    },
    "featured_media": 0,
    "template": "",
    "meta": {
      "_acf_changed": true
    },
    "class_list": [
      "post-299",
      "footer",
      "type-footer",
      "status-publish",
      "hentry"
    ],
    "acf": {
      "logo": {
        "ID": 30,
        "id": 30,
        "title": "Untitled design (1)",
        "filename": "Untitled-design-1-e1762371470578.png",
        "filesize": 218510,
        "url": "https://website.100px.lk/wp-content/uploads/2025/11/Untitled-design-1-e1762371470578.png",
        "link": "https://website.100px.lk/header/header/untitled-design-1/",
        "alt": "",
        "author": "1",
        "description": "",
        "caption": "",
        "name": "untitled-design-1",
        "status": "inherit",
        "uploaded_to": 29,
        "date": "2025-11-05 19:37:09",
        "modified": "2025-11-05 19:37:09",
        "menu_order": 0,
        "mime_type": "image/png",
        "type": "image",
        "subtype": "png",
        "icon": "https://website.100px.lk/wp-includes/images/media/default.png",
        "width": 1928,
        "height": 736,
        "sizes": {
          "thumbnail": "https://website.100px.lk/wp-content/uploads/2025/11/Untitled-design-1-e1762371470578-150x150.png",
          "thumbnail-width": 150,
          "thumbnail-height": 150,
          "medium": "https://website.100px.lk/wp-content/uploads/2025/11/Untitled-design-1-e1762371470578-300x115.png",
          "medium-width": 300,
          "medium-height": 115,
          "medium_large": "https://website.100px.lk/wp-content/uploads/2025/11/Untitled-design-1-e1762371470578-768x293.png",
          "medium_large-width": 768,
          "medium_large-height": 293,
          "large": "https://website.100px.lk/wp-content/uploads/2025/11/Untitled-design-1-e1762371470578-1024x391.png",
          "large-width": 1024,
          "large-height": 391,
          "1536x1536": "https://website.100px.lk/wp-content/uploads/2025/11/Untitled-design-1-e1762371470578-1536x586.png",
          "1536x1536-width": 1536,
          "1536x1536-height": 586,
          "2048x2048": "https://website.100px.lk/wp-content/uploads/2025/11/Untitled-design-1-2048x2048.png",
          "2048x2048-width": 2048,
          "2048x2048-height": 2048
        }
      },
      "menu": [
        {
          "acf_fc_layout": "menu_items",
          "menu_item_name": "Home",
          "menu_item_link": {
            "title": "home",
            "url": "https://website.100px.lk/home/",
            "target": ""
          }
        },
        {
          "acf_fc_layout": "menu_items",
          "menu_item_name": "Services",
          "menu_item_link": {
            "title": "Services",
            "url": "https://website.100px.lk/services/",
            "target": ""
          }
        },
        {
          "acf_fc_layout": "menu_items",
          "menu_item_name": "Gallery",
          "menu_item_link": {
            "title": "Gallery",
            "url": "https://website.100px.lk/gallery/",
            "target": ""
          }
        },
        {
          "acf_fc_layout": "menu_items",
          "menu_item_name": "Contact Us",
          "menu_item_link": {
            "title": "Contact Us",
            "url": "https://website.100px.lk/contact-us/",
            "target": ""
          }
        }
      ],
      "important_links": [
        {
          "acf_fc_layout": "important_links_list",
          "important_link_text": "Terms & Conditions",
          "important_links": {
            "title": "Terms & Conditions",
            "url": "https://website.100px.lk/terms-conditions/",
            "target": ""
          }
        },
        {
          "acf_fc_layout": "important_links_list",
          "important_link_text": "Privacy Policy ",
          "important_links": {
            "title": "Privacy Policy",
            "url": "https://website.100px.lk/privacy-policy/",
            "target": ""
          }
        },
        {
          "acf_fc_layout": "important_links_list",
          "important_link_text": "Refund Policy",
          "important_links": {
            "title": "Refund Policy",
            "url": "https://website.100px.lk/refund-policy/",
            "target": ""
          }
        }
      ],
      "icon_groups": [
        {
          "acf_fc_layout": "icon_list",
          "list_name": "Address",
          "list_content": "100px,\r\n09 Avissawella Rd,\r\nKaduwela."
        },
        {
          "acf_fc_layout": "icon_list",
          "list_name": "Phone",
          "list_content": "+94 76 400 5700"
        },
        {
          "acf_fc_layout": "icon_list",
          "list_name": "Whatsapp",
          "list_content": "+94 76 400 5700"
        },
        {
          "acf_fc_layout": "icon_list",
          "list_name": "Email",
          "list_content": "info@100px.lk"
        },
        {
          "acf_fc_layout": "icon_list",
          "list_name": "Open Hours",
          "list_content": "9.00AM - 6.00PM"
        }
      ],
      "social_media": [
        {
          "acf_fc_layout": "social_media_links",
          "social_media_name": "Linkedin",
          "social_media_links_items": {
            "title": "",
            "url": "#",
            "target": ""
          }
        },
        {
          "acf_fc_layout": "social_media_links",
          "social_media_name": "Facebook",
          "social_media_links_items": {
            "title": "",
            "url": "#",
            "target": ""
          }
        },
        {
          "acf_fc_layout": "social_media_links",
          "social_media_name": "Instagram",
          "social_media_links_items": {
            "title": "",
            "url": "#",
            "target": ""
          }
        },
        {
          "acf_fc_layout": "social_media_links",
          "social_media_name": "Pinterest",
          "social_media_links_items": {
            "title": "",
            "url": "#",
            "target": ""
          }
        }
      ]
    },
    "_links": {
      "self": [
        {
          "href": "https://website.100px.lk/wp-json/wp/v2/footer/299",
          "targetHints": {
            "allow": [
              "GET"
            ]
          }
        }
      ],
      "collection": [
        {
          "href": "https://website.100px.lk/wp-json/wp/v2/footer"
        }
      ],
      "about": [
        {
          "href": "https://website.100px.lk/wp-json/wp/v2/types/footer"
        }
      ],
      "wp:attachment": [
        {
          "href": "https://website.100px.lk/wp-json/wp/v2/media?parent=299"
        }
      ],
      "curies": [
        {
          "name": "wp",
          "href": "https://api.w.org/{rel}",
          "templated": true
        }
      ]
    }
  }
]
Parsed Footer: {
  id: 299,
  hasACF: true,
  logoUrl: 'https://website.100px.lk/wp-content/uploads/2025/11/Untitled-design-1-e1762371470578.png',
  menuItemsCount: 4,
  socialMediaCount: 4
}
Fetching WordPress service from: https://website.100px.lk//wp-json/wp/v2/service?slug=individual-portraits
Fetching WordPress header from: https://website.100px.lk//wp-json/wp/v2/header?slug=header
Fetching WordPress footer from: https://website.100px.lk//wp-json/wp/v2/footer?slug=footer
Fetching WordPress service from: https://website.100px.lk//wp-json/wp/v2/service?slug=special-individual-portrait-package
Header API Response: [
  {
    "id": 29,
    "date": "2025-11-05T19:39:00",
    "date_gmt": "2025-11-05T19:39:00",
    "guid": {
      "rendered": "https://website.100px.lk/?post_type=header&#038;p=29"
    },
    "modified": "2025-11-06T22:45:40",
    "modified_gmt": "2025-11-06T22:45:40",
    "slug": "header",
    "status": "publish",
    "type": "header",
    "link": "https://website.100px.lk/header/header/",
    "title": {
      "rendered": "header"
    },
    "content": {
      "rendered": "",
      "protected": false
    },
    "featured_media": 0,
    "template": "",
    "meta": {
      "_acf_changed": true
    },
    "class_list": [
      "post-29",
      "header",
      "type-header",
      "status-publish",
      "hentry"
    ],
    "acf": {
      "logo": {
        "ID": 30,
        "id": 30,
        "title": "Untitled design (1)",
        "filename": "Untitled-design-1-e1762371470578.png",
        "filesize": 218510,
        "url": "https://website.100px.lk/wp-content/uploads/2025/11/Untitled-design-1-e1762371470578.png",
        "link": "https://website.100px.lk/header/header/untitled-design-1/",
        "alt": "",
        "author": "1",
        "description": "",
        "caption": "",
        "name": "untitled-design-1",
        "status": "inherit",
        "uploaded_to": 29,
        "date": "2025-11-05 19:37:09",
        "modified": "2025-11-05 19:37:09",
        "menu_order": 0,
        "mime_type": "image/png",
        "type": "image",
        "subtype": "png",
        "icon": "https://website.100px.lk/wp-includes/images/media/default.png",
        "width": 1928,
        "height": 736,
        "sizes": {
          "thumbnail": "https://website.100px.lk/wp-content/uploads/2025/11/Untitled-design-1-e1762371470578-150x150.png",
          "thumbnail-width": 150,
          "thumbnail-height": 150,
          "medium": "https://website.100px.lk/wp-content/uploads/2025/11/Untitled-design-1-e1762371470578-300x115.png",
          "medium-width": 300,
          "medium-height": 115,
          "medium_large": "https://website.100px.lk/wp-content/uploads/2025/11/Untitled-design-1-e1762371470578-768x293.png",
          "medium_large-width": 768,
          "medium_large-height": 293,
          "large": "https://website.100px.lk/wp-content/uploads/2025/11/Untitled-design-1-e1762371470578-1024x391.png",
          "large-width": 1024,
          "large-height": 391,
          "1536x1536": "https://website.100px.lk/wp-content/uploads/2025/11/Untitled-design-1-e1762371470578-1536x586.png",
          "1536x1536-width": 1536,
          "1536x1536-height": 586,
          "2048x2048": "https://website.100px.lk/wp-content/uploads/2025/11/Untitled-design-1-2048x2048.png",
          "2048x2048-width": 2048,
          "2048x2048-height": 2048
        }
      },
      "menu_items": [
        {
          "acf_fc_layout": "menu_list",
          "menu_item_name": "Home",
          "menu_item_link": {
            "title": "home",
            "url": "https://website.100px.lk/home/",
            "target": ""
          }
        },
        {
          "acf_fc_layout": "menu_list",
          "menu_item_name": "Services",
          "menu_item_link": {
            "title": "Services",
            "url": "https://website.100px.lk/services/",
            "target": ""
          }
        },
        {
          "acf_fc_layout": "menu_list",
          "menu_item_name": "Gallery",
          "menu_item_link": {
            "title": "Gallery",
            "url": "https://website.100px.lk/gallery/",
            "target": ""
          }
        },
        {
          "acf_fc_layout": "menu_list",
          "menu_item_name": "Contact Us",
          "menu_item_link": {
            "title": "Contact Us",
            "url": "https://website.100px.lk/contact-us/",
            "target": ""
          }
        }
      ],
      "quick_button_text": "Book Your Session",
      "quick_button_link": {
        "title": "",
        "url": "https://calendyo.com/100px/",
        "target": "_blank"
      }
    },
    "_links": {
      "self": [
        {
          "href": "https://website.100px.lk/wp-json/wp/v2/header/29",
          "targetHints": {
            "allow": [
              "GET"
            ]
          }
        }
      ],
      "collection": [
        {
          "href": "https://website.100px.lk/wp-json/wp/v2/header"
        }
      ],
      "about": [
        {
          "href": "https://website.100px.lk/wp-json/wp/v2/types/header"
        }
      ],
      "wp:attachment": [
        {
          "href": "https://website.100px.lk/wp-json/wp/v2/media?parent=29"
        }
      ],
      "curies": [
        {
          "name": "wp",
          "href": "https://api.w.org/{rel}",
          "templated": true
        }
      ]
    }
  }
]
Parsed Header: {
  id: 29,
  hasACF: true,
  logoUrl: 'https://website.100px.lk/wp-content/uploads/2025/11/Untitled-design-1-e1762371470578.png',
  menuItemsCount: 4,
  buttonText: 'Book Your Session'
}
Footer API Response: [
  {
    "id": 299,
    "date": "2025-11-06T01:02:44",
    "date_gmt": "2025-11-06T01:02:44",
    "guid": {
      "rendered": "https://website.100px.lk/?post_type=footer&#038;p=299"
    },
    "modified": "2025-11-23T08:50:17",
    "modified_gmt": "2025-11-23T08:50:17",
    "slug": "footer",
    "status": "publish",
    "type": "footer",
    "link": "https://website.100px.lk/footer/footer/",
    "title": {
      "rendered": "Footer"
    },
    "content": {
      "rendered": "",
      "protected": false
    },
    "featured_media": 0,
    "template": "",
    "meta": {
      "_acf_changed": true
    },
    "class_list": [
      "post-299",
      "footer",
      "type-footer",
      "status-publish",
      "hentry"
    ],
    "acf": {
      "logo": {
        "ID": 30,
        "id": 30,
        "title": "Untitled design (1)",
        "filename": "Untitled-design-1-e1762371470578.png",
        "filesize": 218510,
        "url": "https://website.100px.lk/wp-content/uploads/2025/11/Untitled-design-1-e1762371470578.png",
        "link": "https://website.100px.lk/header/header/untitled-design-1/",
        "alt": "",
        "author": "1",
        "description": "",
        "caption": "",
        "name": "untitled-design-1",
        "status": "inherit",
        "uploaded_to": 29,
        "date": "2025-11-05 19:37:09",
        "modified": "2025-11-05 19:37:09",
        "menu_order": 0,
        "mime_type": "image/png",
        "type": "image",
        "subtype": "png",
        "icon": "https://website.100px.lk/wp-includes/images/media/default.png",
        "width": 1928,
        "height": 736,
        "sizes": {
          "thumbnail": "https://website.100px.lk/wp-content/uploads/2025/11/Untitled-design-1-e1762371470578-150x150.png",
          "thumbnail-width": 150,
          "thumbnail-height": 150,
          "medium": "https://website.100px.lk/wp-content/uploads/2025/11/Untitled-design-1-e1762371470578-300x115.png",
          "medium-width": 300,
          "medium-height": 115,
          "medium_large": "https://website.100px.lk/wp-content/uploads/2025/11/Untitled-design-1-e1762371470578-768x293.png",
          "medium_large-width": 768,
          "medium_large-height": 293,
          "large": "https://website.100px.lk/wp-content/uploads/2025/11/Untitled-design-1-e1762371470578-1024x391.png",
          "large-width": 1024,
          "large-height": 391,
          "1536x1536": "https://website.100px.lk/wp-content/uploads/2025/11/Untitled-design-1-e1762371470578-1536x586.png",
          "1536x1536-width": 1536,
          "1536x1536-height": 586,
          "2048x2048": "https://website.100px.lk/wp-content/uploads/2025/11/Untitled-design-1-2048x2048.png",
          "2048x2048-width": 2048,
          "2048x2048-height": 2048
        }
      },
      "menu": [
        {
          "acf_fc_layout": "menu_items",
          "menu_item_name": "Home",
          "menu_item_link": {
            "title": "home",
            "url": "https://website.100px.lk/home/",
            "target": ""
          }
        },
        {
          "acf_fc_layout": "menu_items",
          "menu_item_name": "Services",
          "menu_item_link": {
            "title": "Services",
            "url": "https://website.100px.lk/services/",
            "target": ""
          }
        },
        {
          "acf_fc_layout": "menu_items",
          "menu_item_name": "Gallery",
          "menu_item_link": {
            "title": "Gallery",
            "url": "https://website.100px.lk/gallery/",
            "target": ""
          }
        },
        {
          "acf_fc_layout": "menu_items",
          "menu_item_name": "Contact Us",
          "menu_item_link": {
            "title": "Contact Us",
            "url": "https://website.100px.lk/contact-us/",
            "target": ""
          }
        }
      ],
      "important_links": [
        {
          "acf_fc_layout": "important_links_list",
          "important_link_text": "Terms & Conditions",
          "important_links": {
            "title": "Terms & Conditions",
            "url": "https://website.100px.lk/terms-conditions/",
            "target": ""
          }
        },
        {
          "acf_fc_layout": "important_links_list",
          "important_link_text": "Privacy Policy ",
          "important_links": {
            "title": "Privacy Policy",
            "url": "https://website.100px.lk/privacy-policy/",
            "target": ""
          }
        },
        {
          "acf_fc_layout": "important_links_list",
          "important_link_text": "Refund Policy",
          "important_links": {
            "title": "Refund Policy",
            "url": "https://website.100px.lk/refund-policy/",
            "target": ""
          }
        }
      ],
      "icon_groups": [
        {
          "acf_fc_layout": "icon_list",
          "list_name": "Address",
          "list_content": "100px,\r\n09 Avissawella Rd,\r\nKaduwela."
        },
        {
          "acf_fc_layout": "icon_list",
          "list_name": "Phone",
          "list_content": "+94 76 400 5700"
        },
        {
          "acf_fc_layout": "icon_list",
          "list_name": "Whatsapp",
          "list_content": "+94 76 400 5700"
        },
        {
          "acf_fc_layout": "icon_list",
          "list_name": "Email",
          "list_content": "info@100px.lk"
        },
        {
          "acf_fc_layout": "icon_list",
          "list_name": "Open Hours",
          "list_content": "9.00AM - 6.00PM"
        }
      ],
      "social_media": [
        {
          "acf_fc_layout": "social_media_links",
          "social_media_name": "Linkedin",
          "social_media_links_items": {
            "title": "",
            "url": "#",
            "target": ""
          }
        },
        {
          "acf_fc_layout": "social_media_links",
          "social_media_name": "Facebook",
          "social_media_links_items": {
            "title": "",
            "url": "#",
            "target": ""
          }
        },
        {
          "acf_fc_layout": "social_media_links",
          "social_media_name": "Instagram",
          "social_media_links_items": {
            "title": "",
            "url": "#",
            "target": ""
          }
        },
        {
          "acf_fc_layout": "social_media_links",
          "social_media_name": "Pinterest",
          "social_media_links_items": {
            "title": "",
            "url": "#",
            "target": ""
          }
        }
      ]
    },
    "_links": {
      "self": [
        {
          "href": "https://website.100px.lk/wp-json/wp/v2/footer/299",
          "targetHints": {
            "allow": [
              "GET"
            ]
          }
        }
      ],
      "collection": [
        {
          "href": "https://website.100px.lk/wp-json/wp/v2/footer"
        }
      ],
      "about": [
        {
          "href": "https://website.100px.lk/wp-json/wp/v2/types/footer"
        }
      ],
      "wp:attachment": [
        {
          "href": "https://website.100px.lk/wp-json/wp/v2/media?parent=299"
        }
      ],
      "curies": [
        {
          "name": "wp",
          "href": "https://api.w.org/{rel}",
          "templated": true
        }
      ]
    }
  }
]
Parsed Footer: {
  id: 299,
  hasACF: true,
  logoUrl: 'https://website.100px.lk/wp-content/uploads/2025/11/Untitled-design-1-e1762371470578.png',
  menuItemsCount: 4,
  socialMediaCount: 4
}
Fetching WordPress service from: https://website.100px.lk//wp-json/wp/v2/service?slug=special-individual-portrait-package
Fetching WordPress header from: https://website.100px.lk//wp-json/wp/v2/header?slug=header
Fetching WordPress footer from: https://website.100px.lk//wp-json/wp/v2/footer?slug=footer
Fetching WordPress service from: https://website.100px.lk//wp-json/wp/v2/service?slug=group-family-portraits
Header API Response: [
  {
    "id": 29,
    "date": "2025-11-05T19:39:00",
    "date_gmt": "2025-11-05T19:39:00",
    "guid": {
      "rendered": "https://website.100px.lk/?post_type=header&#038;p=29"
    },
    "modified": "2025-11-06T22:45:40",
    "modified_gmt": "2025-11-06T22:45:40",
    "slug": "header",
    "status": "publish",
    "type": "header",
    "link": "https://website.100px.lk/header/header/",
    "title": {
      "rendered": "header"
    },
    "content": {
      "rendered": "",
      "protected": false
    },
    "featured_media": 0,
    "template": "",
    "meta": {
      "_acf_changed": true
    },
    "class_list": [
      "post-29",
      "header",
      "type-header",
      "status-publish",
      "hentry"
    ],
    "acf": {
      "logo": {
        "ID": 30,
        "id": 30,
        "title": "Untitled design (1)",
        "filename": "Untitled-design-1-e1762371470578.png",
        "filesize": 218510,
        "url": "https://website.100px.lk/wp-content/uploads/2025/11/Untitled-design-1-e1762371470578.png",
        "link": "https://website.100px.lk/header/header/untitled-design-1/",
        "alt": "",
        "author": "1",
        "description": "",
        "caption": "",
        "name": "untitled-design-1",
        "status": "inherit",
        "uploaded_to": 29,
        "date": "2025-11-05 19:37:09",
        "modified": "2025-11-05 19:37:09",
        "menu_order": 0,
        "mime_type": "image/png",
        "type": "image",
        "subtype": "png",
        "icon": "https://website.100px.lk/wp-includes/images/media/default.png",
        "width": 1928,
        "height": 736,
        "sizes": {
          "thumbnail": "https://website.100px.lk/wp-content/uploads/2025/11/Untitled-design-1-e1762371470578-150x150.png",
          "thumbnail-width": 150,
          "thumbnail-height": 150,
          "medium": "https://website.100px.lk/wp-content/uploads/2025/11/Untitled-design-1-e1762371470578-300x115.png",
          "medium-width": 300,
          "medium-height": 115,
          "medium_large": "https://website.100px.lk/wp-content/uploads/2025/11/Untitled-design-1-e1762371470578-768x293.png",
          "medium_large-width": 768,
          "medium_large-height": 293,
          "large": "https://website.100px.lk/wp-content/uploads/2025/11/Untitled-design-1-e1762371470578-1024x391.png",
          "large-width": 1024,
          "large-height": 391,
          "1536x1536": "https://website.100px.lk/wp-content/uploads/2025/11/Untitled-design-1-e1762371470578-1536x586.png",
          "1536x1536-width": 1536,
          "1536x1536-height": 586,
          "2048x2048": "https://website.100px.lk/wp-content/uploads/2025/11/Untitled-design-1-2048x2048.png",
          "2048x2048-width": 2048,
          "2048x2048-height": 2048
        }
      },
      "menu_items": [
        {
          "acf_fc_layout": "menu_list",
          "menu_item_name": "Home",
          "menu_item_link": {
            "title": "home",
            "url": "https://website.100px.lk/home/",
            "target": ""
          }
        },
        {
          "acf_fc_layout": "menu_list",
          "menu_item_name": "Services",
          "menu_item_link": {
            "title": "Services",
            "url": "https://website.100px.lk/services/",
            "target": ""
          }
        },
        {
          "acf_fc_layout": "menu_list",
          "menu_item_name": "Gallery",
          "menu_item_link": {
            "title": "Gallery",
            "url": "https://website.100px.lk/gallery/",
            "target": ""
          }
        },
        {
          "acf_fc_layout": "menu_list",
          "menu_item_name": "Contact Us",
          "menu_item_link": {
            "title": "Contact Us",
            "url": "https://website.100px.lk/contact-us/",
            "target": ""
          }
        }
      ],
      "quick_button_text": "Book Your Session",
      "quick_button_link": {
        "title": "",
        "url": "https://calendyo.com/100px/",
        "target": "_blank"
      }
    },
    "_links": {
      "self": [
        {
          "href": "https://website.100px.lk/wp-json/wp/v2/header/29",
          "targetHints": {
            "allow": [
              "GET"
            ]
          }
        }
      ],
      "collection": [
        {
          "href": "https://website.100px.lk/wp-json/wp/v2/header"
        }
      ],
      "about": [
        {
          "href": "https://website.100px.lk/wp-json/wp/v2/types/header"
        }
      ],
      "wp:attachment": [
        {
          "href": "https://website.100px.lk/wp-json/wp/v2/media?parent=29"
        }
      ],
      "curies": [
        {
          "name": "wp",
          "href": "https://api.w.org/{rel}",
          "templated": true
        }
      ]
    }
  }
]
Parsed Header: {
  id: 29,
  hasACF: true,
  logoUrl: 'https://website.100px.lk/wp-content/uploads/2025/11/Untitled-design-1-e1762371470578.png',
  menuItemsCount: 4,
  buttonText: 'Book Your Session'
}
Footer API Response: [
  {
    "id": 299,
    "date": "2025-11-06T01:02:44",
    "date_gmt": "2025-11-06T01:02:44",
    "guid": {
      "rendered": "https://website.100px.lk/?post_type=footer&#038;p=299"
    },
    "modified": "2025-11-23T08:50:17",
    "modified_gmt": "2025-11-23T08:50:17",
    "slug": "footer",
    "status": "publish",
    "type": "footer",
    "link": "https://website.100px.lk/footer/footer/",
    "title": {
      "rendered": "Footer"
    },
    "content": {
      "rendered": "",
      "protected": false
    },
    "featured_media": 0,
    "template": "",
    "meta": {
      "_acf_changed": true
    },
    "class_list": [
      "post-299",
      "footer",
      "type-footer",
      "status-publish",
      "hentry"
    ],
    "acf": {
      "logo": {
        "ID": 30,
        "id": 30,
        "title": "Untitled design (1)",
        "filename": "Untitled-design-1-e1762371470578.png",
        "filesize": 218510,
        "url": "https://website.100px.lk/wp-content/uploads/2025/11/Untitled-design-1-e1762371470578.png",
        "link": "https://website.100px.lk/header/header/untitled-design-1/",
        "alt": "",
        "author": "1",
        "description": "",
        "caption": "",
        "name": "untitled-design-1",
        "status": "inherit",
        "uploaded_to": 29,
        "date": "2025-11-05 19:37:09",
        "modified": "2025-11-05 19:37:09",
        "menu_order": 0,
        "mime_type": "image/png",
        "type": "image",
        "subtype": "png",
        "icon": "https://website.100px.lk/wp-includes/images/media/default.png",
        "width": 1928,
        "height": 736,
        "sizes": {
          "thumbnail": "https://website.100px.lk/wp-content/uploads/2025/11/Untitled-design-1-e1762371470578-150x150.png",
          "thumbnail-width": 150,
          "thumbnail-height": 150,
          "medium": "https://website.100px.lk/wp-content/uploads/2025/11/Untitled-design-1-e1762371470578-300x115.png",
          "medium-width": 300,
          "medium-height": 115,
          "medium_large": "https://website.100px.lk/wp-content/uploads/2025/11/Untitled-design-1-e1762371470578-768x293.png",
          "medium_large-width": 768,
          "medium_large-height": 293,
          "large": "https://website.100px.lk/wp-content/uploads/2025/11/Untitled-design-1-e1762371470578-1024x391.png",
          "large-width": 1024,
          "large-height": 391,
          "1536x1536": "https://website.100px.lk/wp-content/uploads/2025/11/Untitled-design-1-e1762371470578-1536x586.png",
          "1536x1536-width": 1536,
          "1536x1536-height": 586,
          "2048x2048": "https://website.100px.lk/wp-content/uploads/2025/11/Untitled-design-1-2048x2048.png",
          "2048x2048-width": 2048,
          "2048x2048-height": 2048
        }
      },
      "menu": [
        {
          "acf_fc_layout": "menu_items",
          "menu_item_name": "Home",
          "menu_item_link": {
            "title": "home",
            "url": "https://website.100px.lk/home/",
            "target": ""
          }
        },
        {
          "acf_fc_layout": "menu_items",
          "menu_item_name": "Services",
          "menu_item_link": {
            "title": "Services",
            "url": "https://website.100px.lk/services/",
            "target": ""
          }
        },
        {
          "acf_fc_layout": "menu_items",
          "menu_item_name": "Gallery",
          "menu_item_link": {
            "title": "Gallery",
            "url": "https://website.100px.lk/gallery/",
            "target": ""
          }
        },
        {
          "acf_fc_layout": "menu_items",
          "menu_item_name": "Contact Us",
          "menu_item_link": {
            "title": "Contact Us",
            "url": "https://website.100px.lk/contact-us/",
            "target": ""
          }
        }
      ],
      "important_links": [
        {
          "acf_fc_layout": "important_links_list",
          "important_link_text": "Terms & Conditions",
          "important_links": {
            "title": "Terms & Conditions",
            "url": "https://website.100px.lk/terms-conditions/",
            "target": ""
          }
        },
        {
          "acf_fc_layout": "important_links_list",
          "important_link_text": "Privacy Policy ",
          "important_links": {
            "title": "Privacy Policy",
            "url": "https://website.100px.lk/privacy-policy/",
            "target": ""
          }
        },
        {
          "acf_fc_layout": "important_links_list",
          "important_link_text": "Refund Policy",
          "important_links": {
            "title": "Refund Policy",
            "url": "https://website.100px.lk/refund-policy/",
            "target": ""
          }
        }
      ],
      "icon_groups": [
        {
          "acf_fc_layout": "icon_list",
          "list_name": "Address",
          "list_content": "100px,\r\n09 Avissawella Rd,\r\nKaduwela."
        },
        {
          "acf_fc_layout": "icon_list",
          "list_name": "Phone",
          "list_content": "+94 76 400 5700"
        },
        {
          "acf_fc_layout": "icon_list",
          "list_name": "Whatsapp",
          "list_content": "+94 76 400 5700"
        },
        {
          "acf_fc_layout": "icon_list",
          "list_name": "Email",
          "list_content": "info@100px.lk"
        },
        {
          "acf_fc_layout": "icon_list",
          "list_name": "Open Hours",
          "list_content": "9.00AM - 6.00PM"
        }
      ],
      "social_media": [
        {
          "acf_fc_layout": "social_media_links",
          "social_media_name": "Linkedin",
          "social_media_links_items": {
            "title": "",
            "url": "#",
            "target": ""
          }
        },
        {
          "acf_fc_layout": "social_media_links",
          "social_media_name": "Facebook",
          "social_media_links_items": {
            "title": "",
            "url": "#",
            "target": ""
          }
        },
        {
          "acf_fc_layout": "social_media_links",
          "social_media_name": "Instagram",
          "social_media_links_items": {
            "title": "",
            "url": "#",
            "target": ""
          }
        },
        {
          "acf_fc_layout": "social_media_links",
          "social_media_name": "Pinterest",
          "social_media_links_items": {
            "title": "",
            "url": "#",
            "target": ""
          }
        }
      ]
    },
    "_links": {
      "self": [
        {
          "href": "https://website.100px.lk/wp-json/wp/v2/footer/299",
          "targetHints": {
            "allow": [
              "GET"
            ]
          }
        }
      ],
      "collection": [
        {
          "href": "https://website.100px.lk/wp-json/wp/v2/footer"
        }
      ],
      "about": [
        {
          "href": "https://website.100px.lk/wp-json/wp/v2/types/footer"
        }
      ],
      "wp:attachment": [
        {
          "href": "https://website.100px.lk/wp-json/wp/v2/media?parent=299"
        }
      ],
      "curies": [
        {
          "name": "wp",
          "href": "https://api.w.org/{rel}",
          "templated": true
        }
      ]
    }
  }
]
Parsed Footer: {
  id: 299,
  hasACF: true,
  logoUrl: 'https://website.100px.lk/wp-content/uploads/2025/11/Untitled-design-1-e1762371470578.png',
  menuItemsCount: 4,
  socialMediaCount: 4
}
Fetching WordPress service from: https://website.100px.lk//wp-json/wp/v2/service?slug=group-family-portraits
Fetching WordPress header from: https://website.100px.lk//wp-json/wp/v2/header?slug=header
Fetching WordPress footer from: https://website.100px.lk//wp-json/wp/v2/footer?slug=footer
Fetching WordPress service from: https://website.100px.lk//wp-json/wp/v2/service?slug=couple-portraits
Header API Response: [
  {
    "id": 29,
    "date": "2025-11-05T19:39:00",
    "date_gmt": "2025-11-05T19:39:00",
    "guid": {
      "rendered": "https://website.100px.lk/?post_type=header&#038;p=29"
    },
    "modified": "2025-11-06T22:45:40",
    "modified_gmt": "2025-11-06T22:45:40",
    "slug": "header",
    "status": "publish",
    "type": "header",
    "link": "https://website.100px.lk/header/header/",
    "title": {
      "rendered": "header"
    },
    "content": {
      "rendered": "",
      "protected": false
    },
    "featured_media": 0,
    "template": "",
    "meta": {
      "_acf_changed": true
    },
    "class_list": [
      "post-29",
      "header",
      "type-header",
      "status-publish",
      "hentry"
    ],
    "acf": {
      "logo": {
        "ID": 30,
        "id": 30,
        "title": "Untitled design (1)",
        "filename": "Untitled-design-1-e1762371470578.png",
        "filesize": 218510,
        "url": "https://website.100px.lk/wp-content/uploads/2025/11/Untitled-design-1-e1762371470578.png",
        "link": "https://website.100px.lk/header/header/untitled-design-1/",
        "alt": "",
        "author": "1",
        "description": "",
        "caption": "",
        "name": "untitled-design-1",
        "status": "inherit",
        "uploaded_to": 29,
        "date": "2025-11-05 19:37:09",
        "modified": "2025-11-05 19:37:09",
        "menu_order": 0,
        "mime_type": "image/png",
        "type": "image",
        "subtype": "png",
        "icon": "https://website.100px.lk/wp-includes/images/media/default.png",
        "width": 1928,
        "height": 736,
        "sizes": {
          "thumbnail": "https://website.100px.lk/wp-content/uploads/2025/11/Untitled-design-1-e1762371470578-150x150.png",
          "thumbnail-width": 150,
          "thumbnail-height": 150,
          "medium": "https://website.100px.lk/wp-content/uploads/2025/11/Untitled-design-1-e1762371470578-300x115.png",
          "medium-width": 300,
          "medium-height": 115,
          "medium_large": "https://website.100px.lk/wp-content/uploads/2025/11/Untitled-design-1-e1762371470578-768x293.png",
          "medium_large-width": 768,
          "medium_large-height": 293,
          "large": "https://website.100px.lk/wp-content/uploads/2025/11/Untitled-design-1-e1762371470578-1024x391.png",
          "large-width": 1024,
          "large-height": 391,
          "1536x1536": "https://website.100px.lk/wp-content/uploads/2025/11/Untitled-design-1-e1762371470578-1536x586.png",
          "1536x1536-width": 1536,
          "1536x1536-height": 586,
          "2048x2048": "https://website.100px.lk/wp-content/uploads/2025/11/Untitled-design-1-2048x2048.png",
          "2048x2048-width": 2048,
          "2048x2048-height": 2048
        }
      },
      "menu_items": [
        {
          "acf_fc_layout": "menu_list",
          "menu_item_name": "Home",
          "menu_item_link": {
            "title": "home",
            "url": "https://website.100px.lk/home/",
            "target": ""
          }
        },
        {
          "acf_fc_layout": "menu_list",
          "menu_item_name": "Services",
          "menu_item_link": {
            "title": "Services",
            "url": "https://website.100px.lk/services/",
            "target": ""
          }
        },
        {
          "acf_fc_layout": "menu_list",
          "menu_item_name": "Gallery",
          "menu_item_link": {
            "title": "Gallery",
            "url": "https://website.100px.lk/gallery/",
            "target": ""
          }
        },
        {
          "acf_fc_layout": "menu_list",
          "menu_item_name": "Contact Us",
          "menu_item_link": {
            "title": "Contact Us",
            "url": "https://website.100px.lk/contact-us/",
            "target": ""
          }
        }
      ],
      "quick_button_text": "Book Your Session",
      "quick_button_link": {
        "title": "",
        "url": "https://calendyo.com/100px/",
        "target": "_blank"
      }
    },
    "_links": {
      "self": [
        {
          "href": "https://website.100px.lk/wp-json/wp/v2/header/29",
          "targetHints": {
            "allow": [
              "GET"
            ]
          }
        }
      ],
      "collection": [
        {
          "href": "https://website.100px.lk/wp-json/wp/v2/header"
        }
      ],
      "about": [
        {
          "href": "https://website.100px.lk/wp-json/wp/v2/types/header"
        }
      ],
      "wp:attachment": [
        {
          "href": "https://website.100px.lk/wp-json/wp/v2/media?parent=29"
        }
      ],
      "curies": [
        {
          "name": "wp",
          "href": "https://api.w.org/{rel}",
          "templated": true
        }
      ]
    }
  }
]
Parsed Header: {
  id: 29,
  hasACF: true,
  logoUrl: 'https://website.100px.lk/wp-content/uploads/2025/11/Untitled-design-1-e1762371470578.png',
  menuItemsCount: 4,
  buttonText: 'Book Your Session'
}
Footer API Response: [
  {
    "id": 299,
    "date": "2025-11-06T01:02:44",
    "date_gmt": "2025-11-06T01:02:44",
    "guid": {
      "rendered": "https://website.100px.lk/?post_type=footer&#038;p=299"
    },
    "modified": "2025-11-23T08:50:17",
    "modified_gmt": "2025-11-23T08:50:17",
    "slug": "footer",
    "status": "publish",
    "type": "footer",
    "link": "https://website.100px.lk/footer/footer/",
    "title": {
      "rendered": "Footer"
    },
    "content": {
      "rendered": "",
      "protected": false
    },
    "featured_media": 0,
    "template": "",
    "meta": {
      "_acf_changed": true
    },
    "class_list": [
      "post-299",
      "footer",
      "type-footer",
      "status-publish",
      "hentry"
    ],
    "acf": {
      "logo": {
        "ID": 30,
        "id": 30,
        "title": "Untitled design (1)",
        "filename": "Untitled-design-1-e1762371470578.png",
        "filesize": 218510,
        "url": "https://website.100px.lk/wp-content/uploads/2025/11/Untitled-design-1-e1762371470578.png",
        "link": "https://website.100px.lk/header/header/untitled-design-1/",
        "alt": "",
        "author": "1",
        "description": "",
        "caption": "",
        "name": "untitled-design-1",
        "status": "inherit",
        "uploaded_to": 29,
        "date": "2025-11-05 19:37:09",
        "modified": "2025-11-05 19:37:09",
        "menu_order": 0,
        "mime_type": "image/png",
        "type": "image",
        "subtype": "png",
        "icon": "https://website.100px.lk/wp-includes/images/media/default.png",
        "width": 1928,
        "height": 736,
        "sizes": {
          "thumbnail": "https://website.100px.lk/wp-content/uploads/2025/11/Untitled-design-1-e1762371470578-150x150.png",
          "thumbnail-width": 150,
          "thumbnail-height": 150,
          "medium": "https://website.100px.lk/wp-content/uploads/2025/11/Untitled-design-1-e1762371470578-300x115.png",
          "medium-width": 300,
          "medium-height": 115,
          "medium_large": "https://website.100px.lk/wp-content/uploads/2025/11/Untitled-design-1-e1762371470578-768x293.png",
          "medium_large-width": 768,
          "medium_large-height": 293,
          "large": "https://website.100px.lk/wp-content/uploads/2025/11/Untitled-design-1-e1762371470578-1024x391.png",
          "large-width": 1024,
          "large-height": 391,
          "1536x1536": "https://website.100px.lk/wp-content/uploads/2025/11/Untitled-design-1-e1762371470578-1536x586.png",
          "1536x1536-width": 1536,
          "1536x1536-height": 586,
          "2048x2048": "https://website.100px.lk/wp-content/uploads/2025/11/Untitled-design-1-2048x2048.png",
          "2048x2048-width": 2048,
          "2048x2048-height": 2048
        }
      },
      "menu": [
        {
          "acf_fc_layout": "menu_items",
          "menu_item_name": "Home",
          "menu_item_link": {
            "title": "home",
            "url": "https://website.100px.lk/home/",
            "target": ""
          }
        },
        {
          "acf_fc_layout": "menu_items",
          "menu_item_name": "Services",
          "menu_item_link": {
            "title": "Services",
            "url": "https://website.100px.lk/services/",
            "target": ""
          }
        },
        {
          "acf_fc_layout": "menu_items",
          "menu_item_name": "Gallery",
          "menu_item_link": {
            "title": "Gallery",
            "url": "https://website.100px.lk/gallery/",
            "target": ""
          }
        },
        {
          "acf_fc_layout": "menu_items",
          "menu_item_name": "Contact Us",
          "menu_item_link": {
            "title": "Contact Us",
            "url": "https://website.100px.lk/contact-us/",
            "target": ""
          }
        }
      ],
      "important_links": [
        {
          "acf_fc_layout": "important_links_list",
          "important_link_text": "Terms & Conditions",
          "important_links": {
            "title": "Terms & Conditions",
            "url": "https://website.100px.lk/terms-conditions/",
            "target": ""
          }
        },
        {
          "acf_fc_layout": "important_links_list",
          "important_link_text": "Privacy Policy ",
          "important_links": {
            "title": "Privacy Policy",
            "url": "https://website.100px.lk/privacy-policy/",
            "target": ""
          }
        },
        {
          "acf_fc_layout": "important_links_list",
          "important_link_text": "Refund Policy",
          "important_links": {
            "title": "Refund Policy",
            "url": "https://website.100px.lk/refund-policy/",
            "target": ""
          }
        }
      ],
      "icon_groups": [
        {
          "acf_fc_layout": "icon_list",
          "list_name": "Address",
          "list_content": "100px,\r\n09 Avissawella Rd,\r\nKaduwela."
        },
        {
          "acf_fc_layout": "icon_list",
          "list_name": "Phone",
          "list_content": "+94 76 400 5700"
        },
        {
          "acf_fc_layout": "icon_list",
          "list_name": "Whatsapp",
          "list_content": "+94 76 400 5700"
        },
        {
          "acf_fc_layout": "icon_list",
          "list_name": "Email",
          "list_content": "info@100px.lk"
        },
        {
          "acf_fc_layout": "icon_list",
          "list_name": "Open Hours",
          "list_content": "9.00AM - 6.00PM"
        }
      ],
      "social_media": [
        {
          "acf_fc_layout": "social_media_links",
          "social_media_name": "Linkedin",
          "social_media_links_items": {
            "title": "",
            "url": "#",
            "target": ""
          }
        },
        {
          "acf_fc_layout": "social_media_links",
          "social_media_name": "Facebook",
          "social_media_links_items": {
            "title": "",
            "url": "#",
            "target": ""
          }
        },
        {
          "acf_fc_layout": "social_media_links",
          "social_media_name": "Instagram",
          "social_media_links_items": {
            "title": "",
            "url": "#",
            "target": ""
          }
        },
        {
          "acf_fc_layout": "social_media_links",
          "social_media_name": "Pinterest",
          "social_media_links_items": {
            "title": "",
            "url": "#",
            "target": ""
          }
        }
      ]
    },
    "_links": {
      "self": [
        {
          "href": "https://website.100px.lk/wp-json/wp/v2/footer/299",
          "targetHints": {
            "allow": [
              "GET"
            ]
          }
        }
      ],
      "collection": [
        {
          "href": "https://website.100px.lk/wp-json/wp/v2/footer"
        }
      ],
      "about": [
        {
          "href": "https://website.100px.lk/wp-json/wp/v2/types/footer"
        }
      ],
      "wp:attachment": [
        {
          "href": "https://website.100px.lk/wp-json/wp/v2/media?parent=299"
        }
      ],
      "curies": [
        {
          "name": "wp",
          "href": "https://api.w.org/{rel}",
          "templated": true
        }
      ]
    }
  }
]
Parsed Footer: {
  id: 299,
  hasACF: true,
  logoUrl: 'https://website.100px.lk/wp-content/uploads/2025/11/Untitled-design-1-e1762371470578.png',
  menuItemsCount: 4,
  socialMediaCount: 4
}
Fetching WordPress service from: https://website.100px.lk//wp-json/wp/v2/service?slug=couple-portraits
Fetching WordPress header from: https://website.100px.lk//wp-json/wp/v2/header?slug=header
Fetching WordPress footer from: https://website.100px.lk//wp-json/wp/v2/footer?slug=footer
Fetching WordPress services page from: https://website.100px.lk//wp-json/wp/v2/pages?slug=services
Header API Response: [
  {
    "id": 29,
    "date": "2025-11-05T19:39:00",
    "date_gmt": "2025-11-05T19:39:00",
    "guid": {
      "rendered": "https://website.100px.lk/?post_type=header&#038;p=29"
    },
    "modified": "2025-11-06T22:45:40",
    "modified_gmt": "2025-11-06T22:45:40",
    "slug": "header",
    "status": "publish",
    "type": "header",
    "link": "https://website.100px.lk/header/header/",
    "title": {
      "rendered": "header"
    },
    "content": {
      "rendered": "",
      "protected": false
    },
    "featured_media": 0,
    "template": "",
    "meta": {
      "_acf_changed": true
    },
    "class_list": [
      "post-29",
      "header",
      "type-header",
      "status-publish",
      "hentry"
    ],
    "acf": {
      "logo": {
        "ID": 30,
        "id": 30,
        "title": "Untitled design (1)",
        "filename": "Untitled-design-1-e1762371470578.png",
        "filesize": 218510,
        "url": "https://website.100px.lk/wp-content/uploads/2025/11/Untitled-design-1-e1762371470578.png",
        "link": "https://website.100px.lk/header/header/untitled-design-1/",
        "alt": "",
        "author": "1",
        "description": "",
        "caption": "",
        "name": "untitled-design-1",
        "status": "inherit",
        "uploaded_to": 29,
        "date": "2025-11-05 19:37:09",
        "modified": "2025-11-05 19:37:09",
        "menu_order": 0,
        "mime_type": "image/png",
        "type": "image",
        "subtype": "png",
        "icon": "https://website.100px.lk/wp-includes/images/media/default.png",
        "width": 1928,
        "height": 736,
        "sizes": {
          "thumbnail": "https://website.100px.lk/wp-content/uploads/2025/11/Untitled-design-1-e1762371470578-150x150.png",
          "thumbnail-width": 150,
          "thumbnail-height": 150,
          "medium": "https://website.100px.lk/wp-content/uploads/2025/11/Untitled-design-1-e1762371470578-300x115.png",
          "medium-width": 300,
          "medium-height": 115,
          "medium_large": "https://website.100px.lk/wp-content/uploads/2025/11/Untitled-design-1-e1762371470578-768x293.png",
          "medium_large-width": 768,
          "medium_large-height": 293,
          "large": "https://website.100px.lk/wp-content/uploads/2025/11/Untitled-design-1-e1762371470578-1024x391.png",
          "large-width": 1024,
          "large-height": 391,
          "1536x1536": "https://website.100px.lk/wp-content/uploads/2025/11/Untitled-design-1-e1762371470578-1536x586.png",
          "1536x1536-width": 1536,
          "1536x1536-height": 586,
          "2048x2048": "https://website.100px.lk/wp-content/uploads/2025/11/Untitled-design-1-2048x2048.png",
          "2048x2048-width": 2048,
          "2048x2048-height": 2048
        }
      },
      "menu_items": [
        {
          "acf_fc_layout": "menu_list",
          "menu_item_name": "Home",
          "menu_item_link": {
            "title": "home",
            "url": "https://website.100px.lk/home/",
            "target": ""
          }
        },
        {
          "acf_fc_layout": "menu_list",
          "menu_item_name": "Services",
          "menu_item_link": {
            "title": "Services",
            "url": "https://website.100px.lk/services/",
            "target": ""
          }
        },
        {
          "acf_fc_layout": "menu_list",
          "menu_item_name": "Gallery",
          "menu_item_link": {
            "title": "Gallery",
            "url": "https://website.100px.lk/gallery/",
            "target": ""
          }
        },
        {
          "acf_fc_layout": "menu_list",
          "menu_item_name": "Contact Us",
          "menu_item_link": {
            "title": "Contact Us",
            "url": "https://website.100px.lk/contact-us/",
            "target": ""
          }
        }
      ],
      "quick_button_text": "Book Your Session",
      "quick_button_link": {
        "title": "",
        "url": "https://calendyo.com/100px/",
        "target": "_blank"
      }
    },
    "_links": {
      "self": [
        {
          "href": "https://website.100px.lk/wp-json/wp/v2/header/29",
          "targetHints": {
            "allow": [
              "GET"
            ]
          }
        }
      ],
      "collection": [
        {
          "href": "https://website.100px.lk/wp-json/wp/v2/header"
        }
      ],
      "about": [
        {
          "href": "https://website.100px.lk/wp-json/wp/v2/types/header"
        }
      ],
      "wp:attachment": [
        {
          "href": "https://website.100px.lk/wp-json/wp/v2/media?parent=29"
        }
      ],
      "curies": [
        {
          "name": "wp",
          "href": "https://api.w.org/{rel}",
          "templated": true
        }
      ]
    }
  }
]
Parsed Header: {
  id: 29,
  hasACF: true,
  logoUrl: 'https://website.100px.lk/wp-content/uploads/2025/11/Untitled-design-1-e1762371470578.png',
  menuItemsCount: 4,
  buttonText: 'Book Your Session'
}
Footer API Response: [
  {
    "id": 299,
    "date": "2025-11-06T01:02:44",
    "date_gmt": "2025-11-06T01:02:44",
    "guid": {
      "rendered": "https://website.100px.lk/?post_type=footer&#038;p=299"
    },
    "modified": "2025-11-23T08:50:17",
    "modified_gmt": "2025-11-23T08:50:17",
    "slug": "footer",
    "status": "publish",
    "type": "footer",
    "link": "https://website.100px.lk/footer/footer/",
    "title": {
      "rendered": "Footer"
    },
    "content": {
      "rendered": "",
      "protected": false
    },
    "featured_media": 0,
    "template": "",
    "meta": {
      "_acf_changed": true
    },
    "class_list": [
      "post-299",
      "footer",
      "type-footer",
      "status-publish",
      "hentry"
    ],
    "acf": {
      "logo": {
        "ID": 30,
        "id": 30,
        "title": "Untitled design (1)",
        "filename": "Untitled-design-1-e1762371470578.png",
        "filesize": 218510,
        "url": "https://website.100px.lk/wp-content/uploads/2025/11/Untitled-design-1-e1762371470578.png",
        "link": "https://website.100px.lk/header/header/untitled-design-1/",
        "alt": "",
        "author": "1",
        "description": "",
        "caption": "",
        "name": "untitled-design-1",
        "status": "inherit",
        "uploaded_to": 29,
        "date": "2025-11-05 19:37:09",
        "modified": "2025-11-05 19:37:09",
        "menu_order": 0,
        "mime_type": "image/png",
        "type": "image",
        "subtype": "png",
        "icon": "https://website.100px.lk/wp-includes/images/media/default.png",
        "width": 1928,
        "height": 736,
        "sizes": {
          "thumbnail": "https://website.100px.lk/wp-content/uploads/2025/11/Untitled-design-1-e1762371470578-150x150.png",
          "thumbnail-width": 150,
          "thumbnail-height": 150,
          "medium": "https://website.100px.lk/wp-content/uploads/2025/11/Untitled-design-1-e1762371470578-300x115.png",
          "medium-width": 300,
          "medium-height": 115,
          "medium_large": "https://website.100px.lk/wp-content/uploads/2025/11/Untitled-design-1-e1762371470578-768x293.png",
          "medium_large-width": 768,
          "medium_large-height": 293,
          "large": "https://website.100px.lk/wp-content/uploads/2025/11/Untitled-design-1-e1762371470578-1024x391.png",
          "large-width": 1024,
          "large-height": 391,
          "1536x1536": "https://website.100px.lk/wp-content/uploads/2025/11/Untitled-design-1-e1762371470578-1536x586.png",
          "1536x1536-width": 1536,
          "1536x1536-height": 586,
          "2048x2048": "https://website.100px.lk/wp-content/uploads/2025/11/Untitled-design-1-2048x2048.png",
          "2048x2048-width": 2048,
          "2048x2048-height": 2048
        }
      },
      "menu": [
        {
          "acf_fc_layout": "menu_items",
          "menu_item_name": "Home",
          "menu_item_link": {
            "title": "home",
            "url": "https://website.100px.lk/home/",
            "target": ""
          }
        },
        {
          "acf_fc_layout": "menu_items",
          "menu_item_name": "Services",
          "menu_item_link": {
            "title": "Services",
            "url": "https://website.100px.lk/services/",
            "target": ""
          }
        },
        {
          "acf_fc_layout": "menu_items",
          "menu_item_name": "Gallery",
          "menu_item_link": {
            "title": "Gallery",
            "url": "https://website.100px.lk/gallery/",
            "target": ""
          }
        },
        {
          "acf_fc_layout": "menu_items",
          "menu_item_name": "Contact Us",
          "menu_item_link": {
            "title": "Contact Us",
            "url": "https://website.100px.lk/contact-us/",
            "target": ""
          }
        }
      ],
      "important_links": [
        {
          "acf_fc_layout": "important_links_list",
          "important_link_text": "Terms & Conditions",
          "important_links": {
            "title": "Terms & Conditions",
            "url": "https://website.100px.lk/terms-conditions/",
            "target": ""
          }
        },
        {
          "acf_fc_layout": "important_links_list",
          "important_link_text": "Privacy Policy ",
          "important_links": {
            "title": "Privacy Policy",
            "url": "https://website.100px.lk/privacy-policy/",
            "target": ""
          }
        },
        {
          "acf_fc_layout": "important_links_list",
          "important_link_text": "Refund Policy",
          "important_links": {
            "title": "Refund Policy",
            "url": "https://website.100px.lk/refund-policy/",
            "target": ""
          }
        }
      ],
      "icon_groups": [
        {
          "acf_fc_layout": "icon_list",
          "list_name": "Address",
          "list_content": "100px,\r\n09 Avissawella Rd,\r\nKaduwela."
        },
        {
          "acf_fc_layout": "icon_list",
          "list_name": "Phone",
          "list_content": "+94 76 400 5700"
        },
        {
          "acf_fc_layout": "icon_list",
          "list_name": "Whatsapp",
          "list_content": "+94 76 400 5700"
        },
        {
          "acf_fc_layout": "icon_list",
          "list_name": "Email",
          "list_content": "info@100px.lk"
        },
        {
          "acf_fc_layout": "icon_list",
          "list_name": "Open Hours",
          "list_content": "9.00AM - 6.00PM"
        }
      ],
      "social_media": [
        {
          "acf_fc_layout": "social_media_links",
          "social_media_name": "Linkedin",
          "social_media_links_items": {
            "title": "",
            "url": "#",
            "target": ""
          }
        },
        {
          "acf_fc_layout": "social_media_links",
          "social_media_name": "Facebook",
          "social_media_links_items": {
            "title": "",
            "url": "#",
            "target": ""
          }
        },
        {
          "acf_fc_layout": "social_media_links",
          "social_media_name": "Instagram",
          "social_media_links_items": {
            "title": "",
            "url": "#",
            "target": ""
          }
        },
        {
          "acf_fc_layout": "social_media_links",
          "social_media_name": "Pinterest",
          "social_media_links_items": {
            "title": "",
            "url": "#",
            "target": ""
          }
        }
      ]
    },
    "_links": {
      "self": [
        {
          "href": "https://website.100px.lk/wp-json/wp/v2/footer/299",
          "targetHints": {
            "allow": [
              "GET"
            ]
          }
        }
      ],
      "collection": [
        {
          "href": "https://website.100px.lk/wp-json/wp/v2/footer"
        }
      ],
      "about": [
        {
          "href": "https://website.100px.lk/wp-json/wp/v2/types/footer"
        }
      ],
      "wp:attachment": [
        {
          "href": "https://website.100px.lk/wp-json/wp/v2/media?parent=299"
        }
      ],
      "curies": [
        {
          "name": "wp",
          "href": "https://api.w.org/{rel}",
          "templated": true
        }
      ]
    }
  }
]
Parsed Footer: {
  id: 299,
  hasACF: true,
  logoUrl: 'https://website.100px.lk/wp-content/uploads/2025/11/Untitled-design-1-e1762371470578.png',
  menuItemsCount: 4,
  socialMediaCount: 4
}
Successfully fetched 8 services from WordPress (all pages)
 ⚠ Unsupported metadata viewport is configured in metadata export in /services. Please move it to viewport export instead.
Read more: https://nextjs.org/docs/app/api-reference/functions/generate-viewport
Fetching WordPress header from: https://website.100px.lk//wp-json/wp/v2/header?slug=header
Fetching WordPress footer from: https://website.100px.lk//wp-json/wp/v2/footer?slug=footer
Fetching WordPress page from: https://website.100px.lk//wp-json/wp/v2/pages?slug=terms-conditions
Header API Response: [
  {
    "id": 29,
    "date": "2025-11-05T19:39:00",
    "date_gmt": "2025-11-05T19:39:00",
    "guid": {
      "rendered": "https://website.100px.lk/?post_type=header&#038;p=29"
    },
    "modified": "2025-11-06T22:45:40",
    "modified_gmt": "2025-11-06T22:45:40",
    "slug": "header",
    "status": "publish",
    "type": "header",
    "link": "https://website.100px.lk/header/header/",
    "title": {
      "rendered": "header"
    },
    "content": {
      "rendered": "",
      "protected": false
    },
    "featured_media": 0,
    "template": "",
    "meta": {
      "_acf_changed": true
    },
    "class_list": [
      "post-29",
      "header",
      "type-header",
      "status-publish",
      "hentry"
    ],
    "acf": {
      "logo": {
        "ID": 30,
        "id": 30,
        "title": "Untitled design (1)",
        "filename": "Untitled-design-1-e1762371470578.png",
        "filesize": 218510,
        "url": "https://website.100px.lk/wp-content/uploads/2025/11/Untitled-design-1-e1762371470578.png",
        "link": "https://website.100px.lk/header/header/untitled-design-1/",
        "alt": "",
        "author": "1",
        "description": "",
        "caption": "",
        "name": "untitled-design-1",
        "status": "inherit",
        "uploaded_to": 29,
        "date": "2025-11-05 19:37:09",
        "modified": "2025-11-05 19:37:09",
        "menu_order": 0,
        "mime_type": "image/png",
        "type": "image",
        "subtype": "png",
        "icon": "https://website.100px.lk/wp-includes/images/media/default.png",
        "width": 1928,
        "height": 736,
        "sizes": {
          "thumbnail": "https://website.100px.lk/wp-content/uploads/2025/11/Untitled-design-1-e1762371470578-150x150.png",
          "thumbnail-width": 150,
          "thumbnail-height": 150,
          "medium": "https://website.100px.lk/wp-content/uploads/2025/11/Untitled-design-1-e1762371470578-300x115.png",
          "medium-width": 300,
          "medium-height": 115,
          "medium_large": "https://website.100px.lk/wp-content/uploads/2025/11/Untitled-design-1-e1762371470578-768x293.png",
          "medium_large-width": 768,
          "medium_large-height": 293,
          "large": "https://website.100px.lk/wp-content/uploads/2025/11/Untitled-design-1-e1762371470578-1024x391.png",
          "large-width": 1024,
          "large-height": 391,
          "1536x1536": "https://website.100px.lk/wp-content/uploads/2025/11/Untitled-design-1-e1762371470578-1536x586.png",
          "1536x1536-width": 1536,
          "1536x1536-height": 586,
          "2048x2048": "https://website.100px.lk/wp-content/uploads/2025/11/Untitled-design-1-2048x2048.png",
          "2048x2048-width": 2048,
          "2048x2048-height": 2048
        }
      },
      "menu_items": [
        {
          "acf_fc_layout": "menu_list",
          "menu_item_name": "Home",
          "menu_item_link": {
            "title": "home",
            "url": "https://website.100px.lk/home/",
            "target": ""
          }
        },
        {
          "acf_fc_layout": "menu_list",
          "menu_item_name": "Services",
          "menu_item_link": {
            "title": "Services",
            "url": "https://website.100px.lk/services/",
            "target": ""
          }
        },
        {
          "acf_fc_layout": "menu_list",
          "menu_item_name": "Gallery",
          "menu_item_link": {
            "title": "Gallery",
            "url": "https://website.100px.lk/gallery/",
            "target": ""
          }
        },
        {
          "acf_fc_layout": "menu_list",
          "menu_item_name": "Contact Us",
          "menu_item_link": {
            "title": "Contact Us",
            "url": "https://website.100px.lk/contact-us/",
            "target": ""
          }
        }
      ],
      "quick_button_text": "Book Your Session",
      "quick_button_link": {
        "title": "",
        "url": "https://calendyo.com/100px/",
        "target": "_blank"
      }
    },
    "_links": {
      "self": [
        {
          "href": "https://website.100px.lk/wp-json/wp/v2/header/29",
          "targetHints": {
            "allow": [
              "GET"
            ]
          }
        }
      ],
      "collection": [
        {
          "href": "https://website.100px.lk/wp-json/wp/v2/header"
        }
      ],
      "about": [
        {
          "href": "https://website.100px.lk/wp-json/wp/v2/types/header"
        }
      ],
      "wp:attachment": [
        {
          "href": "https://website.100px.lk/wp-json/wp/v2/media?parent=29"
        }
      ],
      "curies": [
        {
          "name": "wp",
          "href": "https://api.w.org/{rel}",
          "templated": true
        }
      ]
    }
  }
]
Parsed Header: {
  id: 29,
  hasACF: true,
  logoUrl: 'https://website.100px.lk/wp-content/uploads/2025/11/Untitled-design-1-e1762371470578.png',
  menuItemsCount: 4,
  buttonText: 'Book Your Session'
}
Footer API Response: [
  {
    "id": 299,
    "date": "2025-11-06T01:02:44",
    "date_gmt": "2025-11-06T01:02:44",
    "guid": {
      "rendered": "https://website.100px.lk/?post_type=footer&#038;p=299"
    },
    "modified": "2025-11-23T08:50:17",
    "modified_gmt": "2025-11-23T08:50:17",
    "slug": "footer",
    "status": "publish",
    "type": "footer",
    "link": "https://website.100px.lk/footer/footer/",
    "title": {
      "rendered": "Footer"
    },
    "content": {
      "rendered": "",
      "protected": false
    },
    "featured_media": 0,
    "template": "",
    "meta": {
      "_acf_changed": true
    },
    "class_list": [
      "post-299",
      "footer",
      "type-footer",
      "status-publish",
      "hentry"
    ],
    "acf": {
      "logo": {
        "ID": 30,
        "id": 30,
        "title": "Untitled design (1)",
        "filename": "Untitled-design-1-e1762371470578.png",
        "filesize": 218510,
        "url": "https://website.100px.lk/wp-content/uploads/2025/11/Untitled-design-1-e1762371470578.png",
        "link": "https://website.100px.lk/header/header/untitled-design-1/",
        "alt": "",
        "author": "1",
        "description": "",
        "caption": "",
        "name": "untitled-design-1",
        "status": "inherit",
        "uploaded_to": 29,
        "date": "2025-11-05 19:37:09",
        "modified": "2025-11-05 19:37:09",
        "menu_order": 0,
        "mime_type": "image/png",
        "type": "image",
        "subtype": "png",
        "icon": "https://website.100px.lk/wp-includes/images/media/default.png",
        "width": 1928,
        "height": 736,
        "sizes": {
          "thumbnail": "https://website.100px.lk/wp-content/uploads/2025/11/Untitled-design-1-e1762371470578-150x150.png",
          "thumbnail-width": 150,
          "thumbnail-height": 150,
          "medium": "https://website.100px.lk/wp-content/uploads/2025/11/Untitled-design-1-e1762371470578-300x115.png",
          "medium-width": 300,
          "medium-height": 115,
          "medium_large": "https://website.100px.lk/wp-content/uploads/2025/11/Untitled-design-1-e1762371470578-768x293.png",
          "medium_large-width": 768,
          "medium_large-height": 293,
          "large": "https://website.100px.lk/wp-content/uploads/2025/11/Untitled-design-1-e1762371470578-1024x391.png",
          "large-width": 1024,
          "large-height": 391,
          "1536x1536": "https://website.100px.lk/wp-content/uploads/2025/11/Untitled-design-1-e1762371470578-1536x586.png",
          "1536x1536-width": 1536,
          "1536x1536-height": 586,
          "2048x2048": "https://website.100px.lk/wp-content/uploads/2025/11/Untitled-design-1-2048x2048.png",
          "2048x2048-width": 2048,
          "2048x2048-height": 2048
        }
      },
      "menu": [
        {
          "acf_fc_layout": "menu_items",
          "menu_item_name": "Home",
          "menu_item_link": {
            "title": "home",
            "url": "https://website.100px.lk/home/",
            "target": ""
          }
        },
        {
          "acf_fc_layout": "menu_items",
          "menu_item_name": "Services",
          "menu_item_link": {
            "title": "Services",
            "url": "https://website.100px.lk/services/",
            "target": ""
          }
        },
        {
          "acf_fc_layout": "menu_items",
          "menu_item_name": "Gallery",
          "menu_item_link": {
            "title": "Gallery",
            "url": "https://website.100px.lk/gallery/",
            "target": ""
          }
        },
        {
          "acf_fc_layout": "menu_items",
          "menu_item_name": "Contact Us",
          "menu_item_link": {
            "title": "Contact Us",
            "url": "https://website.100px.lk/contact-us/",
            "target": ""
          }
        }
      ],
      "important_links": [
        {
          "acf_fc_layout": "important_links_list",
          "important_link_text": "Terms & Conditions",
          "important_links": {
            "title": "Terms & Conditions",
            "url": "https://website.100px.lk/terms-conditions/",
            "target": ""
          }
        },
        {
          "acf_fc_layout": "important_links_list",
          "important_link_text": "Privacy Policy ",
          "important_links": {
            "title": "Privacy Policy",
            "url": "https://website.100px.lk/privacy-policy/",
            "target": ""
          }
        },
        {
          "acf_fc_layout": "important_links_list",
          "important_link_text": "Refund Policy",
          "important_links": {
            "title": "Refund Policy",
            "url": "https://website.100px.lk/refund-policy/",
            "target": ""
          }
        }
      ],
      "icon_groups": [
        {
          "acf_fc_layout": "icon_list",
          "list_name": "Address",
          "list_content": "100px,\r\n09 Avissawella Rd,\r\nKaduwela."
        },
        {
          "acf_fc_layout": "icon_list",
          "list_name": "Phone",
          "list_content": "+94 76 400 5700"
        },
        {
          "acf_fc_layout": "icon_list",
          "list_name": "Whatsapp",
          "list_content": "+94 76 400 5700"
        },
        {
          "acf_fc_layout": "icon_list",
          "list_name": "Email",
          "list_content": "info@100px.lk"
        },
        {
          "acf_fc_layout": "icon_list",
          "list_name": "Open Hours",
          "list_content": "9.00AM - 6.00PM"
        }
      ],
      "social_media": [
        {
          "acf_fc_layout": "social_media_links",
          "social_media_name": "Linkedin",
          "social_media_links_items": {
            "title": "",
            "url": "#",
            "target": ""
          }
        },
        {
          "acf_fc_layout": "social_media_links",
          "social_media_name": "Facebook",
          "social_media_links_items": {
            "title": "",
            "url": "#",
            "target": ""
          }
        },
        {
          "acf_fc_layout": "social_media_links",
          "social_media_name": "Instagram",
          "social_media_links_items": {
            "title": "",
            "url": "#",
            "target": ""
          }
        },
        {
          "acf_fc_layout": "social_media_links",
          "social_media_name": "Pinterest",
          "social_media_links_items": {
            "title": "",
            "url": "#",
            "target": ""
          }
        }
      ]
    },
    "_links": {
      "self": [
        {
          "href": "https://website.100px.lk/wp-json/wp/v2/footer/299",
          "targetHints": {
            "allow": [
              "GET"
            ]
          }
        }
      ],
      "collection": [
        {
          "href": "https://website.100px.lk/wp-json/wp/v2/footer"
        }
      ],
      "about": [
        {
          "href": "https://website.100px.lk/wp-json/wp/v2/types/footer"
        }
      ],
      "wp:attachment": [
        {
          "href": "https://website.100px.lk/wp-json/wp/v2/media?parent=299"
        }
      ],
      "curies": [
        {
          "name": "wp",
          "href": "https://api.w.org/{rel}",
          "templated": true
        }
      ]
    }
  }
]
Parsed Footer: {
  id: 299,
  hasACF: true,
  logoUrl: 'https://website.100px.lk/wp-content/uploads/2025/11/Untitled-design-1-e1762371470578.png',
  menuItemsCount: 4,
  socialMediaCount: 4
}
 ⚠ Unsupported metadata viewport is configured in metadata export in /terms-conditions. Please move it to viewport export instead.
Read more: https://nextjs.org/docs/app/api-reference/functions/generate-viewport
 ⚠ Unsupported metadata viewport is configured in metadata export in /services/[slug]. Please move it to viewport export instead.
Read more: https://nextjs.org/docs/app/api-reference/functions/generate-viewport
 ⚠ Unsupported metadata viewport is configured in metadata export in /services/[slug]. Please move it to viewport export instead.
Read more: https://nextjs.org/docs/app/api-reference/functions/generate-viewport
 ⚠ Unsupported metadata viewport is configured in metadata export in /services/[slug]. Please move it to viewport export instead.
Read more: https://nextjs.org/docs/app/api-reference/functions/generate-viewport
 ⚠ Unsupported metadata viewport is configured in metadata export in /services/[slug]. Please move it to viewport export instead.
Read more: https://nextjs.org/docs/app/api-reference/functions/generate-viewport
 ✓ Generating static pages (22/22) in 24.8s
   Finalizing page optimization ...

Route (app)                                         Revalidate  Expire
┌ ○ /                                                       5m      1y
├ ○ /_not-found                                             5m      1y
├ ● /additional-services/[slug]                             5m      1y
│ ├ /additional-services/corporate-business-shoots          5m      1y
│ └ /additional-services/clothing-brand-shoots              5m      1y
├ ƒ /additional-services/[slug]/[companySlug]
├ ○ /contact-us                                             5m      1y
├ ○ /gallery                                                5m      1y
├ ƒ /gallery/[albumSlug]
├ ○ /posts                                                  1m      1y
├ ● /posts/[slug]                                           1m      1y
│ └ /posts/hello-world                                      1m      1y
├ ○ /privacy-policy                                         5m      1y
├ ○ /refund-policy                                          5m      1y
├ ○ /services                                               5m      1y
├ ● /services/[slug]                                        5m      1y
│ ├ /services/special-celebration-portraits                 5m      1y
│ ├ /services/fashion-creative-portraits                    5m      1y
│ ├ /services/special-graduation-couple-package             5m      1y
│ └ [+5 more paths]
├ ƒ /services/[slug]/[albumSlug]
└ ○ /terms-conditions                                       5m      1y


○  (Static)   prerendered as static content
●  (SSG)      prerendered as static HTML (uses generateStaticParams)
ƒ  (Dynamic)  server-rendered on demand

